
> supabase-helpdesk@0.1.0 test:e2e
> npx playwright test

Γùç injected env (4) from .env.test // tip: Γîÿ suppress logs { quiet: true }
[1A[2K[2m[WebServer] [22m[2026-05-21T13:43:54.921Z] 
[2m[WebServer] [22m=== run-server.js started pid=43712 ===

node.exe : [1A[2K[2m[WebServer] [22m(node:43712) [DEP0190] 
DeprecationWarning: Passing args to a child process with shell option true can 
lead to security vulnerabilities, as the arguments are not escaped, only 
concatenated.
At line:1 char:1
+ & "C:\Program Files\nodejs/node.exe" "C:\Program Files\nodejs/node_mo ...
+ ~~~~~~~~~~~~~~~~~~~~~~~~~~~~~~~~~~~~~~~~~~~~~~~~~~~~~~~~~~~~~~~~~~~~~
    + CategoryInfo          : NotSpecified: ([1A[2K[2m[We...y concatenated. 
   :String) [], RemoteException
    + FullyQualifiedErrorId : NativeCommandError
 
[2m[WebServer] [22m(Use `node --trace-deprecation ...` to show where the 
warning was created)

[1A[2K[2m[WebServer] [22m
[2m[WebServer] [22m> supabase-helpdesk@0.1.0 build
[2m[WebServer] [22m> next build
[2m[WebServer] [22m

[1A[2K[2m[WebServer] [22m[1m[38;2;173;127;168mΓû▓ Next.js 16.2.3[39m[22m (Turbopack)

[1A[2K[2m[WebServer] [22m- Environments: .env.local
[2m[WebServer] [22m

[1A[2K[2m[WebServer] [22m[37m[1m [22m[39m Creating an optimized production build ...

[1A[2K[2m[WebServer] [22m[32m[1mΓ£ô[22m[39m Compiled successfully in 8.3s

[1A[2K[2m[WebServer] [22m[37m[1m [22m[39m Running TypeScript ...

[1A[2K[2m[WebServer] [22m[37m[1m [22m[39m Finished TypeScript in 11.1s ...

[1A[2K[2m[WebServer] [22m[37m[1m [22m[39m Collecting page data using 15 workers ...

[1A[2K[2m[WebServer] [22m[37m[1m [22m[39m Generating static pages using 15 workers (0/47) ...

[1A[2K[2m[WebServer] [22m[37m[1m [22m[39m Generating static pages using 15 workers (11/47) 

[1A[2K[2m[WebServer] [22m[37m[1m [22m[39m Generating static pages using 15 workers (23/47) 

[1A[2K[2m[WebServer] [22m[37m[1m [22m[39m Generating static pages using 15 workers (35/47) 

[1A[2K[2m[WebServer] [22m[32m[1mΓ£ô[22m[39m Generating static pages using 15 workers (47/47) in 372ms

[1A[2K[2m[WebServer] [22m[37m[1m [22m[39m Finalizing page optimization ...

[1A[2K[2m[WebServer] [22m

[1A[2K[2m[WebServer] [22m[4mRoute (app)[24m
[2m[WebServer] [22mΓöî ╞Æ /
[2m[WebServer] [22mΓö£ Γùï /_not-found
[2m[WebServer] [22mΓö£ ╞Æ /admin
[2m[WebServer] [22mΓö£ ╞Æ /admin/agents
[2m[WebServer] [22mΓö£ ╞Æ /admin/ai
[2m[WebServer] [22mΓö£ ╞Æ /admin/audit-log
[2m[WebServer] [22mΓö£ ╞Æ /admin/auth
[2m[WebServer] [22mΓö£ ╞Æ /admin/categories
[2m[WebServer] [22mΓö£ ╞Æ /admin/csat
[2m[WebServer] [22mΓö£ ╞Æ /admin/custom-fields
[2m[WebServer] [22mΓö£ ╞Æ /admin/email
[2m[WebServer] [22mΓö£ ╞Æ /admin/file-settings
[2m[WebServer] [22mΓö£ ╞Æ /admin/inbound-email
[2m[WebServer] [22mΓö£ ╞Æ /admin/kb-categories
[2m[WebServer] [22mΓö£ ╞Æ /admin/pagination
[2m[WebServer] [22mΓö£ ╞Æ /admin/privacy
[2m[WebServer] [22mΓö£ ╞Æ /admin/rate-limit
[2m[WebServer] [22mΓö£ ╞Æ /admin/sla
[2m[WebServer] [22mΓö£ ╞Æ /admin/survey-templates
[2m[WebServer] [22mΓö£ ╞Æ /admin/survey-templates/[key]
[2m[WebServer] [22mΓö£ ╞Æ /admin/tags
[2m[WebServer] [22mΓö£ ╞Æ /admin/teams
[2m[WebServer] [22mΓö£ ╞Æ /admin/templates
[2m[WebServer] [22mΓö£ ╞Æ /admin/tiers
[2m[WebServer] [22mΓö£ ╞Æ /admin/types
[2m[WebServer] [22mΓö£ ╞Æ /admin/user-settings
[2m[WebServer] [22mΓö£ ╞Æ /admin/users
[2m[WebServer] [22mΓö£ ╞Æ /agent
[2m[WebServer] [22mΓö£ ╞Æ /agent/users/[userId]
[2m[WebServer] [22mΓö£ ╞Æ /api/cron/notifications
[2m[WebServer] [22mΓö£ ╞Æ /api/cron/sla
[2m[WebServer] [22mΓö£ ╞Æ /api/inbound-email
[2m[WebServer] [22mΓö£ ╞Æ /api/tiers/assign
[2m[WebServer] [22mΓö£ ╞Æ /attachments/[id]
[2m[WebServer] [22mΓö£ ╞Æ /auth/callback
[2m[WebServer] [22mΓö£ ╞Æ /canned-responses
[2m[WebServer] [22mΓö£ ╞Æ /csat/[token]
[2m[WebServer] [22mΓö£ ╞Æ /forgot-password
[2m[WebServer] [22mΓö£ ╞Æ /help
[2m[WebServer] [22mΓö£ ╞Æ /help/[id]/[...slugParts]
[2m[WebServer] [22mΓö£ ╞Æ /kb/manage
[2m[WebServer] [22mΓö£ ╞Æ /kb/manage/[id]
[2m[WebServer] [22mΓö£ ╞Æ /kb/manage/new
[2m[WebServer] [22mΓö£ ╞Æ /login
[2m[WebServer] [22mΓö£ ╞Æ /notification-settings
[2m[WebServer] [22mΓö£ ╞Æ /notifications
[2m[WebServer] [22mΓö£ ╞Æ /profile
[2m[WebServer] [22mΓö£ ╞Æ /reports
[2m[WebServer] [22mΓö£ ╞Æ /reset-password
[2m[WebServer] [22mΓö£ ╞Æ /signup
[2m[WebServer] [22mΓö£ ╞Æ /tickets
[2m[WebServer] [22mΓö£ ╞Æ /tickets/[id]/[slug]
[2m[WebServer] [22mΓö£ ╞Æ /tickets/new
[2m[WebServer] [22mΓöö ╞Æ /tickets/public
[2m[WebServer] [22m
[2m[WebServer] [22m
[2m[WebServer] [22m╞Æ Proxy (Middleware)
[2m[WebServer] [22m

[1A[2K[2m[WebServer] [22mΓùï  (Static)   prerendered as static content
[2m[WebServer] [22m╞Æ  (Dynamic)  server-rendered on demand
[2m[WebServer] [22m

[1A[2K[2m[WebServer] [22m[2026-05-21T13:44:17.036Z] === npm run build exited code=0 signal=null ===

[1A[2K[2m[WebServer] [22m[2026-05-21T13:44:17.050Z] === next start spawned pid=30608 NODE_OPTIONS="--max-old-space-size=4096" ===

[1A[2K[2m[WebServer] [22m
[2m[WebServer] [22m> supabase-helpdesk@0.1.0 start
[2m[WebServer] [22m> next start
[2m[WebServer] [22m

[1A[2K[2m[WebServer] [22m[1m[38;2;173;127;168mΓû▓ Next.js 16.2.3[39m[22m

[1A[2K[2m[WebServer] [22m- Local:         http://localhost:3000
[2m[WebServer] [22m- Network:       http://172.18.192.1:3000

[1A[2K[2m[WebServer] [22m[32m[1mΓ£ô[22m[39m Ready in 107ms


Running 350 tests using 4 workers

[1A[2KΓùç injected env (0) from .env.test // tip: Γùê encrypted .env [www.dotenvx.com]

[1A[2KΓùç injected env (0) from .env.test // tip: Γùê encrypted .env [www.dotenvx.com]

[1A[2KΓùç injected env (0) from .env.test // tip: Γîÿ enable debugging { debug: true }

[1A[2KΓùç injected env (0) from .env.test // tip: Γîÿ multiple files { path: ['.env.local', '.env'] }

[1A[2K[1/350] [chromium] ΓÇ║ tests\e2e\accessibility.spec.ts:59:9 ΓÇ║ Accessibility ΓÇ║ Login has no critical accessibility violations
[1A[2K[2/350] [chromium] ΓÇ║ tests\e2e\accessibility.spec.ts:78:11 ΓÇ║ Accessibility ΓÇ║ User pages ΓÇ║ My Tickets has no critical accessibility violations
[1A[2K[3/350] [chromium] ΓÇ║ tests\e2e\accessibility.spec.ts:78:11 ΓÇ║ Accessibility ΓÇ║ User pages ΓÇ║ Help Center has no critical accessibility violations
[1A[2K[4/350] [chromium] ΓÇ║ tests\e2e\accessibility.spec.ts:59:9 ΓÇ║ Accessibility ΓÇ║ Signup has no critical accessibility violations
[1A[2K[5/350] [chromium] ΓÇ║ tests\e2e\accessibility.spec.ts:78:11 ΓÇ║ Accessibility ΓÇ║ User pages ΓÇ║ Profile has no critical accessibility violations
[1A[2K[6/350] [chromium] ΓÇ║ tests\e2e\accessibility.spec.ts:101:11 ΓÇ║ Accessibility ΓÇ║ Agent pages ΓÇ║ Agent Dashboard has no critical accessibility violations
[1A[2K[7/350] [chromium] ΓÇ║ tests\e2e\accessibility.spec.ts:101:11 ΓÇ║ Accessibility ΓÇ║ Agent pages ΓÇ║ Notifications has no critical accessibility violations
[1A[2K[8/350] [chromium] ΓÇ║ tests\e2e\accessibility.spec.ts:101:11 ΓÇ║ Accessibility ΓÇ║ Agent pages ΓÇ║ Canned Responses has no critical accessibility violations
[1A[2K[9/350] [chromium] ΓÇ║ tests\e2e\accessibility.spec.ts:101:11 ΓÇ║ Accessibility ΓÇ║ Agent pages ΓÇ║ KB Management has no critical accessibility violations
[1A[2K[10/350] [chromium] ΓÇ║ tests\e2e\accessibility.spec.ts:121:11 ΓÇ║ Accessibility ΓÇ║ Admin pages ΓÇ║ Admin Setup has no critical accessibility violations
[1A[2K[11/350] [chromium] ΓÇ║ tests\e2e\accessibility.spec.ts:121:11 ΓÇ║ Accessibility ΓÇ║ Admin pages ΓÇ║ Reports has no critical accessibility violations
[1A[2K[12/350] [chromium] ΓÇ║ tests\e2e\admin-setup.spec.ts:28:7 ΓÇ║ Admin Setup layout ΓÇ║ admin can access Setup page and sees sidebar
[1A[2K[13/350] [chromium] ΓÇ║ tests\e2e\admin-setup.spec.ts:81:7 ΓÇ║ Agent management ΓÇ║ admin can promote a user to agent
[1A[2K[14/350] [chromium] ΓÇ║ tests\e2e\admin-setup.spec.ts:49:7 ΓÇ║ Admin Setup layout ΓÇ║ non-admin gets redirected from /admin
[1A[2K[15/350] [chromium] ΓÇ║ tests\e2e\admin-setup.spec.ts:141:7 ΓÇ║ Custom fields ΓÇ║ admin sees the custom-fields matrix
[1A[2K[16/350] [chromium] ΓÇ║ tests\e2e\admin-setup.spec.ts:297:7 ΓÇ║ Privacy settings ΓÇ║ admin can change privacy settings
[1A[2K[17/350] [chromium] ΓÇ║ tests\e2e\admin-setup.spec.ts:55:7 ΓÇ║ Admin Setup layout ΓÇ║ admin can open survey templates page
[1A[2K[18/350] [chromium] ΓÇ║ tests\e2e\admin-setup.spec.ts:148:7 ΓÇ║ Custom fields ΓÇ║ options column is conditional on field_type=dropdown
[1A[2K[19/350] [chromium] ΓÇ║ tests\e2e\admin-setup.spec.ts:313:7 ΓÇ║ Pagination settings ΓÇ║ admin can view and change pagination settings
[1A[2K[20/350] [chromium] ΓÇ║ tests\e2e\admin-setup.spec.ts:101:7 ΓÇ║ Agent management ΓÇ║ admin can demote agent to user
[1A[2K[21/350] [chromium] ΓÇ║ tests\e2e\admin-setup.spec.ts:328:7 ΓÇ║ Rate limit settings ΓÇ║ admin can change rate limit
[1A[2K[22/350] [chromium] ΓÇ║ tests\e2e\admin-setup.spec.ts:343:7 ΓÇ║ Templates ΓÇ║ admin can view and edit templates
[1A[2K[23/350] [chromium] ΓÇ║ tests\e2e\admin-setup.spec.ts:354:7 ΓÇ║ Templates ΓÇ║ admin can edit and reset a template
[1A[2K[24/350] [chromium] ΓÇ║ tests\e2e\admin-setup.spec.ts:181:7 ΓÇ║ Custom fields ΓÇ║ admin can create text, dropdown, and checkbox fields in one save
[1A[2K[25/350] [chromium] ΓÇ║ tests\e2e\admin-setup.spec.ts:400:7 ΓÇ║ Audit log ΓÇ║ audit log shows entries
[1A[2K[26/350] [chromium] ΓÇ║ tests\e2e\admin-setup.spec.ts:409:7 ΓÇ║ Audit log ΓÇ║ audit log filter by action type
[1A[2K[27/350] [chromium] ΓÇ║ tests\e2e\advanced-tickets.spec.ts:92:7 ΓÇ║ Advanced Tickets ΓÇ║ agent marks ticket as duplicate ΓåÆ ticket closes, system post appears
[1A[2K[28/350] [chromium] ΓÇ║ tests\e2e\admin-setup.spec.ts:231:7 ΓÇ║ Custom fields ΓÇ║ custom fields appear on ticket creation form
[1A[2K[29/350] [chromium] ΓÇ║ tests\e2e\agent-dashboard.spec.ts:22:7 ΓÇ║ Agent Dashboard ΓÇ║ agent sees "Agent Dashboard" link in nav
[1A[2K[30/350] [chromium] ΓÇ║ tests\e2e\admin-setup.spec.ts:240:7 ΓÇ║ Custom fields ΓÇ║ saving rewrites display_order to match matrix row order
[1A[2K[31/350] [chromium] ΓÇ║ tests\e2e\agent-dashboard.spec.ts:27:7 ΓÇ║ Agent Dashboard ΓÇ║ regular user does not see "Agent Dashboard" link
[1A[2K[32/350] [chromium] ΓÇ║ tests\e2e\advanced-tickets.spec.ts:111:7 ΓÇ║ Advanced Tickets ΓÇ║ agent removes duplicate link ΓåÆ label disappears
[1A[2K[33/350] [chromium] ΓÇ║ tests\e2e\agent-dashboard.spec.ts:138:7 ΓÇ║ Agent Ticket Detail Controls ΓÇ║ agent can change ticket status from detail page
[1A[2K[34/350] [chromium] ΓÇ║ tests\e2e\agent-dashboard.spec.ts:32:7 ΓÇ║ Agent Dashboard ΓÇ║ non-agent navigating to /agent is redirected
[1A[2K[35/350] [chromium] ΓÇ║ tests\e2e\admin-setup.spec.ts:275:7 ΓÇ║ Custom fields ΓÇ║ admin can delete a custom field
[1A[2K[36/350] [chromium] ΓÇ║ tests\e2e\advanced-tickets.spec.ts:123:7 ΓÇ║ Advanced Tickets ΓÇ║ regular user does not see Mark as Duplicate button
[1A[2K[37/350] [chromium] ΓÇ║ tests\e2e\agent-dashboard.spec.ts:39:7 ΓÇ║ Agent Dashboard ΓÇ║ dashboard loads with all tickets
[1A[2K[38/350] [chromium] ΓÇ║ tests\e2e\agent-dashboard.spec.ts:185:7 ΓÇ║ Agent Ticket Detail Controls ΓÇ║ agent can change urgency/severity from detail page
[1A[2K[39/350] [chromium] ΓÇ║ tests\e2e\advanced-tickets.spec.ts:130:7 ΓÇ║ Advanced Tickets ΓÇ║ agent merges source into target ΓåÆ source becomes read-only stub
[1A[2K[40/350] [chromium] ΓÇ║ tests\e2e\agent-dashboard.spec.ts:462:7 ΓÇ║ Consolidated Views & Filters Panel ΓÇ║ panel is collapsed by default
[1A[2K[41/350] [chromium] ΓÇ║ tests\e2e\agent-dashboard.spec.ts:49:7 ΓÇ║ Agent Dashboard ΓÇ║ status filter works
[1A[2K[42/350] [chromium] ΓÇ║ tests\e2e\agent-dashboard.spec.ts:58:7 ΓÇ║ Agent Dashboard ΓÇ║ search by title works (all-posts search)
[1A[2K[43/350] [chromium] ΓÇ║ tests\e2e\agent-dashboard.spec.ts:475:7 ΓÇ║ Consolidated Views & Filters Panel ΓÇ║ panel summary shows "Views & Filters: Default" when no view selected
[1A[2K[44/350] [chromium] ΓÇ║ tests\e2e\agent-dashboard.spec.ts:214:7 ΓÇ║ Agent Ticket Detail Controls ΓÇ║ severity/urgency/status dropdowns mirror DB defaults and cannot be cleared
[1A[2K[45/350] [chromium] ΓÇ║ tests\e2e\advanced-tickets.spec.ts:160:7 ΓÇ║ Advanced Tickets ΓÇ║ merged ticket stub is read-only ΓÇö no reply form
[1A[2K[46/350] [chromium] ΓÇ║ tests\e2e\agent-dashboard.spec.ts:484:7 ΓÇ║ Consolidated Views & Filters Panel ΓÇ║ panel summary shows current view name when view is applied
[1A[2K[47/350] [chromium] ΓÇ║ tests\e2e\advanced-tickets.spec.ts:176:7 ΓÇ║ Advanced Tickets ΓÇ║ admin sees delete button on open ticket
[1A[2K[48/350] [chromium] ΓÇ║ tests\e2e\agent-dashboard.spec.ts:259:7 ΓÇ║ Agent Ticket Detail Controls ΓÇ║ agent can change type/category from detail page
[1A[2K[49/350] [chromium] ΓÇ║ tests\e2e\agent-dashboard.spec.ts:73:7 ΓÇ║ Agent Dashboard ΓÇ║ filter by submitter email works
[1A[2K[50/350] [chromium] ΓÇ║ tests\e2e\advanced-tickets.spec.ts:183:7 ΓÇ║ Advanced Tickets ΓÇ║ non-admin does not see delete button
[1A[2K[2m[WebServer] [22m[2026-05-21T13:44:47.062Z] wrapper rss=50MB heap=5MB

[1A[2K[51/350] [chromium] ΓÇ║ tests\e2e\agent-dashboard.spec.ts:292:7 ΓÇ║ Agent Ticket Detail Controls ΓÇ║ agent can toggle privacy from detail page
[1A[2K[52/350] [chromium] ΓÇ║ tests\e2e\agent-dashboard.spec.ts:514:7 ΓÇ║ Consolidated Views & Filters Panel ΓÇ║ can expand and collapse panel
[1A[2K[53/350] [chromium] ΓÇ║ tests\e2e\agent-dashboard.spec.ts:88:7 ΓÇ║ Agent Dashboard ΓÇ║ sort toggles work
[1A[2K[54/350] [chromium] ΓÇ║ tests\e2e\advanced-tickets.spec.ts:190:7 ΓÇ║ Advanced Tickets ΓÇ║ agent dashboard shows checkboxes on ticket list
[1A[2K[55/350] [chromium] ΓÇ║ tests\e2e\advanced-tickets.spec.ts:197:7 ΓÇ║ Advanced Tickets ΓÇ║ select all checkbox works and shows bulk toolbar
[1A[2K[56/350] [chromium] ΓÇ║ tests\e2e\agent-dashboard.spec.ts:95:7 ΓÇ║ Agent Dashboard ΓÇ║ pagination works
[1A[2K[57/350] [chromium] ΓÇ║ tests\e2e\agent-dashboard.spec.ts:533:7 ΓÇ║ Consolidated Views & Filters Panel ΓÇ║ saved views list shows Default as non-removable option
[1A[2K[58/350] [chromium] ΓÇ║ tests\e2e\agent-dashboard.spec.ts:333:7 ΓÇ║ Agent Ticket Detail Controls ΓÇ║ agent can assign an agent from the sidebar survey
[1A[2K[59/350] [chromium] ΓÇ║ tests\e2e\advanced-tickets.spec.ts:208:7 ΓÇ║ Advanced Tickets ΓÇ║ regular user does not see checkboxes or bulk toolbar
[1A[2K[60/350] [chromium] ΓÇ║ tests\e2e\agent-dashboard.spec.ts:103:7 ΓÇ║ Agent Dashboard ΓÇ║ result count updates with filters
[1A[2K[61/350] [chromium] ΓÇ║ tests\e2e\agent-dashboard.spec.ts:544:7 ΓÇ║ Consolidated Views & Filters Panel ΓÇ║ create and apply saved view
[1A[2K[62/350] [chromium] ΓÇ║ tests\e2e\agent-dashboard.spec.ts:725:7 ΓÇ║ Agent Stats Panel ΓÇ║ collapse/expand toggle works
[1A[2K[63/350] [chromium] ΓÇ║ tests\e2e\agent-dashboard.spec.ts:742:7 ΓÇ║ Agent Stats Panel ΓÇ║ shows correct assigned/resolved counts
[1A[2K[64/350] [chromium] ΓÇ║ tests\e2e\agent-dashboard.spec.ts:373:7 ΓÇ║ Agent Ticket Detail Controls ΓÇ║ assigning self via the sidebar survey works
[1A[2K[65/350] [chromium] ΓÇ║ tests\e2e\agent-dashboard.spec.ts:757:7 ΓÇ║ Agent Stats Panel ΓÇ║ CSAT and SLA metrics show "N/A"
[1A[2K[66/350] [chromium] ΓÇ║ tests\e2e\ai-features.spec.ts:27:7 ΓÇ║ Admin AI Configuration ΓÇ║ admin can navigate to /admin/ai
[1A[2K[67/350] [chromium] ΓÇ║ tests\e2e\agent-dashboard.spec.ts:575:7 ΓÇ║ Consolidated Views & Filters Panel ΓÇ║ delete saved view (not Default)
[1A[2K[68/350] [chromium] ΓÇ║ tests\e2e\agent-dashboard.spec.ts:410:7 ΓÇ║ Agent Ticket Detail Controls ΓÇ║ agent can reassign ticket to another agent
[1A[2K[69/350] [chromium] ΓÇ║ tests\e2e\ai-features.spec.ts:155:7 ΓÇ║ Ticket creation form AI features ΓÇ║ auto-categorization UI elements are present when feature disabled
[1A[2K[70/350] [chromium] ΓÇ║ tests\e2e\ai-features.spec.ts:36:7 ΓÇ║ Admin AI Configuration ΓÇ║ AI Configuration link appears in sidebar
[1A[2K[71/350] [chromium] ΓÇ║ tests\e2e\ai-features.spec.ts:168:7 ΓÇ║ Ticket creation form AI features ΓÇ║ duplicate detection section hidden when feature disabled
[1A[2K[72/350] [chromium] ΓÇ║ tests\e2e\ai-features.spec.ts:43:7 ΓÇ║ Admin AI Configuration ΓÇ║ provider radio shows correct options
[1A[2K[73/350] [chromium] ΓÇ║ tests\e2e\agent-dashboard.spec.ts:608:7 ΓÇ║ Consolidated Views & Filters Panel ΓÇ║ cannot delete Default view (no delete button for Default)
[1A[2K[74/350] [chromium] ΓÇ║ tests\e2e\ai-features.spec.ts:54:7 ΓÇ║ Admin AI Configuration ΓÇ║ API key field masks input
[1A[2K[75/350] [chromium] ΓÇ║ tests\e2e\ai-features.spec.ts:187:7 ΓÇ║ Ticket detail AI features ΓÇ║ suggest reply button not visible for non-agents
[1A[2K[76/350] [chromium] ΓÇ║ tests\e2e\agent-dashboard.spec.ts:621:7 ΓÇ║ Consolidated Views & Filters Panel ΓÇ║ applying custom filters updates URL and collapsed summary
[1A[2K[77/350] [chromium] ΓÇ║ tests\e2e\ai-features.spec.ts:202:7 ΓÇ║ Ticket detail AI features ΓÇ║ suggest reply button visible for agent when feature enabled
[1A[2K[78/350] [chromium] ΓÇ║ tests\e2e\ai-features.spec.ts:63:7 ΓÇ║ Admin AI Configuration ΓÇ║ Test Connection button is present
[1A[2K[79/350] [chromium] ΓÇ║ tests\e2e\agent-dashboard.spec.ts:633:7 ΓÇ║ Consolidated Views & Filters Panel ΓÇ║ clearing filters reverts to Default in collapsed summary
[1A[2K[80/350] [chromium] ΓÇ║ tests\e2e\ai-features.spec.ts:71:7 ΓÇ║ Admin AI Configuration ΓÇ║ feature toggles are visible
[1A[2K[81/350] [chromium] ΓÇ║ tests\e2e\ai-features.spec.ts:83:7 ΓÇ║ Admin AI Configuration ΓÇ║ settings persist after save
[1A[2K[82/350] [chromium] ΓÇ║ tests\e2e\agent-dashboard.spec.ts:655:7 ΓÇ║ Consolidated Views & Filters Panel ΓÇ║ browser back/forward preserves view and filter state
[1A[2K[83/350] [chromium] ΓÇ║ tests\e2e\ai-features.spec.ts:229:7 ΓÇ║ Ticket detail AI features ΓÇ║ suggest reply button hidden when feature disabled
[1A[2K[2m[WebServer] [22m[email] SMTP not configured, skipping email send.

[1A[2K[84/350] [chromium] ΓÇ║ tests\e2e\ai-features.spec.ts:264:7 ΓÇ║ AI Summary panel ΓÇ║ summary panel hidden when feature disabled
[1A[2K[85/350] [chromium] ΓÇ║ tests\e2e\ai-features.spec.ts:302:7 ΓÇ║ Generate KB Article ΓÇ║ generate KB article button hidden on open tickets
[1A[2K[86/350] [chromium] ΓÇ║ tests\e2e\ai-features.spec.ts:117:7 ΓÇ║ Admin AI Configuration ΓÇ║ usage counter section shows data
[1A[2K[87/350] [chromium] ΓÇ║ tests\e2e\ai-features.spec.ts:127:7 ΓÇ║ Admin AI Configuration ΓÇ║ custom endpoint URL shown only for custom provider
[1A[2K[88/350] [chromium] ΓÇ║ tests\e2e\ai-features.spec.ts:281:7 ΓÇ║ AI Summary panel ΓÇ║ summary panel hidden for non-agents
[1A[2K[89/350] [chromium] ΓÇ║ tests\e2e\agent-dashboard.spec.ts:688:7 ΓÇ║ Consolidated Views & Filters Panel ΓÇ║ create, apply, delete saved views
[1A[2K[90/350] [chromium] ΓÇ║ tests\e2e\attach-files.spec.ts:78:7 ΓÇ║ Attach file(s) editor button ΓÇ║ attach a .txt file via toolbar dialog ΓåÆ claimed onto the new post
[1A[2K[91/350] [chromium] ΓÇ║ tests\e2e\attachments.spec.ts:81:7 ΓÇ║ File Attachments ΓÇ║ create test ticket for attachment tests
[1A[2K[92/350] [chromium] ΓÇ║ tests\e2e\ai-features.spec.ts:326:7 ΓÇ║ Generate KB Article ΓÇ║ generate KB article button hidden when feature disabled
[1A[2K[93/350] [chromium] ΓÇ║ tests\e2e\auth-external.spec.ts:81:7 ΓÇ║ Auth External ΓÇ║ admin sees Authentication link in sidebar
[1A[2K[94/350] [chromium] ΓÇ║ tests\e2e\attachments.spec.ts:96:7 ΓÇ║ File Attachments ΓÇ║ file upload drop zone is not shown on post cards
[1A[2K[95/350] [chromium] ΓÇ║ tests\e2e\auth.spec.ts:84:7 ΓÇ║ Authentication ΓÇ║ signup flow: valid credentials ΓåÆ auto-confirmed, redirects to home
[1A[2K[96/350] [chromium] ΓÇ║ tests\e2e\auth-external.spec.ts:87:7 ΓÇ║ Auth External ΓÇ║ admin can navigate to /admin/auth
[1A[2K[97/350] [chromium] ΓÇ║ tests\e2e\auth.spec.ts:97:7 ΓÇ║ Authentication ΓÇ║ signup validation: password missing requirements ΓåÆ error
[1A[2K[98/350] [chromium] ΓÇ║ tests\e2e\auth.spec.ts:106:7 ΓÇ║ Authentication ΓÇ║ login flow: correct credentials ΓåÆ redirects to /
[1A[2K[99/350] [chromium] ΓÇ║ tests\e2e\attachments.spec.ts:104:7 ΓÇ║ File Attachments ΓÇ║ upload a text file to a post
[1A[2K[100/350] [chromium] ΓÇ║ tests\e2e\attachments.spec.ts:125:7 ΓÇ║ File Attachments ΓÇ║ upload an image ΓåÆ inline thumbnail preview shown
[1A[2K[101/350] [chromium] ΓÇ║ tests\e2e\attachments.spec.ts:157:7 ΓÇ║ File Attachments ΓÇ║ download link works
[1A[2K[102/350] [chromium] ΓÇ║ tests\e2e\auth.spec.ts:112:7 ΓÇ║ Authentication ΓÇ║ login: wrong password ΓåÆ error message
[1A[2K[103/350] [chromium] ΓÇ║ tests\e2e\attachments.spec.ts:169:7 ΓÇ║ File Attachments ΓÇ║ agent can delete any user's attachment
[1A[2K[104/350] [chromium] ΓÇ║ tests\e2e\attachments.spec.ts:186:7 ΓÇ║ File Attachments ΓÇ║ admin file settings page exists
[1A[2K[105/350] [chromium] ΓÇ║ tests\e2e\auth.spec.ts:117:7 ΓÇ║ Authentication ΓÇ║ login lockout: 5 failures ΓåÆ shows lockout message
[1A[2K[106/350] [chromium] ΓÇ║ tests\e2e\auth.spec.ts:157:7 ΓÇ║ Authentication ΓÇ║ sign out: clears session, redirects to /login
[1A[2K[107/350] [chromium] ΓÇ║ tests\e2e\auth-external.spec.ts:93:7 ΓÇ║ Auth External ΓÇ║ admin sees auth mode radio buttons
[1A[2K[2m[WebServer] [22m[2026-05-21T13:45:17.082Z] wrapper rss=50MB heap=5MB

[1A[2K[108/350] [chromium] ΓÇ║ tests\e2e\attachments.spec.ts:196:7 ΓÇ║ File Attachments ΓÇ║ admin can update file settings
[1A[2K[109/350] [chromium] ΓÇ║ tests\e2e\auth.spec.ts:174:7 ΓÇ║ Authentication ΓÇ║ forgot password: submit email ΓåÆ success message shown
[1A[2K[110/350] [chromium] ΓÇ║ tests\e2e\auth-external.spec.ts:101:7 ΓÇ║ Auth External ΓÇ║ built-in mode is selected by default
[1A[2K[111/350] [chromium] ΓÇ║ tests\e2e\auth.spec.ts:181:7 ΓÇ║ Authentication ΓÇ║ unauthenticated redirect: visiting / redirects to /login
[1A[2K[112/350] [chromium] ΓÇ║ tests\e2e\auth.spec.ts:186:7 ΓÇ║ Authentication ΓÇ║ authenticated redirect: visiting /login redirects to /
[1A[2K[113/350] [chromium] ΓÇ║ tests\e2e\auth.spec.ts:194:7 ΓÇ║ Authentication ΓÇ║ nav bar: shows display name + role badge when logged in as admin
[1A[2K[114/350] [chromium] ΓÇ║ tests\e2e\auth-external.spec.ts:109:7 ΓÇ║ Auth External ΓÇ║ social provider cards are visible in built-in mode
[1A[2K[115/350] [chromium] ΓÇ║ tests\e2e\auth.spec.ts:206:7 ΓÇ║ Authentication ΓÇ║ nav bar: shows "Log in" link when not logged in
[1A[2K[116/350] [chromium] ΓÇ║ tests\e2e\auth.spec.ts:213:7 ΓÇ║ Authentication ΓÇ║ nav bar dropdown: contains Profile and Notification Settings links
[1A[2K[117/350] [chromium] ΓÇ║ tests\e2e\auth.spec.ts:230:7 ΓÇ║ Authentication ΓÇ║ sign out is inside user dropdown as last item
[1A[2K[118/350] [chromium] ΓÇ║ tests\e2e\auth-external.spec.ts:119:7 ΓÇ║ Auth External ΓÇ║ client secret fields mask input
[1A[2K[119/350] [chromium] ΓÇ║ tests\e2e\auth-external.spec.ts:129:7 ΓÇ║ Auth External ΓÇ║ switching to external mode shows confirmation
[1A[2K[120/350] [chromium] ΓÇ║ tests\e2e\auth-external.spec.ts:142:7 ΓÇ║ Auth External ΓÇ║ confirming mode switch to external shows external config
[1A[2K[121/350] [chromium] ΓÇ║ tests\e2e\auth-external.spec.ts:174:7 ΓÇ║ Auth External ΓÇ║ external mode shows redirect URI as read-only
[1A[2K[122/350] [chromium] ΓÇ║ tests\e2e\auth-external.spec.ts:190:7 ΓÇ║ Auth External ΓÇ║ auto-redirect toggle is present
[1A[2K[123/350] [chromium] ΓÇ║ tests\e2e\auth-external.spec.ts:221:7 ΓÇ║ Auth External ΓÇ║ external client secret field masks input
[1A[2K[124/350] [chromium] ΓÇ║ tests\e2e\auth-external.spec.ts:252:7 ΓÇ║ Auth External ΓÇ║ test connection button is present for external provider
[1A[2K[125/350] [chromium] ΓÇ║ tests\e2e\auth-external.spec.ts:283:7 ΓÇ║ Auth External ΓÇ║ can switch back to built-in mode
[1A[2K[126/350] [chromium] ΓÇ║ tests\e2e\auth-external.spec.ts:294:7 ΓÇ║ Auth External ΓÇ║ login page shows email/password form in built-in mode
[1A[2K[127/350] [chromium] ΓÇ║ tests\e2e\auth-external.spec.ts:302:7 ΓÇ║ Auth External ΓÇ║ login page does not show social buttons when none enabled
[1A[2K[128/350] [chromium] ΓÇ║ tests\e2e\auth-external.spec.ts:309:7 ΓÇ║ Auth External ΓÇ║ login page shows social buttons when provider enabled
[1A[2K[129/350] [chromium] ΓÇ║ tests\e2e\auth-external.spec.ts:322:7 ΓÇ║ Auth External ΓÇ║ login page in external mode shows single sign-in button
[1A[2K[130/350] [chromium] ΓÇ║ tests\e2e\auth-external.spec.ts:350:7 ΓÇ║ Auth External ΓÇ║ login page in external mode with no_redirect param shows login page
[1A[2K[131/350] [chromium] ΓÇ║ tests\e2e\auth-external.spec.ts:373:7 ΓÇ║ Auth External ΓÇ║ signup page shows form in built-in mode
[1A[2K[132/350] [chromium] ΓÇ║ tests\e2e\auth-external.spec.ts:381:7 ΓÇ║ Auth External ΓÇ║ signup page shows social buttons when provider enabled
[1A[2K[133/350] [chromium] ΓÇ║ tests\e2e\auth-external.spec.ts:393:7 ΓÇ║ Auth External ΓÇ║ signup page in external mode shows external provider message
[1A[2K[134/350] [chromium] ΓÇ║ tests\e2e\auth-external.spec.ts:422:7 ΓÇ║ Auth External ΓÇ║ profile page loads in built-in mode for email user
[1A[2K[135/350] [chromium] ΓÇ║ tests\e2e\auth-external.spec.ts:429:7 ΓÇ║ Auth External ΓÇ║ profile page hides change password in external mode
[1A[2K[136/350] [chromium] ΓÇ║ tests\e2e\auth-external.spec.ts:458:7 ΓÇ║ Auth External ΓÇ║ profile page always shows display name editing
[1A[2KΓùç injected env (0) from .env.test // tip: Γùê encrypted .env [www.dotenvx.com]

[1A[2K[137/350] (retries) [chromium] ΓÇ║ tests\e2e\auth-external.spec.ts:81:7 ΓÇ║ Auth External ΓÇ║ admin sees Authentication link in sidebar (retry #1)
[1A[2K[138/350] (retries) [chromium] ΓÇ║ tests\e2e\auth-external.spec.ts:87:7 ΓÇ║ Auth External ΓÇ║ admin can navigate to /admin/auth (retry #1)
[1A[2K[139/350] (retries) [chromium] ΓÇ║ tests\e2e\auth-external.spec.ts:93:7 ΓÇ║ Auth External ΓÇ║ admin sees auth mode radio buttons (retry #1)
[1A[2K[140/350] (retries) [chromium] ΓÇ║ tests\e2e\auth-external.spec.ts:101:7 ΓÇ║ Auth External ΓÇ║ built-in mode is selected by default (retry #1)
[1A[2K[141/350] (retries) [chromium] ΓÇ║ tests\e2e\auth-external.spec.ts:109:7 ΓÇ║ Auth External ΓÇ║ social provider cards are visible in built-in mode (retry #1)
[1A[2K[142/350] [chromium] ΓÇ║ tests\e2e\auth.spec.ts:253:7 ΓÇ║ Authentication ΓÇ║ full reset-password flow
[1A[2K[143/350] [chromium] ΓÇ║ tests\e2e\cross-browser.spec.ts:38:7 ΓÇ║ Cross-Browser Smoke Tests ΓÇ║ login page loads and shows form
[1A[2K[144/350] [chromium] ΓÇ║ tests\e2e\cross-browser.spec.ts:48:7 ΓÇ║ Cross-Browser Smoke Tests ΓÇ║ signup page loads
[1A[2K[145/350] [chromium] ΓÇ║ tests\e2e\cross-browser.spec.ts:58:7 ΓÇ║ Cross-Browser Smoke Tests ΓÇ║ complete user flow works
[1A[2K  1) [chromium] ΓÇ║ tests\e2e\auth-external.spec.ts:109:7 ΓÇ║ Auth External ΓÇ║ social provider cards are visible in built-in mode 

    Error: [2mexpect([22m[31mpage[39m[2m).[22mtoHaveURL[2m([22m[32mexpected[39m[2m)[22m failed

    Expected: [32m"http://localhost:3000/"[39m
    Received: [31m"http://localhost:3000/[7mlogin[27m"[39m
    Timeout:  5000ms

    Call log:
    [2m  - Expect "toHaveURL" with timeout 5000ms[22m
    [2m    9 ├ù unexpected value "http://localhost:3000/login"[22m


       at ..\helpers\auth.ts:91

      89 |     if (!(await submit())) {
      90 |       // Final assertion provides the diagnostic in the test report.
    > 91 |       await expect(page).toHaveURL('/', { timeout: 5000 });
         |                          ^
      92 |     }
      93 |   }
      94 |
        at loginViaForm (C:\survey.js\supabase-helpdesk\tests\helpers\auth.ts:91:26)
        at loginAs (C:\survey.js\supabase-helpdesk\tests\e2e\auth-external.spec.ts:38:3)
        at C:\survey.js\supabase-helpdesk\tests\e2e\auth-external.spec.ts:110:5

    attachment #1: screenshot (image/png) ΓöÇΓöÇΓöÇΓöÇΓöÇΓöÇΓöÇΓöÇΓöÇΓöÇΓöÇΓöÇΓöÇΓöÇΓöÇΓöÇΓöÇΓöÇΓöÇΓöÇΓöÇΓöÇΓöÇΓöÇΓöÇΓöÇΓöÇΓöÇΓöÇΓöÇΓöÇΓöÇΓöÇΓöÇΓöÇΓöÇΓöÇΓöÇΓöÇΓöÇΓöÇΓöÇΓöÇΓöÇΓöÇΓöÇΓöÇΓöÇΓöÇΓöÇΓöÇΓöÇΓöÇΓöÇΓöÇΓöÇΓöÇΓöÇ
    test-results\auth-external-Auth-Externa-ddbd8-re-visible-in-built-in-mode-chromium\test-failed-1.png
    ΓöÇΓöÇΓöÇΓöÇΓöÇΓöÇΓöÇΓöÇΓöÇΓöÇΓöÇΓöÇΓöÇΓöÇΓöÇΓöÇΓöÇΓöÇΓöÇΓöÇΓöÇΓöÇΓöÇΓöÇΓöÇΓöÇΓöÇΓöÇΓöÇΓöÇΓöÇΓöÇΓöÇΓöÇΓöÇΓöÇΓöÇΓöÇΓöÇΓöÇΓöÇΓöÇΓöÇΓöÇΓöÇΓöÇΓöÇΓöÇΓöÇΓöÇΓöÇΓöÇΓöÇΓöÇΓöÇΓöÇΓöÇΓöÇΓöÇΓöÇΓöÇΓöÇΓöÇΓöÇΓöÇΓöÇΓöÇΓöÇΓöÇΓöÇΓöÇΓöÇΓöÇΓöÇΓöÇΓöÇΓöÇΓöÇΓöÇΓöÇΓöÇΓöÇΓöÇΓöÇΓöÇΓöÇΓöÇΓöÇΓöÇΓöÇΓöÇΓöÇΓöÇΓöÇΓöÇΓöÇ

    Error Context: test-results\auth-external-Auth-Externa-ddbd8-re-visible-in-built-in-mode-chromium\error-context.md

    Error Context: test-results\auth-external-Auth-Externa-ddbd8-re-visible-in-built-in-mode-chromium\error-context.md


[1A[2K[146/350] (retries) [chromium] ΓÇ║ tests\e2e\auth-external.spec.ts:119:7 ΓÇ║ Auth External ΓÇ║ client secret fields mask input (retry #1)
[1A[2K[147/350] [chromium] ΓÇ║ tests\e2e\cross-browser.spec.ts:82:7 ΓÇ║ Cross-Browser Smoke Tests ΓÇ║ agent flow works
[1A[2K[148/350] (retries) [chromium] ΓÇ║ tests\e2e\auth-external.spec.ts:129:7 ΓÇ║ Auth External ΓÇ║ switching to external mode shows confirmation (retry #1)
[1A[2K[149/350] [chromium] ΓÇ║ tests\e2e\cross-browser.spec.ts:99:7 ΓÇ║ Cross-Browser Smoke Tests ΓÇ║ admin flow works
[1A[2K[150/350] [chromium] ΓÇ║ tests\e2e\attachments.spec.ts:241:7 ΓÇ║ File Attachments ΓÇ║ admin can reset file types to defaults
[1A[2K[151/350] [chromium] ΓÇ║ tests\e2e\attachments.spec.ts:262:7 ΓÇ║ File Attachments ΓÇ║ file sidebar link visible in admin nav
[1A[2K[152/350] (retries) [chromium] ΓÇ║ tests\e2e\auth-external.spec.ts:142:7 ΓÇ║ Auth External ΓÇ║ confirming mode switch to external shows external config (retry #1)
[1A[2KΓùç injected env (0) from .env.test // tip: Γùê encrypted .env [www.dotenvx.com]

[1A[2K[153/350] (retries) [chromium] ΓÇ║ tests\e2e\attachments.spec.ts:81:7 ΓÇ║ File Attachments ΓÇ║ create test ticket for attachment tests (retry #1)
[1A[2K[154/350] (retries) [chromium] ΓÇ║ tests\e2e\auth-external.spec.ts:174:7 ΓÇ║ Auth External ΓÇ║ external mode shows redirect URI as read-only (retry #1)
[1A[2K[155/350] (retries) [chromium] ΓÇ║ tests\e2e\attachments.spec.ts:96:7 ΓÇ║ File Attachments ΓÇ║ file upload drop zone is not shown on post cards (retry #1)
[1A[2K[156/350] [chromium] ΓÇ║ tests\e2e\csat.spec.ts:86:7 ΓÇ║ CSAT Rating Page ΓÇ║ CSAT rating page renders with valid token
[1A[2K[157/350] [chromium] ΓÇ║ tests\e2e\csat.spec.ts:93:7 ΓÇ║ CSAT Rating Page ΓÇ║ invalid token shows error page
[1A[2K[158/350] (retries) [chromium] ΓÇ║ tests\e2e\auth-external.spec.ts:190:7 ΓÇ║ Auth External ΓÇ║ auto-redirect toggle is present (retry #1)
[1A[2K[159/350] [chromium] ΓÇ║ tests\e2e\csat.spec.ts:99:7 ΓÇ║ CSAT Rating Page ΓÇ║ expired token shows error page
[1A[2K[160/350] (retries) [chromium] ΓÇ║ tests\e2e\attachments.spec.ts:104:7 ΓÇ║ File Attachments ΓÇ║ upload a text file to a post (retry #1)
[1A[2K[161/350] [chromium] ΓÇ║ tests\e2e\csat.spec.ts:113:7 ΓÇ║ CSAT Rating Page ΓÇ║ submit 3-star rating ΓÇö stores correctly
[1A[2K[162/350] (retries) [chromium] ΓÇ║ tests\e2e\attachments.spec.ts:125:7 ΓÇ║ File Attachments ΓÇ║ upload an image ΓåÆ inline thumbnail preview shown (retry #1)
[1A[2K[163/350] (retries) [chromium] ΓÇ║ tests\e2e\attachments.spec.ts:157:7 ΓÇ║ File Attachments ΓÇ║ download link works (retry #1)
[1A[2K[164/350] (retries) [chromium] ΓÇ║ tests\e2e\attachments.spec.ts:169:7 ΓÇ║ File Attachments ΓÇ║ agent can delete any user's attachment (retry #1)
[1A[2K[165/350] (retries) [chromium] ΓÇ║ tests\e2e\attachments.spec.ts:186:7 ΓÇ║ File Attachments ΓÇ║ admin file settings page exists (retry #1)
[1A[2K[166/350] [chromium] ΓÇ║ tests\e2e\csat.spec.ts:129:7 ΓÇ║ CSAT Rating Page ΓÇ║ confirmation page shows new token link
[1A[2K[167/350] [chromium] ΓÇ║ tests\e2e\csat.spec.ts:154:7 ΓÇ║ CSAT Rating Page ΓÇ║ rating with comment ΓÇö stores correctly
[1A[2K[168/350] [chromium] ΓÇ║ tests\e2e\csat.spec.ts:255:7 ΓÇ║ CSAT on Ticket Detail ΓÇ║ "Rate this ticket" link appears for ticket owner on closed ticket
[1A[2K[169/350] [chromium] ΓÇ║ tests\e2e\editor-height-preferences.spec.ts:59:7 ΓÇ║ Editor height preferences ΓÇ║ initial editor renders at the user-configured min height
[1A[2K[170/350] (retries) [chromium] ΓÇ║ tests\e2e\attachments.spec.ts:196:7 ΓÇ║ File Attachments ΓÇ║ admin can update file settings (retry #1)
[1A[2K[171/350] [chromium] ΓÇ║ tests\e2e\editor-height-preferences.spec.ts:90:7 ΓÇ║ Editor height preferences ΓÇ║ rejects min greater than max with an inline error
[1A[2K[172/350] [chromium] ΓÇ║ tests\e2e\inbound-email.spec.ts:47:7 ΓÇ║ Inbound Email Admin Configuration ΓÇ║ admin can navigate to /admin/inbound-email
[1A[2K  2) [chromium] ΓÇ║ tests\e2e\attachments.spec.ts:196:7 ΓÇ║ File Attachments ΓÇ║ admin can update file settings 

    Error: [2mexpect([22m[31mlocator[39m[2m).[22mtoBeVisible[2m([22m[2m)[22m failed

    Locator: getByText('File settings saved.')
    Expected: visible
    Timeout: 15000ms
    Error: element(s) not found

    Call log:
    [2m  - Expect "toBeVisible" with timeout 15000ms[22m
    [2m  - waiting for getByText('File settings saved.')[22m


      217 |     await maxSizeInput.blur();
      218 |     await firstSavePost;
    > 219 |     await expect(savedMessage).toBeVisible({ timeout: 15000 });
          |                                ^
      220 |
      221 |     // Verify it was saved by loading a fresh page
      222 |     await gotoAdmin(page, '/admin/file-settings');
        at C:\survey.js\supabase-helpdesk\tests\e2e\attachments.spec.ts:219:32

    attachment #1: screenshot (image/png) ΓöÇΓöÇΓöÇΓöÇΓöÇΓöÇΓöÇΓöÇΓöÇΓöÇΓöÇΓöÇΓöÇΓöÇΓöÇΓöÇΓöÇΓöÇΓöÇΓöÇΓöÇΓöÇΓöÇΓöÇΓöÇΓöÇΓöÇΓöÇΓöÇΓöÇΓöÇΓöÇΓöÇΓöÇΓöÇΓöÇΓöÇΓöÇΓöÇΓöÇΓöÇΓöÇΓöÇΓöÇΓöÇΓöÇΓöÇΓöÇΓöÇΓöÇΓöÇΓöÇΓöÇΓöÇΓöÇΓöÇΓöÇΓöÇ
    test-results\attachments-File-Attachments-admin-can-update-file-settings-chromium\test-failed-1.png
    ΓöÇΓöÇΓöÇΓöÇΓöÇΓöÇΓöÇΓöÇΓöÇΓöÇΓöÇΓöÇΓöÇΓöÇΓöÇΓöÇΓöÇΓöÇΓöÇΓöÇΓöÇΓöÇΓöÇΓöÇΓöÇΓöÇΓöÇΓöÇΓöÇΓöÇΓöÇΓöÇΓöÇΓöÇΓöÇΓöÇΓöÇΓöÇΓöÇΓöÇΓöÇΓöÇΓöÇΓöÇΓöÇΓöÇΓöÇΓöÇΓöÇΓöÇΓöÇΓöÇΓöÇΓöÇΓöÇΓöÇΓöÇΓöÇΓöÇΓöÇΓöÇΓöÇΓöÇΓöÇΓöÇΓöÇΓöÇΓöÇΓöÇΓöÇΓöÇΓöÇΓöÇΓöÇΓöÇΓöÇΓöÇΓöÇΓöÇΓöÇΓöÇΓöÇΓöÇΓöÇΓöÇΓöÇΓöÇΓöÇΓöÇΓöÇΓöÇΓöÇΓöÇΓöÇΓöÇΓöÇ

    Error Context: test-results\attachments-File-Attachments-admin-can-update-file-settings-chromium\error-context.md

    Error Context: test-results\attachments-File-Attachments-admin-can-update-file-settings-chromium\error-context.md


[1A[2K[173/350] (retries) [chromium] ΓÇ║ tests\e2e\attachments.spec.ts:241:7 ΓÇ║ File Attachments ΓÇ║ admin can reset file types to defaults (retry #1)
[1A[2K[2m[WebServer] [22m[2026-05-21T13:45:47.089Z] wrapper rss=50MB heap=5MB

[1A[2K[174/350] [chromium] ΓÇ║ tests\e2e\inbound-email.spec.ts:54:7 ΓÇ║ Inbound Email Admin Configuration ΓÇ║ inbound email sidebar link is visible
[1A[2K[175/350] (retries) [chromium] ΓÇ║ tests\e2e\attachments.spec.ts:262:7 ΓÇ║ File Attachments ΓÇ║ file sidebar link visible in admin nav (retry #1)
[1A[2K[176/350] [chromium] ΓÇ║ tests\e2e\inbound-email.spec.ts:60:7 ΓÇ║ Inbound Email Admin Configuration ΓÇ║ toggle inbound email on/off
[1A[2K[177/350] [chromium] ΓÇ║ tests\e2e\csat.spec.ts:262:7 ΓÇ║ CSAT on Ticket Detail ΓÇ║ agent cannot see "Rate this ticket" link
[1A[2K[178/350] [chromium] ΓÇ║ tests\e2e\csat.spec.ts:272:7 ΓÇ║ CSAT on Ticket Detail ΓÇ║ rating displays on ticket detail page after submission
[1A[2K[179/350] [chromium] ΓÇ║ tests\e2e\inline-image-paste.spec.ts:97:7 ΓÇ║ Inline image paste in post editor ΓÇ║ paste image into new-ticket editor ΓåÆ orphan attachment created
[1A[2K[180/350] [chromium] ΓÇ║ tests\e2e\inbound-email.spec.ts:106:7 ΓÇ║ Inbound Email Admin Configuration ΓÇ║ set reply-to address with validation
[1A[2K[181/350] [chromium] ΓÇ║ tests\e2e\csat.spec.ts:294:7 ΓÇ║ CSAT on Ticket Detail ΓÇ║ "Update rating" link appears after rating is submitted
[1A[2K[182/350] (retries) [chromium] ΓÇ║ tests\e2e\auth-external.spec.ts:221:7 ΓÇ║ Auth External ΓÇ║ external client secret field masks input (retry #1)
[1A[2K[183/350] (retries) [chromium] ΓÇ║ tests\e2e\auth-external.spec.ts:252:7 ΓÇ║ Auth External ΓÇ║ test connection button is present for external provider (retry #1)
[1A[2K[184/350] (retries) [chromium] ΓÇ║ tests\e2e\auth-external.spec.ts:283:7 ΓÇ║ Auth External ΓÇ║ can switch back to built-in mode (retry #1)
[1A[2K[185/350] (retries) [chromium] ΓÇ║ tests\e2e\auth-external.spec.ts:294:7 ΓÇ║ Auth External ΓÇ║ login page shows email/password form in built-in mode (retry #1)
[1A[2K[186/350] (retries) [chromium] ΓÇ║ tests\e2e\auth-external.spec.ts:302:7 ΓÇ║ Auth External ΓÇ║ login page does not show social buttons when none enabled (retry #1)
[1A[2K[187/350] (retries) [chromium] ΓÇ║ tests\e2e\auth-external.spec.ts:309:7 ΓÇ║ Auth External ΓÇ║ login page shows social buttons when provider enabled (retry #1)
[1A[2K[188/350] (retries) [chromium] ΓÇ║ tests\e2e\auth-external.spec.ts:322:7 ΓÇ║ Auth External ΓÇ║ login page in external mode shows single sign-in button (retry #1)
[1A[2K[189/350] (retries) [chromium] ΓÇ║ tests\e2e\auth-external.spec.ts:350:7 ΓÇ║ Auth External ΓÇ║ login page in external mode with no_redirect param shows login page (retry #1)
[1A[2K[190/350] (retries) [chromium] ΓÇ║ tests\e2e\auth-external.spec.ts:373:7 ΓÇ║ Auth External ΓÇ║ signup page shows form in built-in mode (retry #1)
[1A[2K[191/350] (retries) [chromium] ΓÇ║ tests\e2e\auth-external.spec.ts:381:7 ΓÇ║ Auth External ΓÇ║ signup page shows social buttons when provider enabled (retry #1)
[1A[2K[192/350] (retries) [chromium] ΓÇ║ tests\e2e\auth-external.spec.ts:393:7 ΓÇ║ Auth External ΓÇ║ signup page in external mode shows external provider message (retry #1)
[1A[2K[193/350] (retries) [chromium] ΓÇ║ tests\e2e\auth-external.spec.ts:422:7 ΓÇ║ Auth External ΓÇ║ profile page loads in built-in mode for email user (retry #1)
[1A[2K[194/350] (retries) [chromium] ΓÇ║ tests\e2e\auth-external.spec.ts:429:7 ΓÇ║ Auth External ΓÇ║ profile page hides change password in external mode (retry #1)
[1A[2K[195/350] (retries) [chromium] ΓÇ║ tests\e2e\auth-external.spec.ts:458:7 ΓÇ║ Auth External ΓÇ║ profile page always shows display name editing (retry #1)
[1A[2KΓùç injected env (0) from .env.test // tip: Γîÿ custom filepath { path: '/custom/path/.env' }

[1A[2K[196/350] (retries) [chromium] ΓÇ║ tests\e2e\auth-external.spec.ts:81:7 ΓÇ║ Auth External ΓÇ║ admin sees Authentication link in sidebar (retry #2)
[1A[2K[197/350] [chromium] ΓÇ║ tests\e2e\inline-image-paste.spec.ts:163:7 ΓÇ║ Inline image paste in post editor ΓÇ║ paste image into reply editor ΓåÆ claimed onto the new reply post
[1A[2K[2m[WebServer] [22m[2026-05-21T13:45:53.891Z] === next start exited code=3221226505 signal=null ===

[1A[2K[198/350] [chromium] ΓÇ║ tests\e2e\inbound-email.spec.ts:136:7 ΓÇ║ Inbound Email Admin Configuration ΓÇ║ settings persist after save
[1A[2K[199/350] [chromium] ΓÇ║ tests\e2e\csat.spec.ts:329:7 ΓÇ║ CSAT Admin Settings ΓÇ║ CSAT settings page loads for admin
[1A[2K[200/350] [chromium] ΓÇ║ tests\e2e\csat.spec.ts:337:7 ΓÇ║ CSAT Admin Settings ΓÇ║ CSAT toggle disabled when email not configured
[1A[2K[201/350] [chromium] ΓÇ║ tests\e2e\csat.spec.ts:348:7 ΓÇ║ CSAT Admin Settings ΓÇ║ change delay setting
[1A[2K  3) [chromium] ΓÇ║ tests\e2e\auth-external.spec.ts:81:7 ΓÇ║ Auth External ΓÇ║ admin sees Authentication link in sidebar 

    Retry #2 ΓöÇΓöÇΓöÇΓöÇΓöÇΓöÇΓöÇΓöÇΓöÇΓöÇΓöÇΓöÇΓöÇΓöÇΓöÇΓöÇΓöÇΓöÇΓöÇΓöÇΓöÇΓöÇΓöÇΓöÇΓöÇΓöÇΓöÇΓöÇΓöÇΓöÇΓöÇΓöÇΓöÇΓöÇΓöÇΓöÇΓöÇΓöÇΓöÇΓöÇΓöÇΓöÇΓöÇΓöÇΓöÇΓöÇΓöÇΓöÇΓöÇΓöÇΓöÇΓöÇΓöÇΓöÇΓöÇΓöÇΓöÇΓöÇΓöÇΓöÇΓöÇΓöÇΓöÇΓöÇΓöÇΓöÇΓöÇΓöÇΓöÇΓöÇΓöÇΓöÇΓöÇΓöÇΓöÇΓöÇΓöÇΓöÇΓöÇΓöÇΓöÇΓöÇΓöÇΓöÇΓöÇΓöÇΓöÇ

    Error: page.goto: net::ERR_CONNECTION_REFUSED at http://localhost:3000/login
    Call log:
    [2m  - navigating to "http://localhost:3000/login", waiting until "load"[22m


       at ..\helpers\auth.ts:55

      53 |
      54 |   const submit = async (): Promise<boolean> => {
    > 55 |     await page.goto('/login');
         |                ^
      56 |     // Another worker (typically auth-external.spec.ts) can flip `auth_mode`
      57 |     // back to `external` between our ensureBuiltInAuthMode() call above and
      58 |     // this navigation, in which case `/login` renders only the SSO button
        at submit (C:\survey.js\supabase-helpdesk\tests\helpers\auth.ts:55:16)
        at loginViaForm (C:\survey.js\supabase-helpdesk\tests\helpers\auth.ts:86:15)
        at loginAs (C:\survey.js\supabase-helpdesk\tests\e2e\auth-external.spec.ts:38:3)
        at C:\survey.js\supabase-helpdesk\tests\e2e\auth-external.spec.ts:82:5

    attachment #1: screenshot (image/png) ΓöÇΓöÇΓöÇΓöÇΓöÇΓöÇΓöÇΓöÇΓöÇΓöÇΓöÇΓöÇΓöÇΓöÇΓöÇΓöÇΓöÇΓöÇΓöÇΓöÇΓöÇΓöÇΓöÇΓöÇΓöÇΓöÇΓöÇΓöÇΓöÇΓöÇΓöÇΓöÇΓöÇΓöÇΓöÇΓöÇΓöÇΓöÇΓöÇΓöÇΓöÇΓöÇΓöÇΓöÇΓöÇΓöÇΓöÇΓöÇΓöÇΓöÇΓöÇΓöÇΓöÇΓöÇΓöÇΓöÇΓöÇΓöÇ
    test-results\auth-external-Auth-Externa-8433d-hentication-link-in-sidebar-chromium-retry2\test-failed-1.png
    ΓöÇΓöÇΓöÇΓöÇΓöÇΓöÇΓöÇΓöÇΓöÇΓöÇΓöÇΓöÇΓöÇΓöÇΓöÇΓöÇΓöÇΓöÇΓöÇΓöÇΓöÇΓöÇΓöÇΓöÇΓöÇΓöÇΓöÇΓöÇΓöÇΓöÇΓöÇΓöÇΓöÇΓöÇΓöÇΓöÇΓöÇΓöÇΓöÇΓöÇΓöÇΓöÇΓöÇΓöÇΓöÇΓöÇΓöÇΓöÇΓöÇΓöÇΓöÇΓöÇΓöÇΓöÇΓöÇΓöÇΓöÇΓöÇΓöÇΓöÇΓöÇΓöÇΓöÇΓöÇΓöÇΓöÇΓöÇΓöÇΓöÇΓöÇΓöÇΓöÇΓöÇΓöÇΓöÇΓöÇΓöÇΓöÇΓöÇΓöÇΓöÇΓöÇΓöÇΓöÇΓöÇΓöÇΓöÇΓöÇΓöÇΓöÇΓöÇΓöÇΓöÇΓöÇΓöÇΓöÇ

    Error Context: test-results\auth-external-Auth-Externa-8433d-hentication-link-in-sidebar-chromium-retry2\error-context.md

    Error Context: test-results\auth-external-Auth-Externa-8433d-hentication-link-in-sidebar-chromium-retry2\error-context.md


[1A[2K[202/350] (retries) [chromium] ΓÇ║ tests\e2e\auth-external.spec.ts:190:7 ΓÇ║ Auth External ΓÇ║ auto-redirect toggle is present (retry #2)
[1A[2K  4) [chromium] ΓÇ║ tests\e2e\auth-external.spec.ts:190:7 ΓÇ║ Auth External ΓÇ║ auto-redirect toggle is present 

    Retry #1 ΓöÇΓöÇΓöÇΓöÇΓöÇΓöÇΓöÇΓöÇΓöÇΓöÇΓöÇΓöÇΓöÇΓöÇΓöÇΓöÇΓöÇΓöÇΓöÇΓöÇΓöÇΓöÇΓöÇΓöÇΓöÇΓöÇΓöÇΓöÇΓöÇΓöÇΓöÇΓöÇΓöÇΓöÇΓöÇΓöÇΓöÇΓöÇΓöÇΓöÇΓöÇΓöÇΓöÇΓöÇΓöÇΓöÇΓöÇΓöÇΓöÇΓöÇΓöÇΓöÇΓöÇΓöÇΓöÇΓöÇΓöÇΓöÇΓöÇΓöÇΓöÇΓöÇΓöÇΓöÇΓöÇΓöÇΓöÇΓöÇΓöÇΓöÇΓöÇΓöÇΓöÇΓöÇΓöÇΓöÇΓöÇΓöÇΓöÇΓöÇΓöÇΓöÇΓöÇΓöÇΓöÇΓöÇΓöÇ

    Error: [2mexpect([22m[31mlocator[39m[2m).[22mtoBeVisible[2m([22m[2m)[22m failed

    Locator: getByText('Auto-redirect to external provider')
    Expected: visible
    Timeout: 10000ms
    Error: element(s) not found

    Call log:
    [2m  - Expect "toBeVisible" with timeout 10000ms[22m
    [2m  - waiting for getByText('Auto-redirect to external provider')[22m


      216 |     await expect(
      217 |       page.getByText('Auto-redirect to external provider'),
    > 218 |     ).toBeVisible({ timeout: 10000 });
          |       ^
      219 |   });
      220 |
      221 |   test('external client secret field masks input', async ({ page }) => {
        at C:\survey.js\supabase-helpdesk\tests\e2e\auth-external.spec.ts:218:7

    attachment #1: screenshot (image/png) ΓöÇΓöÇΓöÇΓöÇΓöÇΓöÇΓöÇΓöÇΓöÇΓöÇΓöÇΓöÇΓöÇΓöÇΓöÇΓöÇΓöÇΓöÇΓöÇΓöÇΓöÇΓöÇΓöÇΓöÇΓöÇΓöÇΓöÇΓöÇΓöÇΓöÇΓöÇΓöÇΓöÇΓöÇΓöÇΓöÇΓöÇΓöÇΓöÇΓöÇΓöÇΓöÇΓöÇΓöÇΓöÇΓöÇΓöÇΓöÇΓöÇΓöÇΓöÇΓöÇΓöÇΓöÇΓöÇΓöÇΓöÇΓöÇ
    test-results\auth-external-Auth-External-auto-redirect-toggle-is-present-chromium-retry1\test-failed-1.png
    ΓöÇΓöÇΓöÇΓöÇΓöÇΓöÇΓöÇΓöÇΓöÇΓöÇΓöÇΓöÇΓöÇΓöÇΓöÇΓöÇΓöÇΓöÇΓöÇΓöÇΓöÇΓöÇΓöÇΓöÇΓöÇΓöÇΓöÇΓöÇΓöÇΓöÇΓöÇΓöÇΓöÇΓöÇΓöÇΓöÇΓöÇΓöÇΓöÇΓöÇΓöÇΓöÇΓöÇΓöÇΓöÇΓöÇΓöÇΓöÇΓöÇΓöÇΓöÇΓöÇΓöÇΓöÇΓöÇΓöÇΓöÇΓöÇΓöÇΓöÇΓöÇΓöÇΓöÇΓöÇΓöÇΓöÇΓöÇΓöÇΓöÇΓöÇΓöÇΓöÇΓöÇΓöÇΓöÇΓöÇΓöÇΓöÇΓöÇΓöÇΓöÇΓöÇΓöÇΓöÇΓöÇΓöÇΓöÇΓöÇΓöÇΓöÇΓöÇΓöÇΓöÇΓöÇΓöÇΓöÇ

    Error Context: test-results\auth-external-Auth-External-auto-redirect-toggle-is-present-chromium-retry1\error-context.md

    Error Context: test-results\auth-external-Auth-External-auto-redirect-toggle-is-present-chromium-retry1\error-context.md


[1A[2K[203/350] (retries) [chromium] ΓÇ║ tests\e2e\auth-external.spec.ts:87:7 ΓÇ║ Auth External ΓÇ║ admin can navigate to /admin/auth (retry #2)
[1A[2K[204/350] (retries) [chromium] ΓÇ║ tests\e2e\auth-external.spec.ts:93:7 ΓÇ║ Auth External ΓÇ║ admin sees auth mode radio buttons (retry #2)
[1A[2K[205/350] (retries) [chromium] ΓÇ║ tests\e2e\auth-external.spec.ts:101:7 ΓÇ║ Auth External ΓÇ║ built-in mode is selected by default (retry #2)
[1A[2K[206/350] (retries) [chromium] ΓÇ║ tests\e2e\auth-external.spec.ts:109:7 ΓÇ║ Auth External ΓÇ║ social provider cards are visible in built-in mode (retry #2)
[1A[2K  5) [chromium] ΓÇ║ tests\e2e\auth-external.spec.ts:109:7 ΓÇ║ Auth External ΓÇ║ social provider cards are visible in built-in mode 

    Error: [2mexpect([22m[31mpage[39m[2m).[22mtoHaveURL[2m([22m[32mexpected[39m[2m)[22m failed

    Expected: [32m"http://localhost:3000/"[39m
    Received: [31m"http://localhost:3000/[7mlogin[27m"[39m
    Timeout:  5000ms

    Call log:
    [2m  - Expect "toHaveURL" with timeout 5000ms[22m
    [2m    9 ├ù unexpected value "http://localhost:3000/login"[22m


       at ..\helpers\auth.ts:91

      89 |     if (!(await submit())) {
      90 |       // Final assertion provides the diagnostic in the test report.
    > 91 |       await expect(page).toHaveURL('/', { timeout: 5000 });
         |                          ^
      92 |     }
      93 |   }
      94 |
        at loginViaForm (C:\survey.js\supabase-helpdesk\tests\helpers\auth.ts:91:26)
        at loginAs (C:\survey.js\supabase-helpdesk\tests\e2e\auth-external.spec.ts:38:3)
        at C:\survey.js\supabase-helpdesk\tests\e2e\auth-external.spec.ts:110:5

    attachment #1: screenshot (image/png) ΓöÇΓöÇΓöÇΓöÇΓöÇΓöÇΓöÇΓöÇΓöÇΓöÇΓöÇΓöÇΓöÇΓöÇΓöÇΓöÇΓöÇΓöÇΓöÇΓöÇΓöÇΓöÇΓöÇΓöÇΓöÇΓöÇΓöÇΓöÇΓöÇΓöÇΓöÇΓöÇΓöÇΓöÇΓöÇΓöÇΓöÇΓöÇΓöÇΓöÇΓöÇΓöÇΓöÇΓöÇΓöÇΓöÇΓöÇΓöÇΓöÇΓöÇΓöÇΓöÇΓöÇΓöÇΓöÇΓöÇΓöÇΓöÇ
    test-results\auth-external-Auth-Externa-ddbd8-re-visible-in-built-in-mode-chromium\test-failed-1.png
    ΓöÇΓöÇΓöÇΓöÇΓöÇΓöÇΓöÇΓöÇΓöÇΓöÇΓöÇΓöÇΓöÇΓöÇΓöÇΓöÇΓöÇΓöÇΓöÇΓöÇΓöÇΓöÇΓöÇΓöÇΓöÇΓöÇΓöÇΓöÇΓöÇΓöÇΓöÇΓöÇΓöÇΓöÇΓöÇΓöÇΓöÇΓöÇΓöÇΓöÇΓöÇΓöÇΓöÇΓöÇΓöÇΓöÇΓöÇΓöÇΓöÇΓöÇΓöÇΓöÇΓöÇΓöÇΓöÇΓöÇΓöÇΓöÇΓöÇΓöÇΓöÇΓöÇΓöÇΓöÇΓöÇΓöÇΓöÇΓöÇΓöÇΓöÇΓöÇΓöÇΓöÇΓöÇΓöÇΓöÇΓöÇΓöÇΓöÇΓöÇΓöÇΓöÇΓöÇΓöÇΓöÇΓöÇΓöÇΓöÇΓöÇΓöÇΓöÇΓöÇΓöÇΓöÇΓöÇΓöÇ

    Error Context: test-results\auth-external-Auth-Externa-ddbd8-re-visible-in-built-in-mode-chromium\error-context.md

    Error Context: test-results\auth-external-Auth-Externa-ddbd8-re-visible-in-built-in-mode-chromium\error-context.md


[1A[2K[207/350] (retries) [chromium] ΓÇ║ tests\e2e\auth-external.spec.ts:119:7 ΓÇ║ Auth External ΓÇ║ client secret fields mask input (retry #2)
[1A[2K[208/350] (retries) [chromium] ΓÇ║ tests\e2e\auth-external.spec.ts:129:7 ΓÇ║ Auth External ΓÇ║ switching to external mode shows confirmation (retry #2)
[1A[2K[209/350] (retries) [chromium] ΓÇ║ tests\e2e\auth-external.spec.ts:142:7 ΓÇ║ Auth External ΓÇ║ confirming mode switch to external shows external config (retry #2)
[1A[2K[210/350] (retries) [chromium] ΓÇ║ tests\e2e\auth-external.spec.ts:174:7 ΓÇ║ Auth External ΓÇ║ external mode shows redirect URI as read-only (retry #2)
[1A[2K[211/350] (retries) [chromium] ΓÇ║ tests\e2e\auth-external.spec.ts:221:7 ΓÇ║ Auth External ΓÇ║ external client secret field masks input (retry #2)
[1A[2K[212/350] (retries) [chromium] ΓÇ║ tests\e2e\auth-external.spec.ts:252:7 ΓÇ║ Auth External ΓÇ║ test connection button is present for external provider (retry #2)
[1A[2K[213/350] (retries) [chromium] ΓÇ║ tests\e2e\auth-external.spec.ts:283:7 ΓÇ║ Auth External ΓÇ║ can switch back to built-in mode (retry #2)
[1A[2K[214/350] (retries) [chromium] ΓÇ║ tests\e2e\auth-external.spec.ts:294:7 ΓÇ║ Auth External ΓÇ║ login page shows email/password form in built-in mode (retry #2)
[1A[2K[215/350] (retries) [chromium] ΓÇ║ tests\e2e\auth-external.spec.ts:302:7 ΓÇ║ Auth External ΓÇ║ login page does not show social buttons when none enabled (retry #2)
[1A[2K[216/350] (retries) [chromium] ΓÇ║ tests\e2e\auth-external.spec.ts:309:7 ΓÇ║ Auth External ΓÇ║ login page shows social buttons when provider enabled (retry #2)
[1A[2K[217/350] (retries) [chromium] ΓÇ║ tests\e2e\auth-external.spec.ts:322:7 ΓÇ║ Auth External ΓÇ║ login page in external mode shows single sign-in button (retry #2)
[1A[2K[218/350] (retries) [chromium] ΓÇ║ tests\e2e\auth-external.spec.ts:350:7 ΓÇ║ Auth External ΓÇ║ login page in external mode with no_redirect param shows login page (retry #2)
[1A[2K[219/350] (retries) [chromium] ΓÇ║ tests\e2e\auth-external.spec.ts:373:7 ΓÇ║ Auth External ΓÇ║ signup page shows form in built-in mode (retry #2)
[1A[2K[220/350] (retries) [chromium] ΓÇ║ tests\e2e\auth-external.spec.ts:381:7 ΓÇ║ Auth External ΓÇ║ signup page shows social buttons when provider enabled (retry #2)
[1A[2K[221/350] (retries) [chromium] ΓÇ║ tests\e2e\auth-external.spec.ts:393:7 ΓÇ║ Auth External ΓÇ║ signup page in external mode shows external provider message (retry #2)
[1A[2K[222/350] (retries) [chromium] ΓÇ║ tests\e2e\auth-external.spec.ts:422:7 ΓÇ║ Auth External ΓÇ║ profile page loads in built-in mode for email user (retry #2)
[1A[2K[223/350] (retries) [chromium] ΓÇ║ tests\e2e\auth-external.spec.ts:429:7 ΓÇ║ Auth External ΓÇ║ profile page hides change password in external mode (retry #2)
[1A[2K[224/350] (retries) [chromium] ΓÇ║ tests\e2e\auth-external.spec.ts:458:7 ΓÇ║ Auth External ΓÇ║ profile page always shows display name editing (retry #2)
[1A[2KΓùç injected env (0) from .env.test // tip: Γùê secrets for agents [www.dotenvx.com]

[1A[2KΓùç injected env (0) from .env.test // tip: Γîÿ multiple files { path: ['.env.local', '.env'] }

[1A[2K[225/350] (retries) [chromium] ΓÇ║ tests\e2e\inline-image-paste.spec.ts:97:7 ΓÇ║ Inline image paste in post editor ΓÇ║ paste image into new-ticket editor ΓåÆ orphan attachment created (retry #1)
[1A[2K[226/350] (retries) [chromium] ΓÇ║ tests\e2e\csat.spec.ts:86:7 ΓÇ║ CSAT Rating Page ΓÇ║ CSAT rating page renders with valid token (retry #1)
[1A[2KΓùç injected env (0) from .env.test // tip: Γîü auth for agents [www.vestauth.com]

[1A[2K[227/350] [chromium] ΓÇ║ tests\e2e\inbound-email.spec.ts:174:7 ΓÇ║ Inbound Email Admin Configuration ΓÇ║ auto-reply templates section is visible
[1A[2K[228/350] [chromium] ΓÇ║ tests\e2e\inbound-email.spec.ts:185:7 ΓÇ║ Inbound Email Admin Configuration ΓÇ║ webhook endpoint info is displayed
[1A[2K[229/350] [chromium] ΓÇ║ tests\e2e\inbound-email.spec.ts:203:7 ΓÇ║ Email Signature Stripping ΓÇ║ strips standard "-- " signature delimiter
[1A[2K[230/350] [chromium] ΓÇ║ tests\e2e\inbound-email.spec.ts:275:7 ΓÇ║ Thread Matching ΓÇ║ webhook creates reply when subject has [Ticket #ID]
[1A[2K[231/350] [chromium] ΓÇ║ tests\e2e\inbound-email.spec.ts:361:7 ΓÇ║ Inbound Email Webhook ΓÇ║ returns 200 for all requests
[1A[2K[232/350] [chromium] ΓÇ║ tests\e2e\inbound-email.spec.ts:376:7 ΓÇ║ Inbound Email Webhook ΓÇ║ unknown sender email is discarded when inbound disabled
[1A[2K[233/350] [chromium] ΓÇ║ tests\e2e\inbound-email.spec.ts:412:7 ΓÇ║ New Ticket Creation by Email ΓÇ║ email from known user creates a ticket
[1A[2K[234/350] [chromium] ΓÇ║ tests\e2e\inbound-email.spec.ts:490:7 ΓÇ║ Reply by Email ΓÇ║ non-agent reply to closed ticket re-opens it
[1A[2K[235/350] [chromium] ΓÇ║ tests\e2e\inbound-email.spec.ts:581:7 ΓÇ║ Auto-Reply Rate Limiting ΓÇ║ auto-replies are rate limited to 3 per hour
[1A[2K[236/350] [chromium] ΓÇ║ tests\e2e\knowledge-base.spec.ts:33:7 ΓÇ║ Help Center ΓÇô Public ΓÇ║ help center page loads with categories
[1A[2KΓùç injected env (0) from .env.test // tip: Γîÿ override existing { override: true }

[1A[2K[237/350] (retries) [chromium] ΓÇ║ tests\e2e\inbound-email.spec.ts:47:7 ΓÇ║ Inbound Email Admin Configuration ΓÇ║ admin can navigate to /admin/inbound-email (retry #1)
[1A[2K  6) [chromium] ΓÇ║ tests\e2e\csat.spec.ts:86:7 ΓÇ║ CSAT Rating Page ΓÇ║ CSAT rating page renders with valid token 

    Retry #1 ΓöÇΓöÇΓöÇΓöÇΓöÇΓöÇΓöÇΓöÇΓöÇΓöÇΓöÇΓöÇΓöÇΓöÇΓöÇΓöÇΓöÇΓöÇΓöÇΓöÇΓöÇΓöÇΓöÇΓöÇΓöÇΓöÇΓöÇΓöÇΓöÇΓöÇΓöÇΓöÇΓöÇΓöÇΓöÇΓöÇΓöÇΓöÇΓöÇΓöÇΓöÇΓöÇΓöÇΓöÇΓöÇΓöÇΓöÇΓöÇΓöÇΓöÇΓöÇΓöÇΓöÇΓöÇΓöÇΓöÇΓöÇΓöÇΓöÇΓöÇΓöÇΓöÇΓöÇΓöÇΓöÇΓöÇΓöÇΓöÇΓöÇΓöÇΓöÇΓöÇΓöÇΓöÇΓöÇΓöÇΓöÇΓöÇΓöÇΓöÇΓöÇΓöÇΓöÇΓöÇΓöÇΓöÇΓöÇ

    Error: page.goto: net::ERR_CONNECTION_REFUSED at http://localhost:3000/csat/aaa5545f5224a83705c4c05ab0bf720d6fd1a406dbcb63db80e0acb9c0eeb234
    Call log:
    [2m  - navigating to "http://localhost:3000/csat/aaa5545f5224a83705c4c05ab0bf720d6fd1a406dbcb63db80e0acb9c0eeb234", waiting until "load"[22m


      85 |
      86 |   test('CSAT rating page renders with valid token', async ({ page }) => {
    > 87 |     await page.goto(`/csat/${validToken}`);
         |                ^
      88 |     await expect(page.getByText('Rate Your Experience')).toBeVisible({ timeout: 10000 });
      89 |     await expect(page.getByText('E2E CSAT Test Ticket')).toBeVisible();
      90 |     await expect(page.getByTestId('csat-form')).toBeVisible();
        at C:\survey.js\supabase-helpdesk\tests\e2e\csat.spec.ts:87:16

    attachment #1: screenshot (image/png) ΓöÇΓöÇΓöÇΓöÇΓöÇΓöÇΓöÇΓöÇΓöÇΓöÇΓöÇΓöÇΓöÇΓöÇΓöÇΓöÇΓöÇΓöÇΓöÇΓöÇΓöÇΓöÇΓöÇΓöÇΓöÇΓöÇΓöÇΓöÇΓöÇΓöÇΓöÇΓöÇΓöÇΓöÇΓöÇΓöÇΓöÇΓöÇΓöÇΓöÇΓöÇΓöÇΓöÇΓöÇΓöÇΓöÇΓöÇΓöÇΓöÇΓöÇΓöÇΓöÇΓöÇΓöÇΓöÇΓöÇΓöÇΓöÇ
    test-results\csat-CSAT-Rating-Page-CSAT-82de9-ge-renders-with-valid-token-chromium-retry1\test-failed-1.png
    ΓöÇΓöÇΓöÇΓöÇΓöÇΓöÇΓöÇΓöÇΓöÇΓöÇΓöÇΓöÇΓöÇΓöÇΓöÇΓöÇΓöÇΓöÇΓöÇΓöÇΓöÇΓöÇΓöÇΓöÇΓöÇΓöÇΓöÇΓöÇΓöÇΓöÇΓöÇΓöÇΓöÇΓöÇΓöÇΓöÇΓöÇΓöÇΓöÇΓöÇΓöÇΓöÇΓöÇΓöÇΓöÇΓöÇΓöÇΓöÇΓöÇΓöÇΓöÇΓöÇΓöÇΓöÇΓöÇΓöÇΓöÇΓöÇΓöÇΓöÇΓöÇΓöÇΓöÇΓöÇΓöÇΓöÇΓöÇΓöÇΓöÇΓöÇΓöÇΓöÇΓöÇΓöÇΓöÇΓöÇΓöÇΓöÇΓöÇΓöÇΓöÇΓöÇΓöÇΓöÇΓöÇΓöÇΓöÇΓöÇΓöÇΓöÇΓöÇΓöÇΓöÇΓöÇΓöÇΓöÇ

    Error Context: test-results\csat-CSAT-Rating-Page-CSAT-82de9-ge-renders-with-valid-token-chromium-retry1\error-context.md

    Error Context: test-results\csat-CSAT-Rating-Page-CSAT-82de9-ge-renders-with-valid-token-chromium-retry1\error-context.md


[1A[2K[238/350] (retries) [chromium] ΓÇ║ tests\e2e\csat.spec.ts:294:7 ΓÇ║ CSAT on Ticket Detail ΓÇ║ "Update rating" link appears after rating is submitted (retry #1)
[1A[2K[239/350] (retries) [chromium] ΓÇ║ tests\e2e\csat.spec.ts:93:7 ΓÇ║ CSAT Rating Page ΓÇ║ invalid token shows error page (retry #1)
[1A[2K[240/350] (retries) [chromium] ΓÇ║ tests\e2e\csat.spec.ts:99:7 ΓÇ║ CSAT Rating Page ΓÇ║ expired token shows error page (retry #1)
[1A[2K[241/350] (retries) [chromium] ΓÇ║ tests\e2e\csat.spec.ts:113:7 ΓÇ║ CSAT Rating Page ΓÇ║ submit 3-star rating ΓÇö stores correctly (retry #1)
[1A[2K[242/350] (retries) [chromium] ΓÇ║ tests\e2e\csat.spec.ts:129:7 ΓÇ║ CSAT Rating Page ΓÇ║ confirmation page shows new token link (retry #1)
[1A[2K[243/350] (retries) [chromium] ΓÇ║ tests\e2e\csat.spec.ts:154:7 ΓÇ║ CSAT Rating Page ΓÇ║ rating with comment ΓÇö stores correctly (retry #1)
[1A[2K[244/350] (retries) [chromium] ΓÇ║ tests\e2e\csat.spec.ts:255:7 ΓÇ║ CSAT on Ticket Detail ΓÇ║ "Rate this ticket" link appears for ticket owner on closed ticket (retry #1)
[1A[2K[245/350] (retries) [chromium] ΓÇ║ tests\e2e\csat.spec.ts:262:7 ΓÇ║ CSAT on Ticket Detail ΓÇ║ agent cannot see "Rate this ticket" link (retry #1)
[1A[2K[246/350] (retries) [chromium] ΓÇ║ tests\e2e\csat.spec.ts:272:7 ΓÇ║ CSAT on Ticket Detail ΓÇ║ rating displays on ticket detail page after submission (retry #1)
[1A[2K[247/350] (retries) [chromium] ΓÇ║ tests\e2e\csat.spec.ts:329:7 ΓÇ║ CSAT Admin Settings ΓÇ║ CSAT settings page loads for admin (retry #1)
[1A[2K[248/350] (retries) [chromium] ΓÇ║ tests\e2e\csat.spec.ts:337:7 ΓÇ║ CSAT Admin Settings ΓÇ║ CSAT toggle disabled when email not configured (retry #1)
[1A[2K[249/350] (retries) [chromium] ΓÇ║ tests\e2e\csat.spec.ts:348:7 ΓÇ║ CSAT Admin Settings ΓÇ║ change delay setting (retry #1)
[1A[2K  7) [chromium] ΓÇ║ tests\e2e\inline-image-paste.spec.ts:97:7 ΓÇ║ Inline image paste in post editor ΓÇ║ paste image into new-ticket editor ΓåÆ orphan attachment created 

    Retry #1 ΓöÇΓöÇΓöÇΓöÇΓöÇΓöÇΓöÇΓöÇΓöÇΓöÇΓöÇΓöÇΓöÇΓöÇΓöÇΓöÇΓöÇΓöÇΓöÇΓöÇΓöÇΓöÇΓöÇΓöÇΓöÇΓöÇΓöÇΓöÇΓöÇΓöÇΓöÇΓöÇΓöÇΓöÇΓöÇΓöÇΓöÇΓöÇΓöÇΓöÇΓöÇΓöÇΓöÇΓöÇΓöÇΓöÇΓöÇΓöÇΓöÇΓöÇΓöÇΓöÇΓöÇΓöÇΓöÇΓöÇΓöÇΓöÇΓöÇΓöÇΓöÇΓöÇΓöÇΓöÇΓöÇΓöÇΓöÇΓöÇΓöÇΓöÇΓöÇΓöÇΓöÇΓöÇΓöÇΓöÇΓöÇΓöÇΓöÇΓöÇΓöÇΓöÇΓöÇΓöÇΓöÇΓöÇΓöÇ

    Error: page.goto: net::ERR_CONNECTION_REFUSED at http://localhost:3000/login
    Call log:
    [2m  - navigating to "http://localhost:3000/login", waiting until "load"[22m


       at ..\helpers\auth.ts:55

      53 |
      54 |   const submit = async (): Promise<boolean> => {
    > 55 |     await page.goto('/login');
         |                ^
      56 |     // Another worker (typically auth-external.spec.ts) can flip `auth_mode`
      57 |     // back to `external` between our ensureBuiltInAuthMode() call above and
      58 |     // this navigation, in which case `/login` renders only the SSO button
        at submit (C:\survey.js\supabase-helpdesk\tests\helpers\auth.ts:55:16)
        at loginViaForm (C:\survey.js\supabase-helpdesk\tests\helpers\auth.ts:86:15)
        at loginAs (C:\survey.js\supabase-helpdesk\tests\e2e\inline-image-paste.spec.ts:11:3)
        at C:\survey.js\supabase-helpdesk\tests\e2e\inline-image-paste.spec.ts:98:5

    attachment #1: screenshot (image/png) ΓöÇΓöÇΓöÇΓöÇΓöÇΓöÇΓöÇΓöÇΓöÇΓöÇΓöÇΓöÇΓöÇΓöÇΓöÇΓöÇΓöÇΓöÇΓöÇΓöÇΓöÇΓöÇΓöÇΓöÇΓöÇΓöÇΓöÇΓöÇΓöÇΓöÇΓöÇΓöÇΓöÇΓöÇΓöÇΓöÇΓöÇΓöÇΓöÇΓöÇΓöÇΓöÇΓöÇΓöÇΓöÇΓöÇΓöÇΓöÇΓöÇΓöÇΓöÇΓöÇΓöÇΓöÇΓöÇΓöÇΓöÇΓöÇ
    test-results\inline-image-paste-Inline--c83fd-ΓåÆ-orphan-attachment-created-chromium-retry1\test-failed-1.png
    ΓöÇΓöÇΓöÇΓöÇΓöÇΓöÇΓöÇΓöÇΓöÇΓöÇΓöÇΓöÇΓöÇΓöÇΓöÇΓöÇΓöÇΓöÇΓöÇΓöÇΓöÇΓöÇΓöÇΓöÇΓöÇΓöÇΓöÇΓöÇΓöÇΓöÇΓöÇΓöÇΓöÇΓöÇΓöÇΓöÇΓöÇΓöÇΓöÇΓöÇΓöÇΓöÇΓöÇΓöÇΓöÇΓöÇΓöÇΓöÇΓöÇΓöÇΓöÇΓöÇΓöÇΓöÇΓöÇΓöÇΓöÇΓöÇΓöÇΓöÇΓöÇΓöÇΓöÇΓöÇΓöÇΓöÇΓöÇΓöÇΓöÇΓöÇΓöÇΓöÇΓöÇΓöÇΓöÇΓöÇΓöÇΓöÇΓöÇΓöÇΓöÇΓöÇΓöÇΓöÇΓöÇΓöÇΓöÇΓöÇΓöÇΓöÇΓöÇΓöÇΓöÇΓöÇΓöÇΓöÇ

    Error Context: test-results\inline-image-paste-Inline--c83fd-ΓåÆ-orphan-attachment-created-chromium-retry1\error-context.md


[1A[2K[250/350] (retries) [chromium] ΓÇ║ tests\e2e\inline-image-paste.spec.ts:163:7 ΓÇ║ Inline image paste in post editor ΓÇ║ paste image into reply editor ΓåÆ claimed onto the new reply post (retry #1)
[1A[2K[251/350] [chromium] ΓÇ║ tests\e2e\knowledge-base.spec.ts:40:7 ΓÇ║ Help Center ΓÇô Public ΓÇ║ help center hidden when KB visibility disabled
[1A[2K[252/350] [chromium] ΓÇ║ tests\e2e\knowledge-base.spec.ts:52:7 ΓÇ║ Help Center ΓÇô Public ΓÇ║ article detail page renders Markdown
[1A[2K[253/350] [chromium] ΓÇ║ tests\e2e\knowledge-base.spec.ts:61:7 ΓÇ║ Help Center ΓÇô Public ΓÇ║ article URL redirect on slug mismatch (307)
[1A[2K[254/350] [chromium] ΓÇ║ tests\e2e\knowledge-base.spec.ts:69:7 ΓÇ║ Help Center ΓÇô Public ΓÇ║ draft article returns 404 for regular users
[1A[2K[255/350] [chromium] ΓÇ║ tests\e2e\knowledge-base.spec.ts:75:7 ΓÇ║ Help Center ΓÇô Public ΓÇ║ draft article visible to agents with "Draft" banner
[1A[2K[256/350] [chromium] ΓÇ║ tests\e2e\knowledge-base.spec.ts:83:7 ΓÇ║ Help Center ΓÇô Public ΓÇ║ archived article shows "outdated" banner
[1A[2K[257/350] [chromium] ΓÇ║ tests\e2e\knowledge-base.spec.ts:96:7 ΓÇ║ Help Center ΓÇô Public ΓÇ║ search articles returns matching results
[1A[2KΓùç injected env (0) from .env.test // tip: Γîÿ multiple files { path: ['.env.local', '.env'] }

[1A[2KΓùç injected env (0) from .env.test // tip: Γîÿ suppress logs { quiet: true }

[1A[2K  8) [chromium] ΓÇ║ tests\e2e\inbound-email.spec.ts:47:7 ΓÇ║ Inbound Email Admin Configuration ΓÇ║ admin can navigate to /admin/inbound-email 

    Retry #1 ΓöÇΓöÇΓöÇΓöÇΓöÇΓöÇΓöÇΓöÇΓöÇΓöÇΓöÇΓöÇΓöÇΓöÇΓöÇΓöÇΓöÇΓöÇΓöÇΓöÇΓöÇΓöÇΓöÇΓöÇΓöÇΓöÇΓöÇΓöÇΓöÇΓöÇΓöÇΓöÇΓöÇΓöÇΓöÇΓöÇΓöÇΓöÇΓöÇΓöÇΓöÇΓöÇΓöÇΓöÇΓöÇΓöÇΓöÇΓöÇΓöÇΓöÇΓöÇΓöÇΓöÇΓöÇΓöÇΓöÇΓöÇΓöÇΓöÇΓöÇΓöÇΓöÇΓöÇΓöÇΓöÇΓöÇΓöÇΓöÇΓöÇΓöÇΓöÇΓöÇΓöÇΓöÇΓöÇΓöÇΓöÇΓöÇΓöÇΓöÇΓöÇΓöÇΓöÇΓöÇΓöÇΓöÇΓöÇ

    Error: page.goto: net::ERR_CONNECTION_REFUSED at http://localhost:3000/login
    Call log:
    [2m  - navigating to "http://localhost:3000/login", waiting until "load"[22m


       at ..\helpers\auth.ts:55

      53 |
      54 |   const submit = async (): Promise<boolean> => {
    > 55 |     await page.goto('/login');
         |                ^
      56 |     // Another worker (typically auth-external.spec.ts) can flip `auth_mode`
      57 |     // back to `external` between our ensureBuiltInAuthMode() call above and
      58 |     // this navigation, in which case `/login` renders only the SSO button
        at submit (C:\survey.js\supabase-helpdesk\tests\helpers\auth.ts:55:16)
        at loginViaForm (C:\survey.js\supabase-helpdesk\tests\helpers\auth.ts:86:15)
        at loginAs (C:\survey.js\supabase-helpdesk\tests\e2e\inbound-email.spec.ts:19:3)
        at C:\survey.js\supabase-helpdesk\tests\e2e\inbound-email.spec.ts:48:5

    attachment #1: screenshot (image/png) ΓöÇΓöÇΓöÇΓöÇΓöÇΓöÇΓöÇΓöÇΓöÇΓöÇΓöÇΓöÇΓöÇΓöÇΓöÇΓöÇΓöÇΓöÇΓöÇΓöÇΓöÇΓöÇΓöÇΓöÇΓöÇΓöÇΓöÇΓöÇΓöÇΓöÇΓöÇΓöÇΓöÇΓöÇΓöÇΓöÇΓöÇΓöÇΓöÇΓöÇΓöÇΓöÇΓöÇΓöÇΓöÇΓöÇΓöÇΓöÇΓöÇΓöÇΓöÇΓöÇΓöÇΓöÇΓöÇΓöÇΓöÇΓöÇ
    test-results\inbound-email-Inbound-Emai-629f0-gate-to-admin-inbound-email-chromium-retry1\test-failed-1.png
    ΓöÇΓöÇΓöÇΓöÇΓöÇΓöÇΓöÇΓöÇΓöÇΓöÇΓöÇΓöÇΓöÇΓöÇΓöÇΓöÇΓöÇΓöÇΓöÇΓöÇΓöÇΓöÇΓöÇΓöÇΓöÇΓöÇΓöÇΓöÇΓöÇΓöÇΓöÇΓöÇΓöÇΓöÇΓöÇΓöÇΓöÇΓöÇΓöÇΓöÇΓöÇΓöÇΓöÇΓöÇΓöÇΓöÇΓöÇΓöÇΓöÇΓöÇΓöÇΓöÇΓöÇΓöÇΓöÇΓöÇΓöÇΓöÇΓöÇΓöÇΓöÇΓöÇΓöÇΓöÇΓöÇΓöÇΓöÇΓöÇΓöÇΓöÇΓöÇΓöÇΓöÇΓöÇΓöÇΓöÇΓöÇΓöÇΓöÇΓöÇΓöÇΓöÇΓöÇΓöÇΓöÇΓöÇΓöÇΓöÇΓöÇΓöÇΓöÇΓöÇΓöÇΓöÇΓöÇΓöÇ

    Error Context: test-results\inbound-email-Inbound-Emai-629f0-gate-to-admin-inbound-email-chromium-retry1\error-context.md

    Error Context: test-results\inbound-email-Inbound-Emai-629f0-gate-to-admin-inbound-email-chromium-retry1\error-context.md


[1A[2K[258/350] (retries) [chromium] ΓÇ║ tests\e2e\inbound-email.spec.ts:136:7 ΓÇ║ Inbound Email Admin Configuration ΓÇ║ settings persist after save (retry #1)
[1A[2K[259/350] (retries) [chromium] ΓÇ║ tests\e2e\inbound-email.spec.ts:54:7 ΓÇ║ Inbound Email Admin Configuration ΓÇ║ inbound email sidebar link is visible (retry #1)
[1A[2K[260/350] (retries) [chromium] ΓÇ║ tests\e2e\inbound-email.spec.ts:60:7 ΓÇ║ Inbound Email Admin Configuration ΓÇ║ toggle inbound email on/off (retry #1)
[1A[2K[261/350] (retries) [chromium] ΓÇ║ tests\e2e\inbound-email.spec.ts:106:7 ΓÇ║ Inbound Email Admin Configuration ΓÇ║ set reply-to address with validation (retry #1)
[1A[2K[262/350] (retries) [chromium] ΓÇ║ tests\e2e\inbound-email.spec.ts:174:7 ΓÇ║ Inbound Email Admin Configuration ΓÇ║ auto-reply templates section is visible (retry #1)
[1A[2K[263/350] (retries) [chromium] ΓÇ║ tests\e2e\inbound-email.spec.ts:185:7 ΓÇ║ Inbound Email Admin Configuration ΓÇ║ webhook endpoint info is displayed (retry #1)
[1A[2K[264/350] (retries) [chromium] ΓÇ║ tests\e2e\inbound-email.spec.ts:203:7 ΓÇ║ Email Signature Stripping ΓÇ║ strips standard "-- " signature delimiter (retry #1)
[1A[2K[265/350] (retries) [chromium] ΓÇ║ tests\e2e\inbound-email.spec.ts:275:7 ΓÇ║ Thread Matching ΓÇ║ webhook creates reply when subject has [Ticket #ID] (retry #1)
[1A[2K[266/350] (retries) [chromium] ΓÇ║ tests\e2e\inbound-email.spec.ts:361:7 ΓÇ║ Inbound Email Webhook ΓÇ║ returns 200 for all requests (retry #1)
[1A[2K[267/350] (retries) [chromium] ΓÇ║ tests\e2e\inbound-email.spec.ts:376:7 ΓÇ║ Inbound Email Webhook ΓÇ║ unknown sender email is discarded when inbound disabled (retry #1)
[1A[2K[268/350] (retries) [chromium] ΓÇ║ tests\e2e\inbound-email.spec.ts:412:7 ΓÇ║ New Ticket Creation by Email ΓÇ║ email from known user creates a ticket (retry #1)
[1A[2K[269/350] (retries) [chromium] ΓÇ║ tests\e2e\inbound-email.spec.ts:490:7 ΓÇ║ Reply by Email ΓÇ║ non-agent reply to closed ticket re-opens it (retry #1)
[1A[2K[270/350] (retries) [chromium] ΓÇ║ tests\e2e\inbound-email.spec.ts:581:7 ΓÇ║ Auto-Reply Rate Limiting ΓÇ║ auto-replies are rate limited to 3 per hour (retry #1)
[1A[2KΓùç injected env (0) from .env.test // tip: Γîÿ multiple files { path: ['.env.local', '.env'] }

[1A[2K[271/350] (retries) [chromium] ΓÇ║ tests\e2e\csat.spec.ts:86:7 ΓÇ║ CSAT Rating Page ΓÇ║ CSAT rating page renders with valid token (retry #2)
[1A[2K[272/350] (retries) [chromium] ΓÇ║ tests\e2e\knowledge-base.spec.ts:33:7 ΓÇ║ Help Center ΓÇô Public ΓÇ║ help center page loads with categories (retry #1)
[1A[2K[273/350] (retries) [chromium] ΓÇ║ tests\e2e\inline-image-paste.spec.ts:97:7 ΓÇ║ Inline image paste in post editor ΓÇ║ paste image into new-ticket editor ΓåÆ orphan attachment created (retry #2)
[1A[2KΓùç injected env (0) from .env.test // tip: Γîÿ override existing { override: true }

[1A[2K[274/350] (retries) [chromium] ΓÇ║ tests\e2e\inbound-email.spec.ts:47:7 ΓÇ║ Inbound Email Admin Configuration ΓÇ║ admin can navigate to /admin/inbound-email (retry #2)
[1A[2K[275/350] (retries) [chromium] ΓÇ║ tests\e2e\knowledge-base.spec.ts:40:7 ΓÇ║ Help Center ΓÇô Public ΓÇ║ help center hidden when KB visibility disabled (retry #1)
[1A[2K[276/350] (retries) [chromium] ΓÇ║ tests\e2e\knowledge-base.spec.ts:52:7 ΓÇ║ Help Center ΓÇô Public ΓÇ║ article detail page renders Markdown (retry #1)
[1A[2K[277/350] (retries) [chromium] ΓÇ║ tests\e2e\knowledge-base.spec.ts:61:7 ΓÇ║ Help Center ΓÇô Public ΓÇ║ article URL redirect on slug mismatch (307) (retry #1)
[1A[2K[278/350] (retries) [chromium] ΓÇ║ tests\e2e\knowledge-base.spec.ts:69:7 ΓÇ║ Help Center ΓÇô Public ΓÇ║ draft article returns 404 for regular users (retry #1)
[1A[2K[279/350] (retries) [chromium] ΓÇ║ tests\e2e\knowledge-base.spec.ts:75:7 ΓÇ║ Help Center ΓÇô Public ΓÇ║ draft article visible to agents with "Draft" banner (retry #1)
[1A[2K[280/350] (retries) [chromium] ΓÇ║ tests\e2e\knowledge-base.spec.ts:83:7 ΓÇ║ Help Center ΓÇô Public ΓÇ║ archived article shows "outdated" banner (retry #1)
[1A[2K[281/350] (retries) [chromium] ΓÇ║ tests\e2e\knowledge-base.spec.ts:96:7 ΓÇ║ Help Center ΓÇô Public ΓÇ║ search articles returns matching results (retry #1)
[1A[2K  9) [chromium] ΓÇ║ tests\e2e\csat.spec.ts:86:7 ΓÇ║ CSAT Rating Page ΓÇ║ CSAT rating page renders with valid token 

    Retry #1 ΓöÇΓöÇΓöÇΓöÇΓöÇΓöÇΓöÇΓöÇΓöÇΓöÇΓöÇΓöÇΓöÇΓöÇΓöÇΓöÇΓöÇΓöÇΓöÇΓöÇΓöÇΓöÇΓöÇΓöÇΓöÇΓöÇΓöÇΓöÇΓöÇΓöÇΓöÇΓöÇΓöÇΓöÇΓöÇΓöÇΓöÇΓöÇΓöÇΓöÇΓöÇΓöÇΓöÇΓöÇΓöÇΓöÇΓöÇΓöÇΓöÇΓöÇΓöÇΓöÇΓöÇΓöÇΓöÇΓöÇΓöÇΓöÇΓöÇΓöÇΓöÇΓöÇΓöÇΓöÇΓöÇΓöÇΓöÇΓöÇΓöÇΓöÇΓöÇΓöÇΓöÇΓöÇΓöÇΓöÇΓöÇΓöÇΓöÇΓöÇΓöÇΓöÇΓöÇΓöÇΓöÇΓöÇΓöÇ

    Error: page.goto: net::ERR_CONNECTION_REFUSED at http://localhost:3000/csat/aaa5545f5224a83705c4c05ab0bf720d6fd1a406dbcb63db80e0acb9c0eeb234
    Call log:
    [2m  - navigating to "http://localhost:3000/csat/aaa5545f5224a83705c4c05ab0bf720d6fd1a406dbcb63db80e0acb9c0eeb234", waiting until "load"[22m


      85 |
      86 |   test('CSAT rating page renders with valid token', async ({ page }) => {
    > 87 |     await page.goto(`/csat/${validToken}`);
         |                ^
      88 |     await expect(page.getByText('Rate Your Experience')).toBeVisible({ timeout: 10000 });
      89 |     await expect(page.getByText('E2E CSAT Test Ticket')).toBeVisible();
      90 |     await expect(page.getByTestId('csat-form')).toBeVisible();
        at C:\survey.js\supabase-helpdesk\tests\e2e\csat.spec.ts:87:16

    attachment #1: screenshot (image/png) ΓöÇΓöÇΓöÇΓöÇΓöÇΓöÇΓöÇΓöÇΓöÇΓöÇΓöÇΓöÇΓöÇΓöÇΓöÇΓöÇΓöÇΓöÇΓöÇΓöÇΓöÇΓöÇΓöÇΓöÇΓöÇΓöÇΓöÇΓöÇΓöÇΓöÇΓöÇΓöÇΓöÇΓöÇΓöÇΓöÇΓöÇΓöÇΓöÇΓöÇΓöÇΓöÇΓöÇΓöÇΓöÇΓöÇΓöÇΓöÇΓöÇΓöÇΓöÇΓöÇΓöÇΓöÇΓöÇΓöÇΓöÇΓöÇ
    test-results\csat-CSAT-Rating-Page-CSAT-82de9-ge-renders-with-valid-token-chromium-retry1\test-failed-1.png
    ΓöÇΓöÇΓöÇΓöÇΓöÇΓöÇΓöÇΓöÇΓöÇΓöÇΓöÇΓöÇΓöÇΓöÇΓöÇΓöÇΓöÇΓöÇΓöÇΓöÇΓöÇΓöÇΓöÇΓöÇΓöÇΓöÇΓöÇΓöÇΓöÇΓöÇΓöÇΓöÇΓöÇΓöÇΓöÇΓöÇΓöÇΓöÇΓöÇΓöÇΓöÇΓöÇΓöÇΓöÇΓöÇΓöÇΓöÇΓöÇΓöÇΓöÇΓöÇΓöÇΓöÇΓöÇΓöÇΓöÇΓöÇΓöÇΓöÇΓöÇΓöÇΓöÇΓöÇΓöÇΓöÇΓöÇΓöÇΓöÇΓöÇΓöÇΓöÇΓöÇΓöÇΓöÇΓöÇΓöÇΓöÇΓöÇΓöÇΓöÇΓöÇΓöÇΓöÇΓöÇΓöÇΓöÇΓöÇΓöÇΓöÇΓöÇΓöÇΓöÇΓöÇΓöÇΓöÇΓöÇ

    Error Context: test-results\csat-CSAT-Rating-Page-CSAT-82de9-ge-renders-with-valid-token-chromium-retry1\error-context.md

    Error Context: test-results\csat-CSAT-Rating-Page-CSAT-82de9-ge-renders-with-valid-token-chromium-retry1\error-context.md

    Retry #2 ΓöÇΓöÇΓöÇΓöÇΓöÇΓöÇΓöÇΓöÇΓöÇΓöÇΓöÇΓöÇΓöÇΓöÇΓöÇΓöÇΓöÇΓöÇΓöÇΓöÇΓöÇΓöÇΓöÇΓöÇΓöÇΓöÇΓöÇΓöÇΓöÇΓöÇΓöÇΓöÇΓöÇΓöÇΓöÇΓöÇΓöÇΓöÇΓöÇΓöÇΓöÇΓöÇΓöÇΓöÇΓöÇΓöÇΓöÇΓöÇΓöÇΓöÇΓöÇΓöÇΓöÇΓöÇΓöÇΓöÇΓöÇΓöÇΓöÇΓöÇΓöÇΓöÇΓöÇΓöÇΓöÇΓöÇΓöÇΓöÇΓöÇΓöÇΓöÇΓöÇΓöÇΓöÇΓöÇΓöÇΓöÇΓöÇΓöÇΓöÇΓöÇΓöÇΓöÇΓöÇΓöÇΓöÇΓöÇ

    Error: page.goto: net::ERR_CONNECTION_REFUSED at http://localhost:3000/csat/6f5ed0d470f71d9e5a07de1d54cc6062b7282e46dee77ae329e598a9dfb2be6b
    Call log:
    [2m  - navigating to "http://localhost:3000/csat/6f5ed0d470f71d9e5a07de1d54cc6062b7282e46dee77ae329e598a9dfb2be6b", waiting until "load"[22m


      85 |
      86 |   test('CSAT rating page renders with valid token', async ({ page }) => {
    > 87 |     await page.goto(`/csat/${validToken}`);
         |                ^
      88 |     await expect(page.getByText('Rate Your Experience')).toBeVisible({ timeout: 10000 });
      89 |     await expect(page.getByText('E2E CSAT Test Ticket')).toBeVisible();
      90 |     await expect(page.getByTestId('csat-form')).toBeVisible();
        at C:\survey.js\supabase-helpdesk\tests\e2e\csat.spec.ts:87:16

    attachment #1: screenshot (image/png) ΓöÇΓöÇΓöÇΓöÇΓöÇΓöÇΓöÇΓöÇΓöÇΓöÇΓöÇΓöÇΓöÇΓöÇΓöÇΓöÇΓöÇΓöÇΓöÇΓöÇΓöÇΓöÇΓöÇΓöÇΓöÇΓöÇΓöÇΓöÇΓöÇΓöÇΓöÇΓöÇΓöÇΓöÇΓöÇΓöÇΓöÇΓöÇΓöÇΓöÇΓöÇΓöÇΓöÇΓöÇΓöÇΓöÇΓöÇΓöÇΓöÇΓöÇΓöÇΓöÇΓöÇΓöÇΓöÇΓöÇΓöÇΓöÇ
    test-results\csat-CSAT-Rating-Page-CSAT-82de9-ge-renders-with-valid-token-chromium-retry2\test-failed-1.png
    ΓöÇΓöÇΓöÇΓöÇΓöÇΓöÇΓöÇΓöÇΓöÇΓöÇΓöÇΓöÇΓöÇΓöÇΓöÇΓöÇΓöÇΓöÇΓöÇΓöÇΓöÇΓöÇΓöÇΓöÇΓöÇΓöÇΓöÇΓöÇΓöÇΓöÇΓöÇΓöÇΓöÇΓöÇΓöÇΓöÇΓöÇΓöÇΓöÇΓöÇΓöÇΓöÇΓöÇΓöÇΓöÇΓöÇΓöÇΓöÇΓöÇΓöÇΓöÇΓöÇΓöÇΓöÇΓöÇΓöÇΓöÇΓöÇΓöÇΓöÇΓöÇΓöÇΓöÇΓöÇΓöÇΓöÇΓöÇΓöÇΓöÇΓöÇΓöÇΓöÇΓöÇΓöÇΓöÇΓöÇΓöÇΓöÇΓöÇΓöÇΓöÇΓöÇΓöÇΓöÇΓöÇΓöÇΓöÇΓöÇΓöÇΓöÇΓöÇΓöÇΓöÇΓöÇΓöÇΓöÇ

    Error Context: test-results\csat-CSAT-Rating-Page-CSAT-82de9-ge-renders-with-valid-token-chromium-retry2\error-context.md

    Error Context: test-results\csat-CSAT-Rating-Page-CSAT-82de9-ge-renders-with-valid-token-chromium-retry2\error-context.md


[1A[2K[282/350] (retries) [chromium] ΓÇ║ tests\e2e\csat.spec.ts:93:7 ΓÇ║ CSAT Rating Page ΓÇ║ invalid token shows error page (retry #2)
[1A[2K[283/350] (retries) [chromium] ΓÇ║ tests\e2e\csat.spec.ts:99:7 ΓÇ║ CSAT Rating Page ΓÇ║ expired token shows error page (retry #2)
[1A[2K[284/350] (retries) [chromium] ΓÇ║ tests\e2e\csat.spec.ts:113:7 ΓÇ║ CSAT Rating Page ΓÇ║ submit 3-star rating ΓÇö stores correctly (retry #2)
[1A[2K[285/350] (retries) [chromium] ΓÇ║ tests\e2e\csat.spec.ts:129:7 ΓÇ║ CSAT Rating Page ΓÇ║ confirmation page shows new token link (retry #2)
[1A[2K[286/350] (retries) [chromium] ΓÇ║ tests\e2e\csat.spec.ts:154:7 ΓÇ║ CSAT Rating Page ΓÇ║ rating with comment ΓÇö stores correctly (retry #2)
[1A[2K[287/350] (retries) [chromium] ΓÇ║ tests\e2e\csat.spec.ts:255:7 ΓÇ║ CSAT on Ticket Detail ΓÇ║ "Rate this ticket" link appears for ticket owner on closed ticket (retry #2)
[1A[2K[288/350] (retries) [chromium] ΓÇ║ tests\e2e\csat.spec.ts:262:7 ΓÇ║ CSAT on Ticket Detail ΓÇ║ agent cannot see "Rate this ticket" link (retry #2)
[1A[2K[289/350] (retries) [chromium] ΓÇ║ tests\e2e\csat.spec.ts:272:7 ΓÇ║ CSAT on Ticket Detail ΓÇ║ rating displays on ticket detail page after submission (retry #2)
[1A[2K[290/350] (retries) [chromium] ΓÇ║ tests\e2e\csat.spec.ts:294:7 ΓÇ║ CSAT on Ticket Detail ΓÇ║ "Update rating" link appears after rating is submitted (retry #2)
[1A[2K  10) [chromium] ΓÇ║ tests\e2e\csat.spec.ts:294:7 ΓÇ║ CSAT on Ticket Detail ΓÇ║ "Update rating" link appears after rating is submitted 

    Error: page.goto: net::ERR_CONNECTION_REFUSED at http://localhost:3000/tickets/573/e2e-csat-detail-ticket
    Call log:
    [2m  - navigating to "http://localhost:3000/tickets/573/e2e-csat-detail-ticket", waiting until "load"[22m


      307 |
      308 |     await loginAs(page, 'alice@example.com');
    > 309 |     await page.goto(`/tickets/${ticketId}/${ticketSlug}`);
          |                ^
      310 |
      311 |     await expect(page.getByTestId('update-rating-link')).toBeVisible({ timeout: 10000 });
      312 |   });
        at C:\survey.js\supabase-helpdesk\tests\e2e\csat.spec.ts:309:16

    attachment #1: screenshot (image/png) ΓöÇΓöÇΓöÇΓöÇΓöÇΓöÇΓöÇΓöÇΓöÇΓöÇΓöÇΓöÇΓöÇΓöÇΓöÇΓöÇΓöÇΓöÇΓöÇΓöÇΓöÇΓöÇΓöÇΓöÇΓöÇΓöÇΓöÇΓöÇΓöÇΓöÇΓöÇΓöÇΓöÇΓöÇΓöÇΓöÇΓöÇΓöÇΓöÇΓöÇΓöÇΓöÇΓöÇΓöÇΓöÇΓöÇΓöÇΓöÇΓöÇΓöÇΓöÇΓöÇΓöÇΓöÇΓöÇΓöÇΓöÇΓöÇ
    test-results\csat-CSAT-on-Ticket-Detail-cd007-s-after-rating-is-submitted-chromium\test-failed-1.png
    ΓöÇΓöÇΓöÇΓöÇΓöÇΓöÇΓöÇΓöÇΓöÇΓöÇΓöÇΓöÇΓöÇΓöÇΓöÇΓöÇΓöÇΓöÇΓöÇΓöÇΓöÇΓöÇΓöÇΓöÇΓöÇΓöÇΓöÇΓöÇΓöÇΓöÇΓöÇΓöÇΓöÇΓöÇΓöÇΓöÇΓöÇΓöÇΓöÇΓöÇΓöÇΓöÇΓöÇΓöÇΓöÇΓöÇΓöÇΓöÇΓöÇΓöÇΓöÇΓöÇΓöÇΓöÇΓöÇΓöÇΓöÇΓöÇΓöÇΓöÇΓöÇΓöÇΓöÇΓöÇΓöÇΓöÇΓöÇΓöÇΓöÇΓöÇΓöÇΓöÇΓöÇΓöÇΓöÇΓöÇΓöÇΓöÇΓöÇΓöÇΓöÇΓöÇΓöÇΓöÇΓöÇΓöÇΓöÇΓöÇΓöÇΓöÇΓöÇΓöÇΓöÇΓöÇΓöÇΓöÇ

    Error Context: test-results\csat-CSAT-on-Ticket-Detail-cd007-s-after-rating-is-submitted-chromium\error-context.md

    Error Context: test-results\csat-CSAT-on-Ticket-Detail-cd007-s-after-rating-is-submitted-chromium\error-context.md


[1A[2K[291/350] (retries) [chromium] ΓÇ║ tests\e2e\csat.spec.ts:329:7 ΓÇ║ CSAT Admin Settings ΓÇ║ CSAT settings page loads for admin (retry #2)
[1A[2K[292/350] (retries) [chromium] ΓÇ║ tests\e2e\csat.spec.ts:337:7 ΓÇ║ CSAT Admin Settings ΓÇ║ CSAT toggle disabled when email not configured (retry #2)
[1A[2K[293/350] (retries) [chromium] ΓÇ║ tests\e2e\csat.spec.ts:348:7 ΓÇ║ CSAT Admin Settings ΓÇ║ change delay setting (retry #2)
[1A[2K  11) [chromium] ΓÇ║ tests\e2e\inline-image-paste.spec.ts:97:7 ΓÇ║ Inline image paste in post editor ΓÇ║ paste image into new-ticket editor ΓåÆ orphan attachment created 

    Retry #1 ΓöÇΓöÇΓöÇΓöÇΓöÇΓöÇΓöÇΓöÇΓöÇΓöÇΓöÇΓöÇΓöÇΓöÇΓöÇΓöÇΓöÇΓöÇΓöÇΓöÇΓöÇΓöÇΓöÇΓöÇΓöÇΓöÇΓöÇΓöÇΓöÇΓöÇΓöÇΓöÇΓöÇΓöÇΓöÇΓöÇΓöÇΓöÇΓöÇΓöÇΓöÇΓöÇΓöÇΓöÇΓöÇΓöÇΓöÇΓöÇΓöÇΓöÇΓöÇΓöÇΓöÇΓöÇΓöÇΓöÇΓöÇΓöÇΓöÇΓöÇΓöÇΓöÇΓöÇΓöÇΓöÇΓöÇΓöÇΓöÇΓöÇΓöÇΓöÇΓöÇΓöÇΓöÇΓöÇΓöÇΓöÇΓöÇΓöÇΓöÇΓöÇΓöÇΓöÇΓöÇΓöÇΓöÇΓöÇ

    Error: page.goto: net::ERR_CONNECTION_REFUSED at http://localhost:3000/login
    Call log:
    [2m  - navigating to "http://localhost:3000/login", waiting until "load"[22m


       at ..\helpers\auth.ts:55

      53 |
      54 |   const submit = async (): Promise<boolean> => {
    > 55 |     await page.goto('/login');
         |                ^
      56 |     // Another worker (typically auth-external.spec.ts) can flip `auth_mode`
      57 |     // back to `external` between our ensureBuiltInAuthMode() call above and
      58 |     // this navigation, in which case `/login` renders only the SSO button
        at submit (C:\survey.js\supabase-helpdesk\tests\helpers\auth.ts:55:16)
        at loginViaForm (C:\survey.js\supabase-helpdesk\tests\helpers\auth.ts:86:15)
        at loginAs (C:\survey.js\supabase-helpdesk\tests\e2e\inline-image-paste.spec.ts:11:3)
        at C:\survey.js\supabase-helpdesk\tests\e2e\inline-image-paste.spec.ts:98:5

    attachment #1: screenshot (image/png) ΓöÇΓöÇΓöÇΓöÇΓöÇΓöÇΓöÇΓöÇΓöÇΓöÇΓöÇΓöÇΓöÇΓöÇΓöÇΓöÇΓöÇΓöÇΓöÇΓöÇΓöÇΓöÇΓöÇΓöÇΓöÇΓöÇΓöÇΓöÇΓöÇΓöÇΓöÇΓöÇΓöÇΓöÇΓöÇΓöÇΓöÇΓöÇΓöÇΓöÇΓöÇΓöÇΓöÇΓöÇΓöÇΓöÇΓöÇΓöÇΓöÇΓöÇΓöÇΓöÇΓöÇΓöÇΓöÇΓöÇΓöÇΓöÇ
    test-results\inline-image-paste-Inline--c83fd-ΓåÆ-orphan-attachment-created-chromium-retry1\test-failed-1.png
    ΓöÇΓöÇΓöÇΓöÇΓöÇΓöÇΓöÇΓöÇΓöÇΓöÇΓöÇΓöÇΓöÇΓöÇΓöÇΓöÇΓöÇΓöÇΓöÇΓöÇΓöÇΓöÇΓöÇΓöÇΓöÇΓöÇΓöÇΓöÇΓöÇΓöÇΓöÇΓöÇΓöÇΓöÇΓöÇΓöÇΓöÇΓöÇΓöÇΓöÇΓöÇΓöÇΓöÇΓöÇΓöÇΓöÇΓöÇΓöÇΓöÇΓöÇΓöÇΓöÇΓöÇΓöÇΓöÇΓöÇΓöÇΓöÇΓöÇΓöÇΓöÇΓöÇΓöÇΓöÇΓöÇΓöÇΓöÇΓöÇΓöÇΓöÇΓöÇΓöÇΓöÇΓöÇΓöÇΓöÇΓöÇΓöÇΓöÇΓöÇΓöÇΓöÇΓöÇΓöÇΓöÇΓöÇΓöÇΓöÇΓöÇΓöÇΓöÇΓöÇΓöÇΓöÇΓöÇΓöÇ

    Error Context: test-results\inline-image-paste-Inline--c83fd-ΓåÆ-orphan-attachment-created-chromium-retry1\error-context.md

    Retry #2 ΓöÇΓöÇΓöÇΓöÇΓöÇΓöÇΓöÇΓöÇΓöÇΓöÇΓöÇΓöÇΓöÇΓöÇΓöÇΓöÇΓöÇΓöÇΓöÇΓöÇΓöÇΓöÇΓöÇΓöÇΓöÇΓöÇΓöÇΓöÇΓöÇΓöÇΓöÇΓöÇΓöÇΓöÇΓöÇΓöÇΓöÇΓöÇΓöÇΓöÇΓöÇΓöÇΓöÇΓöÇΓöÇΓöÇΓöÇΓöÇΓöÇΓöÇΓöÇΓöÇΓöÇΓöÇΓöÇΓöÇΓöÇΓöÇΓöÇΓöÇΓöÇΓöÇΓöÇΓöÇΓöÇΓöÇΓöÇΓöÇΓöÇΓöÇΓöÇΓöÇΓöÇΓöÇΓöÇΓöÇΓöÇΓöÇΓöÇΓöÇΓöÇΓöÇΓöÇΓöÇΓöÇΓöÇΓöÇ

    Error: page.goto: net::ERR_CONNECTION_REFUSED at http://localhost:3000/login
    Call log:
    [2m  - navigating to "http://localhost:3000/login", waiting until "load"[22m


       at ..\helpers\auth.ts:55

      53 |
      54 |   const submit = async (): Promise<boolean> => {
    > 55 |     await page.goto('/login');
         |                ^
      56 |     // Another worker (typically auth-external.spec.ts) can flip `auth_mode`
      57 |     // back to `external` between our ensureBuiltInAuthMode() call above and
      58 |     // this navigation, in which case `/login` renders only the SSO button
        at submit (C:\survey.js\supabase-helpdesk\tests\helpers\auth.ts:55:16)
        at loginViaForm (C:\survey.js\supabase-helpdesk\tests\helpers\auth.ts:86:15)
        at loginAs (C:\survey.js\supabase-helpdesk\tests\e2e\inline-image-paste.spec.ts:11:3)
        at C:\survey.js\supabase-helpdesk\tests\e2e\inline-image-paste.spec.ts:98:5

    attachment #1: screenshot (image/png) ΓöÇΓöÇΓöÇΓöÇΓöÇΓöÇΓöÇΓöÇΓöÇΓöÇΓöÇΓöÇΓöÇΓöÇΓöÇΓöÇΓöÇΓöÇΓöÇΓöÇΓöÇΓöÇΓöÇΓöÇΓöÇΓöÇΓöÇΓöÇΓöÇΓöÇΓöÇΓöÇΓöÇΓöÇΓöÇΓöÇΓöÇΓöÇΓöÇΓöÇΓöÇΓöÇΓöÇΓöÇΓöÇΓöÇΓöÇΓöÇΓöÇΓöÇΓöÇΓöÇΓöÇΓöÇΓöÇΓöÇΓöÇΓöÇ
    test-results\inline-image-paste-Inline--c83fd-ΓåÆ-orphan-attachment-created-chromium-retry2\test-failed-1.png
    ΓöÇΓöÇΓöÇΓöÇΓöÇΓöÇΓöÇΓöÇΓöÇΓöÇΓöÇΓöÇΓöÇΓöÇΓöÇΓöÇΓöÇΓöÇΓöÇΓöÇΓöÇΓöÇΓöÇΓöÇΓöÇΓöÇΓöÇΓöÇΓöÇΓöÇΓöÇΓöÇΓöÇΓöÇΓöÇΓöÇΓöÇΓöÇΓöÇΓöÇΓöÇΓöÇΓöÇΓöÇΓöÇΓöÇΓöÇΓöÇΓöÇΓöÇΓöÇΓöÇΓöÇΓöÇΓöÇΓöÇΓöÇΓöÇΓöÇΓöÇΓöÇΓöÇΓöÇΓöÇΓöÇΓöÇΓöÇΓöÇΓöÇΓöÇΓöÇΓöÇΓöÇΓöÇΓöÇΓöÇΓöÇΓöÇΓöÇΓöÇΓöÇΓöÇΓöÇΓöÇΓöÇΓöÇΓöÇΓöÇΓöÇΓöÇΓöÇΓöÇΓöÇΓöÇΓöÇΓöÇ

    Error Context: test-results\inline-image-paste-Inline--c83fd-ΓåÆ-orphan-attachment-created-chromium-retry2\error-context.md


[1A[2K[294/350] (retries) [chromium] ΓÇ║ tests\e2e\inline-image-paste.spec.ts:163:7 ΓÇ║ Inline image paste in post editor ΓÇ║ paste image into reply editor ΓåÆ claimed onto the new reply post (retry #2)
[1A[2K  12) [chromium] ΓÇ║ tests\e2e\inline-image-paste.spec.ts:163:7 ΓÇ║ Inline image paste in post editor ΓÇ║ paste image into reply editor ΓåÆ claimed onto the new reply post 

    Error: page.goto: net::ERR_CONNECTION_REFUSED at http://localhost:3000/login
    Call log:
    [2m  - navigating to "http://localhost:3000/login", waiting until "load"[22m


       at ..\helpers\auth.ts:55

      53 |
      54 |   const submit = async (): Promise<boolean> => {
    > 55 |     await page.goto('/login');
         |                ^
      56 |     // Another worker (typically auth-external.spec.ts) can flip `auth_mode`
      57 |     // back to `external` between our ensureBuiltInAuthMode() call above and
      58 |     // this navigation, in which case `/login` renders only the SSO button
        at submit (C:\survey.js\supabase-helpdesk\tests\helpers\auth.ts:55:16)
        at loginViaForm (C:\survey.js\supabase-helpdesk\tests\helpers\auth.ts:86:15)
        at loginAs (C:\survey.js\supabase-helpdesk\tests\e2e\inline-image-paste.spec.ts:11:3)
        at C:\survey.js\supabase-helpdesk\tests\e2e\inline-image-paste.spec.ts:188:5

    attachment #1: screenshot (image/png) ΓöÇΓöÇΓöÇΓöÇΓöÇΓöÇΓöÇΓöÇΓöÇΓöÇΓöÇΓöÇΓöÇΓöÇΓöÇΓöÇΓöÇΓöÇΓöÇΓöÇΓöÇΓöÇΓöÇΓöÇΓöÇΓöÇΓöÇΓöÇΓöÇΓöÇΓöÇΓöÇΓöÇΓöÇΓöÇΓöÇΓöÇΓöÇΓöÇΓöÇΓöÇΓöÇΓöÇΓöÇΓöÇΓöÇΓöÇΓöÇΓöÇΓöÇΓöÇΓöÇΓöÇΓöÇΓöÇΓöÇΓöÇΓöÇ
    test-results\inline-image-paste-Inline--6d2f8-med-onto-the-new-reply-post-chromium\test-failed-1.png
    ΓöÇΓöÇΓöÇΓöÇΓöÇΓöÇΓöÇΓöÇΓöÇΓöÇΓöÇΓöÇΓöÇΓöÇΓöÇΓöÇΓöÇΓöÇΓöÇΓöÇΓöÇΓöÇΓöÇΓöÇΓöÇΓöÇΓöÇΓöÇΓöÇΓöÇΓöÇΓöÇΓöÇΓöÇΓöÇΓöÇΓöÇΓöÇΓöÇΓöÇΓöÇΓöÇΓöÇΓöÇΓöÇΓöÇΓöÇΓöÇΓöÇΓöÇΓöÇΓöÇΓöÇΓöÇΓöÇΓöÇΓöÇΓöÇΓöÇΓöÇΓöÇΓöÇΓöÇΓöÇΓöÇΓöÇΓöÇΓöÇΓöÇΓöÇΓöÇΓöÇΓöÇΓöÇΓöÇΓöÇΓöÇΓöÇΓöÇΓöÇΓöÇΓöÇΓöÇΓöÇΓöÇΓöÇΓöÇΓöÇΓöÇΓöÇΓöÇΓöÇΓöÇΓöÇΓöÇΓöÇ

    Error Context: test-results\inline-image-paste-Inline--6d2f8-med-onto-the-new-reply-post-chromium\error-context.md


[1A[2K  13) [chromium] ΓÇ║ tests\e2e\inbound-email.spec.ts:47:7 ΓÇ║ Inbound Email Admin Configuration ΓÇ║ admin can navigate to /admin/inbound-email 

    Retry #1 ΓöÇΓöÇΓöÇΓöÇΓöÇΓöÇΓöÇΓöÇΓöÇΓöÇΓöÇΓöÇΓöÇΓöÇΓöÇΓöÇΓöÇΓöÇΓöÇΓöÇΓöÇΓöÇΓöÇΓöÇΓöÇΓöÇΓöÇΓöÇΓöÇΓöÇΓöÇΓöÇΓöÇΓöÇΓöÇΓöÇΓöÇΓöÇΓöÇΓöÇΓöÇΓöÇΓöÇΓöÇΓöÇΓöÇΓöÇΓöÇΓöÇΓöÇΓöÇΓöÇΓöÇΓöÇΓöÇΓöÇΓöÇΓöÇΓöÇΓöÇΓöÇΓöÇΓöÇΓöÇΓöÇΓöÇΓöÇΓöÇΓöÇΓöÇΓöÇΓöÇΓöÇΓöÇΓöÇΓöÇΓöÇΓöÇΓöÇΓöÇΓöÇΓöÇΓöÇΓöÇΓöÇΓöÇΓöÇ

    Error: page.goto: net::ERR_CONNECTION_REFUSED at http://localhost:3000/login
    Call log:
    [2m  - navigating to "http://localhost:3000/login", waiting until "load"[22m


       at ..\helpers\auth.ts:55

      53 |
      54 |   const submit = async (): Promise<boolean> => {
    > 55 |     await page.goto('/login');
         |                ^
      56 |     // Another worker (typically auth-external.spec.ts) can flip `auth_mode`
      57 |     // back to `external` between our ensureBuiltInAuthMode() call above and
      58 |     // this navigation, in which case `/login` renders only the SSO button
        at submit (C:\survey.js\supabase-helpdesk\tests\helpers\auth.ts:55:16)
        at loginViaForm (C:\survey.js\supabase-helpdesk\tests\helpers\auth.ts:86:15)
        at loginAs (C:\survey.js\supabase-helpdesk\tests\e2e\inbound-email.spec.ts:19:3)
        at C:\survey.js\supabase-helpdesk\tests\e2e\inbound-email.spec.ts:48:5

    attachment #1: screenshot (image/png) ΓöÇΓöÇΓöÇΓöÇΓöÇΓöÇΓöÇΓöÇΓöÇΓöÇΓöÇΓöÇΓöÇΓöÇΓöÇΓöÇΓöÇΓöÇΓöÇΓöÇΓöÇΓöÇΓöÇΓöÇΓöÇΓöÇΓöÇΓöÇΓöÇΓöÇΓöÇΓöÇΓöÇΓöÇΓöÇΓöÇΓöÇΓöÇΓöÇΓöÇΓöÇΓöÇΓöÇΓöÇΓöÇΓöÇΓöÇΓöÇΓöÇΓöÇΓöÇΓöÇΓöÇΓöÇΓöÇΓöÇΓöÇΓöÇ
    test-results\inbound-email-Inbound-Emai-629f0-gate-to-admin-inbound-email-chromium-retry1\test-failed-1.png
    ΓöÇΓöÇΓöÇΓöÇΓöÇΓöÇΓöÇΓöÇΓöÇΓöÇΓöÇΓöÇΓöÇΓöÇΓöÇΓöÇΓöÇΓöÇΓöÇΓöÇΓöÇΓöÇΓöÇΓöÇΓöÇΓöÇΓöÇΓöÇΓöÇΓöÇΓöÇΓöÇΓöÇΓöÇΓöÇΓöÇΓöÇΓöÇΓöÇΓöÇΓöÇΓöÇΓöÇΓöÇΓöÇΓöÇΓöÇΓöÇΓöÇΓöÇΓöÇΓöÇΓöÇΓöÇΓöÇΓöÇΓöÇΓöÇΓöÇΓöÇΓöÇΓöÇΓöÇΓöÇΓöÇΓöÇΓöÇΓöÇΓöÇΓöÇΓöÇΓöÇΓöÇΓöÇΓöÇΓöÇΓöÇΓöÇΓöÇΓöÇΓöÇΓöÇΓöÇΓöÇΓöÇΓöÇΓöÇΓöÇΓöÇΓöÇΓöÇΓöÇΓöÇΓöÇΓöÇΓöÇ

    Error Context: test-results\inbound-email-Inbound-Emai-629f0-gate-to-admin-inbound-email-chromium-retry1\error-context.md

    Error Context: test-results\inbound-email-Inbound-Emai-629f0-gate-to-admin-inbound-email-chromium-retry1\error-context.md

    Retry #2 ΓöÇΓöÇΓöÇΓöÇΓöÇΓöÇΓöÇΓöÇΓöÇΓöÇΓöÇΓöÇΓöÇΓöÇΓöÇΓöÇΓöÇΓöÇΓöÇΓöÇΓöÇΓöÇΓöÇΓöÇΓöÇΓöÇΓöÇΓöÇΓöÇΓöÇΓöÇΓöÇΓöÇΓöÇΓöÇΓöÇΓöÇΓöÇΓöÇΓöÇΓöÇΓöÇΓöÇΓöÇΓöÇΓöÇΓöÇΓöÇΓöÇΓöÇΓöÇΓöÇΓöÇΓöÇΓöÇΓöÇΓöÇΓöÇΓöÇΓöÇΓöÇΓöÇΓöÇΓöÇΓöÇΓöÇΓöÇΓöÇΓöÇΓöÇΓöÇΓöÇΓöÇΓöÇΓöÇΓöÇΓöÇΓöÇΓöÇΓöÇΓöÇΓöÇΓöÇΓöÇΓöÇΓöÇΓöÇ

    Error: page.goto: net::ERR_CONNECTION_REFUSED at http://localhost:3000/login
    Call log:
    [2m  - navigating to "http://localhost:3000/login", waiting until "load"[22m


       at ..\helpers\auth.ts:55

      53 |
      54 |   const submit = async (): Promise<boolean> => {
    > 55 |     await page.goto('/login');
         |                ^
      56 |     // Another worker (typically auth-external.spec.ts) can flip `auth_mode`
      57 |     // back to `external` between our ensureBuiltInAuthMode() call above and
      58 |     // this navigation, in which case `/login` renders only the SSO button
        at submit (C:\survey.js\supabase-helpdesk\tests\helpers\auth.ts:55:16)
        at loginViaForm (C:\survey.js\supabase-helpdesk\tests\helpers\auth.ts:86:15)
        at loginAs (C:\survey.js\supabase-helpdesk\tests\e2e\inbound-email.spec.ts:19:3)
        at C:\survey.js\supabase-helpdesk\tests\e2e\inbound-email.spec.ts:48:5

    attachment #1: screenshot (image/png) ΓöÇΓöÇΓöÇΓöÇΓöÇΓöÇΓöÇΓöÇΓöÇΓöÇΓöÇΓöÇΓöÇΓöÇΓöÇΓöÇΓöÇΓöÇΓöÇΓöÇΓöÇΓöÇΓöÇΓöÇΓöÇΓöÇΓöÇΓöÇΓöÇΓöÇΓöÇΓöÇΓöÇΓöÇΓöÇΓöÇΓöÇΓöÇΓöÇΓöÇΓöÇΓöÇΓöÇΓöÇΓöÇΓöÇΓöÇΓöÇΓöÇΓöÇΓöÇΓöÇΓöÇΓöÇΓöÇΓöÇΓöÇΓöÇ
    test-results\inbound-email-Inbound-Emai-629f0-gate-to-admin-inbound-email-chromium-retry2\test-failed-1.png
    ΓöÇΓöÇΓöÇΓöÇΓöÇΓöÇΓöÇΓöÇΓöÇΓöÇΓöÇΓöÇΓöÇΓöÇΓöÇΓöÇΓöÇΓöÇΓöÇΓöÇΓöÇΓöÇΓöÇΓöÇΓöÇΓöÇΓöÇΓöÇΓöÇΓöÇΓöÇΓöÇΓöÇΓöÇΓöÇΓöÇΓöÇΓöÇΓöÇΓöÇΓöÇΓöÇΓöÇΓöÇΓöÇΓöÇΓöÇΓöÇΓöÇΓöÇΓöÇΓöÇΓöÇΓöÇΓöÇΓöÇΓöÇΓöÇΓöÇΓöÇΓöÇΓöÇΓöÇΓöÇΓöÇΓöÇΓöÇΓöÇΓöÇΓöÇΓöÇΓöÇΓöÇΓöÇΓöÇΓöÇΓöÇΓöÇΓöÇΓöÇΓöÇΓöÇΓöÇΓöÇΓöÇΓöÇΓöÇΓöÇΓöÇΓöÇΓöÇΓöÇΓöÇΓöÇΓöÇΓöÇ

    Error Context: test-results\inbound-email-Inbound-Emai-629f0-gate-to-admin-inbound-email-chromium-retry2\error-context.md

    Error Context: test-results\inbound-email-Inbound-Emai-629f0-gate-to-admin-inbound-email-chromium-retry2\error-context.md


[1A[2K[295/350] (retries) [chromium] ΓÇ║ tests\e2e\inbound-email.spec.ts:54:7 ΓÇ║ Inbound Email Admin Configuration ΓÇ║ inbound email sidebar link is visible (retry #2)
[1A[2K[296/350] (retries) [chromium] ΓÇ║ tests\e2e\inbound-email.spec.ts:60:7 ΓÇ║ Inbound Email Admin Configuration ΓÇ║ toggle inbound email on/off (retry #2)
[1A[2K[297/350] (retries) [chromium] ΓÇ║ tests\e2e\inbound-email.spec.ts:106:7 ΓÇ║ Inbound Email Admin Configuration ΓÇ║ set reply-to address with validation (retry #2)
[1A[2K[298/350] (retries) [chromium] ΓÇ║ tests\e2e\inbound-email.spec.ts:136:7 ΓÇ║ Inbound Email Admin Configuration ΓÇ║ settings persist after save (retry #2)
[1A[2K  14) [chromium] ΓÇ║ tests\e2e\inbound-email.spec.ts:136:7 ΓÇ║ Inbound Email Admin Configuration ΓÇ║ settings persist after save 

    Error: page.goto: net::ERR_CONNECTION_REFUSED at http://localhost:3000/login
    Call log:
    [2m  - navigating to "http://localhost:3000/login", waiting until "load"[22m


       at ..\helpers\auth.ts:55

      53 |
      54 |   const submit = async (): Promise<boolean> => {
    > 55 |     await page.goto('/login');
         |                ^
      56 |     // Another worker (typically auth-external.spec.ts) can flip `auth_mode`
      57 |     // back to `external` between our ensureBuiltInAuthMode() call above and
      58 |     // this navigation, in which case `/login` renders only the SSO button
        at submit (C:\survey.js\supabase-helpdesk\tests\helpers\auth.ts:55:16)
        at loginViaForm (C:\survey.js\supabase-helpdesk\tests\helpers\auth.ts:86:15)
        at loginAs (C:\survey.js\supabase-helpdesk\tests\e2e\inbound-email.spec.ts:19:3)
        at C:\survey.js\supabase-helpdesk\tests\e2e\inbound-email.spec.ts:141:5

    attachment #1: screenshot (image/png) ΓöÇΓöÇΓöÇΓöÇΓöÇΓöÇΓöÇΓöÇΓöÇΓöÇΓöÇΓöÇΓöÇΓöÇΓöÇΓöÇΓöÇΓöÇΓöÇΓöÇΓöÇΓöÇΓöÇΓöÇΓöÇΓöÇΓöÇΓöÇΓöÇΓöÇΓöÇΓöÇΓöÇΓöÇΓöÇΓöÇΓöÇΓöÇΓöÇΓöÇΓöÇΓöÇΓöÇΓöÇΓöÇΓöÇΓöÇΓöÇΓöÇΓöÇΓöÇΓöÇΓöÇΓöÇΓöÇΓöÇΓöÇΓöÇ
    test-results\inbound-email-Inbound-Emai-de899-settings-persist-after-save-chromium\test-failed-1.png
    ΓöÇΓöÇΓöÇΓöÇΓöÇΓöÇΓöÇΓöÇΓöÇΓöÇΓöÇΓöÇΓöÇΓöÇΓöÇΓöÇΓöÇΓöÇΓöÇΓöÇΓöÇΓöÇΓöÇΓöÇΓöÇΓöÇΓöÇΓöÇΓöÇΓöÇΓöÇΓöÇΓöÇΓöÇΓöÇΓöÇΓöÇΓöÇΓöÇΓöÇΓöÇΓöÇΓöÇΓöÇΓöÇΓöÇΓöÇΓöÇΓöÇΓöÇΓöÇΓöÇΓöÇΓöÇΓöÇΓöÇΓöÇΓöÇΓöÇΓöÇΓöÇΓöÇΓöÇΓöÇΓöÇΓöÇΓöÇΓöÇΓöÇΓöÇΓöÇΓöÇΓöÇΓöÇΓöÇΓöÇΓöÇΓöÇΓöÇΓöÇΓöÇΓöÇΓöÇΓöÇΓöÇΓöÇΓöÇΓöÇΓöÇΓöÇΓöÇΓöÇΓöÇΓöÇΓöÇΓöÇ

    Error Context: test-results\inbound-email-Inbound-Emai-de899-settings-persist-after-save-chromium\error-context.md

    Error Context: test-results\inbound-email-Inbound-Emai-de899-settings-persist-after-save-chromium\error-context.md


[1A[2K[299/350] (retries) [chromium] ΓÇ║ tests\e2e\inbound-email.spec.ts:174:7 ΓÇ║ Inbound Email Admin Configuration ΓÇ║ auto-reply templates section is visible (retry #2)
[1A[2K[300/350] (retries) [chromium] ΓÇ║ tests\e2e\inbound-email.spec.ts:185:7 ΓÇ║ Inbound Email Admin Configuration ΓÇ║ webhook endpoint info is displayed (retry #2)
[1A[2K[301/350] (retries) [chromium] ΓÇ║ tests\e2e\inbound-email.spec.ts:203:7 ΓÇ║ Email Signature Stripping ΓÇ║ strips standard "-- " signature delimiter (retry #2)
[1A[2K[302/350] (retries) [chromium] ΓÇ║ tests\e2e\inbound-email.spec.ts:275:7 ΓÇ║ Thread Matching ΓÇ║ webhook creates reply when subject has [Ticket #ID] (retry #2)
[1A[2K[303/350] (retries) [chromium] ΓÇ║ tests\e2e\inbound-email.spec.ts:361:7 ΓÇ║ Inbound Email Webhook ΓÇ║ returns 200 for all requests (retry #2)
[1A[2K[304/350] (retries) [chromium] ΓÇ║ tests\e2e\inbound-email.spec.ts:376:7 ΓÇ║ Inbound Email Webhook ΓÇ║ unknown sender email is discarded when inbound disabled (retry #2)
[1A[2K[305/350] (retries) [chromium] ΓÇ║ tests\e2e\inbound-email.spec.ts:412:7 ΓÇ║ New Ticket Creation by Email ΓÇ║ email from known user creates a ticket (retry #2)
[1A[2K[306/350] (retries) [chromium] ΓÇ║ tests\e2e\inbound-email.spec.ts:490:7 ΓÇ║ Reply by Email ΓÇ║ non-agent reply to closed ticket re-opens it (retry #2)
[1A[2K[307/350] (retries) [chromium] ΓÇ║ tests\e2e\inbound-email.spec.ts:581:7 ΓÇ║ Auto-Reply Rate Limiting ΓÇ║ auto-replies are rate limited to 3 per hour (retry #2)
[1A[2KΓùç injected env (0) from .env.test // tip: Γîÿ custom filepath { path: '/custom/path/.env' }

[1A[2K[308/350] (retries) [chromium] ΓÇ║ tests\e2e\knowledge-base.spec.ts:33:7 ΓÇ║ Help Center ΓÇô Public ΓÇ║ help center page loads with categories (retry #2)
[1A[2KΓùç injected env (0) from .env.test // tip: Γîÿ enable debugging { debug: true }

[1A[2KΓùç injected env (0) from .env.test // tip: Γîÿ custom filepath { path: '/custom/path/.env' }

[1A[2K[309/350] [chromium] ΓÇ║ tests\e2e\knowledge-base.spec.ts:123:7 ΓÇ║ Article Feedback ΓÇ║ unauthenticated visitors cannot vote
[1A[2K[310/350] [chromium] ΓÇ║ tests\e2e\knowledge-base.spec.ts:177:7 ΓÇ║ Ticket creation from article ΓÇ║ "Create a ticket" link on article (authenticated only)
[1A[2KΓùç injected env (0) from .env.test // tip: Γîÿ custom filepath { path: '/custom/path/.env' }

[1A[2K[311/350] [chromium] ΓÇ║ tests\e2e\knowledge-base.spec.ts:266:7 ΓÇ║ Suggested articles on ticket creation ΓÇ║ suggested articles appear when typing title
[1A[2K  15) [chromium] ΓÇ║ tests\e2e\knowledge-base.spec.ts:33:7 ΓÇ║ Help Center ΓÇô Public ΓÇ║ help center page loads with categories 

    Error: page.goto: net::ERR_CONNECTION_REFUSED at http://localhost:3000/help
    Call log:
    [2m  - navigating to "http://localhost:3000/help", waiting until "load"[22m


      32 |
      33 |   test('help center page loads with categories', async ({ page }) => {
    > 34 |     await page.goto('/help');
         |                ^
      35 |     await expect(page.getByRole('link', { name: 'Help Center' })).toHaveAttribute('aria-current', 'page');
      36 |     await expect(page.getByText('Getting Started')).toBeVisible();
      37 |     await expect(page.getByText('Troubleshooting')).toBeVisible();
        at C:\survey.js\supabase-helpdesk\tests\e2e\knowledge-base.spec.ts:34:16

    attachment #1: screenshot (image/png) ΓöÇΓöÇΓöÇΓöÇΓöÇΓöÇΓöÇΓöÇΓöÇΓöÇΓöÇΓöÇΓöÇΓöÇΓöÇΓöÇΓöÇΓöÇΓöÇΓöÇΓöÇΓöÇΓöÇΓöÇΓöÇΓöÇΓöÇΓöÇΓöÇΓöÇΓöÇΓöÇΓöÇΓöÇΓöÇΓöÇΓöÇΓöÇΓöÇΓöÇΓöÇΓöÇΓöÇΓöÇΓöÇΓöÇΓöÇΓöÇΓöÇΓöÇΓöÇΓöÇΓöÇΓöÇΓöÇΓöÇΓöÇΓöÇ
    test-results\knowledge-base-Help-Center-7592e--page-loads-with-categories-chromium\test-failed-1.png
    ΓöÇΓöÇΓöÇΓöÇΓöÇΓöÇΓöÇΓöÇΓöÇΓöÇΓöÇΓöÇΓöÇΓöÇΓöÇΓöÇΓöÇΓöÇΓöÇΓöÇΓöÇΓöÇΓöÇΓöÇΓöÇΓöÇΓöÇΓöÇΓöÇΓöÇΓöÇΓöÇΓöÇΓöÇΓöÇΓöÇΓöÇΓöÇΓöÇΓöÇΓöÇΓöÇΓöÇΓöÇΓöÇΓöÇΓöÇΓöÇΓöÇΓöÇΓöÇΓöÇΓöÇΓöÇΓöÇΓöÇΓöÇΓöÇΓöÇΓöÇΓöÇΓöÇΓöÇΓöÇΓöÇΓöÇΓöÇΓöÇΓöÇΓöÇΓöÇΓöÇΓöÇΓöÇΓöÇΓöÇΓöÇΓöÇΓöÇΓöÇΓöÇΓöÇΓöÇΓöÇΓöÇΓöÇΓöÇΓöÇΓöÇΓöÇΓöÇΓöÇΓöÇΓöÇΓöÇΓöÇ

    Error Context: test-results\knowledge-base-Help-Center-7592e--page-loads-with-categories-chromium\error-context.md

    Retry #1 ΓöÇΓöÇΓöÇΓöÇΓöÇΓöÇΓöÇΓöÇΓöÇΓöÇΓöÇΓöÇΓöÇΓöÇΓöÇΓöÇΓöÇΓöÇΓöÇΓöÇΓöÇΓöÇΓöÇΓöÇΓöÇΓöÇΓöÇΓöÇΓöÇΓöÇΓöÇΓöÇΓöÇΓöÇΓöÇΓöÇΓöÇΓöÇΓöÇΓöÇΓöÇΓöÇΓöÇΓöÇΓöÇΓöÇΓöÇΓöÇΓöÇΓöÇΓöÇΓöÇΓöÇΓöÇΓöÇΓöÇΓöÇΓöÇΓöÇΓöÇΓöÇΓöÇΓöÇΓöÇΓöÇΓöÇΓöÇΓöÇΓöÇΓöÇΓöÇΓöÇΓöÇΓöÇΓöÇΓöÇΓöÇΓöÇΓöÇΓöÇΓöÇΓöÇΓöÇΓöÇΓöÇΓöÇΓöÇ

    Error: page.goto: net::ERR_CONNECTION_REFUSED at http://localhost:3000/help
    Call log:
    [2m  - navigating to "http://localhost:3000/help", waiting until "load"[22m


      32 |
      33 |   test('help center page loads with categories', async ({ page }) => {
    > 34 |     await page.goto('/help');
         |                ^
      35 |     await expect(page.getByRole('link', { name: 'Help Center' })).toHaveAttribute('aria-current', 'page');
      36 |     await expect(page.getByText('Getting Started')).toBeVisible();
      37 |     await expect(page.getByText('Troubleshooting')).toBeVisible();
        at C:\survey.js\supabase-helpdesk\tests\e2e\knowledge-base.spec.ts:34:16

    attachment #1: screenshot (image/png) ΓöÇΓöÇΓöÇΓöÇΓöÇΓöÇΓöÇΓöÇΓöÇΓöÇΓöÇΓöÇΓöÇΓöÇΓöÇΓöÇΓöÇΓöÇΓöÇΓöÇΓöÇΓöÇΓöÇΓöÇΓöÇΓöÇΓöÇΓöÇΓöÇΓöÇΓöÇΓöÇΓöÇΓöÇΓöÇΓöÇΓöÇΓöÇΓöÇΓöÇΓöÇΓöÇΓöÇΓöÇΓöÇΓöÇΓöÇΓöÇΓöÇΓöÇΓöÇΓöÇΓöÇΓöÇΓöÇΓöÇΓöÇΓöÇ
    test-results\knowledge-base-Help-Center-7592e--page-loads-with-categories-chromium-retry1\test-failed-1.png
    ΓöÇΓöÇΓöÇΓöÇΓöÇΓöÇΓöÇΓöÇΓöÇΓöÇΓöÇΓöÇΓöÇΓöÇΓöÇΓöÇΓöÇΓöÇΓöÇΓöÇΓöÇΓöÇΓöÇΓöÇΓöÇΓöÇΓöÇΓöÇΓöÇΓöÇΓöÇΓöÇΓöÇΓöÇΓöÇΓöÇΓöÇΓöÇΓöÇΓöÇΓöÇΓöÇΓöÇΓöÇΓöÇΓöÇΓöÇΓöÇΓöÇΓöÇΓöÇΓöÇΓöÇΓöÇΓöÇΓöÇΓöÇΓöÇΓöÇΓöÇΓöÇΓöÇΓöÇΓöÇΓöÇΓöÇΓöÇΓöÇΓöÇΓöÇΓöÇΓöÇΓöÇΓöÇΓöÇΓöÇΓöÇΓöÇΓöÇΓöÇΓöÇΓöÇΓöÇΓöÇΓöÇΓöÇΓöÇΓöÇΓöÇΓöÇΓöÇΓöÇΓöÇΓöÇΓöÇΓöÇ

    Error Context: test-results\knowledge-base-Help-Center-7592e--page-loads-with-categories-chromium-retry1\error-context.md

    Retry #2 ΓöÇΓöÇΓöÇΓöÇΓöÇΓöÇΓöÇΓöÇΓöÇΓöÇΓöÇΓöÇΓöÇΓöÇΓöÇΓöÇΓöÇΓöÇΓöÇΓöÇΓöÇΓöÇΓöÇΓöÇΓöÇΓöÇΓöÇΓöÇΓöÇΓöÇΓöÇΓöÇΓöÇΓöÇΓöÇΓöÇΓöÇΓöÇΓöÇΓöÇΓöÇΓöÇΓöÇΓöÇΓöÇΓöÇΓöÇΓöÇΓöÇΓöÇΓöÇΓöÇΓöÇΓöÇΓöÇΓöÇΓöÇΓöÇΓöÇΓöÇΓöÇΓöÇΓöÇΓöÇΓöÇΓöÇΓöÇΓöÇΓöÇΓöÇΓöÇΓöÇΓöÇΓöÇΓöÇΓöÇΓöÇΓöÇΓöÇΓöÇΓöÇΓöÇΓöÇΓöÇΓöÇΓöÇΓöÇ

    Error: page.goto: net::ERR_CONNECTION_REFUSED at http://localhost:3000/help
    Call log:
    [2m  - navigating to "http://localhost:3000/help", waiting until "load"[22m


      32 |
      33 |   test('help center page loads with categories', async ({ page }) => {
    > 34 |     await page.goto('/help');
         |                ^
      35 |     await expect(page.getByRole('link', { name: 'Help Center' })).toHaveAttribute('aria-current', 'page');
      36 |     await expect(page.getByText('Getting Started')).toBeVisible();
      37 |     await expect(page.getByText('Troubleshooting')).toBeVisible();
        at C:\survey.js\supabase-helpdesk\tests\e2e\knowledge-base.spec.ts:34:16

    attachment #1: screenshot (image/png) ΓöÇΓöÇΓöÇΓöÇΓöÇΓöÇΓöÇΓöÇΓöÇΓöÇΓöÇΓöÇΓöÇΓöÇΓöÇΓöÇΓöÇΓöÇΓöÇΓöÇΓöÇΓöÇΓöÇΓöÇΓöÇΓöÇΓöÇΓöÇΓöÇΓöÇΓöÇΓöÇΓöÇΓöÇΓöÇΓöÇΓöÇΓöÇΓöÇΓöÇΓöÇΓöÇΓöÇΓöÇΓöÇΓöÇΓöÇΓöÇΓöÇΓöÇΓöÇΓöÇΓöÇΓöÇΓöÇΓöÇΓöÇΓöÇ
    test-results\knowledge-base-Help-Center-7592e--page-loads-with-categories-chromium-retry2\test-failed-1.png
    ΓöÇΓöÇΓöÇΓöÇΓöÇΓöÇΓöÇΓöÇΓöÇΓöÇΓöÇΓöÇΓöÇΓöÇΓöÇΓöÇΓöÇΓöÇΓöÇΓöÇΓöÇΓöÇΓöÇΓöÇΓöÇΓöÇΓöÇΓöÇΓöÇΓöÇΓöÇΓöÇΓöÇΓöÇΓöÇΓöÇΓöÇΓöÇΓöÇΓöÇΓöÇΓöÇΓöÇΓöÇΓöÇΓöÇΓöÇΓöÇΓöÇΓöÇΓöÇΓöÇΓöÇΓöÇΓöÇΓöÇΓöÇΓöÇΓöÇΓöÇΓöÇΓöÇΓöÇΓöÇΓöÇΓöÇΓöÇΓöÇΓöÇΓöÇΓöÇΓöÇΓöÇΓöÇΓöÇΓöÇΓöÇΓöÇΓöÇΓöÇΓöÇΓöÇΓöÇΓöÇΓöÇΓöÇΓöÇΓöÇΓöÇΓöÇΓöÇΓöÇΓöÇΓöÇΓöÇΓöÇ

    Error Context: test-results\knowledge-base-Help-Center-7592e--page-loads-with-categories-chromium-retry2\error-context.md


[1A[2K[312/350] (retries) [chromium] ΓÇ║ tests\e2e\knowledge-base.spec.ts:40:7 ΓÇ║ Help Center ΓÇô Public ΓÇ║ help center hidden when KB visibility disabled (retry #2)
[1A[2K[313/350] (retries) [chromium] ΓÇ║ tests\e2e\knowledge-base.spec.ts:52:7 ΓÇ║ Help Center ΓÇô Public ΓÇ║ article detail page renders Markdown (retry #2)
[1A[2K[314/350] (retries) [chromium] ΓÇ║ tests\e2e\knowledge-base.spec.ts:61:7 ΓÇ║ Help Center ΓÇô Public ΓÇ║ article URL redirect on slug mismatch (307) (retry #2)
[1A[2K[315/350] (retries) [chromium] ΓÇ║ tests\e2e\knowledge-base.spec.ts:69:7 ΓÇ║ Help Center ΓÇô Public ΓÇ║ draft article returns 404 for regular users (retry #2)
[1A[2K[316/350] (retries) [chromium] ΓÇ║ tests\e2e\knowledge-base.spec.ts:75:7 ΓÇ║ Help Center ΓÇô Public ΓÇ║ draft article visible to agents with "Draft" banner (retry #2)
[1A[2K[317/350] (retries) [chromium] ΓÇ║ tests\e2e\knowledge-base.spec.ts:83:7 ΓÇ║ Help Center ΓÇô Public ΓÇ║ archived article shows "outdated" banner (retry #2)
[1A[2K[318/350] (retries) [chromium] ΓÇ║ tests\e2e\knowledge-base.spec.ts:96:7 ΓÇ║ Help Center ΓÇô Public ΓÇ║ search articles returns matching results (retry #2)
[1A[2K[319/350] [chromium] ΓÇ║ tests\e2e\knowledge-base.spec.ts:137:7 ΓÇ║ Article Feedback ΓÇ║ authenticated user can vote thumbs up
[1A[2K[320/350] [chromium] ΓÇ║ tests\e2e\knowledge-base.spec.ts:188:7 ΓÇ║ Ticket creation from article ΓÇ║ ticket creation from article pre-fills title
[1A[2K[321/350] [chromium] ΓÇ║ tests\e2e\knowledge-base.spec.ts:197:7 ΓÇ║ Ticket creation from article ΓÇ║ creating ticket from article stores source_article_id
[1A[2K[322/350] [chromium] ΓÇ║ tests\e2e\knowledge-base.spec.ts:234:7 ΓÇ║ Ticket creation from article ΓÇ║ source article shows on ticket detail for agents
[1A[2KΓùç injected env (0) from .env.test // tip: Γîÿ override existing { override: true }

[1A[2K[323/350] [chromium] ΓÇ║ tests\e2e\knowledge-base.spec.ts:295:7 ΓÇ║ NavBar KB links ΓÇ║ Help Center link visible when KB enabled
[1A[2KΓùç injected env (0) from .env.test // tip: Γîÿ override existing { override: true }

[1A[2KΓùç injected env (0) from .env.test // tip: Γîÿ enable debugging { debug: true }

[1A[2K[324/350] (retries) [chromium] ΓÇ║ tests\e2e\knowledge-base.spec.ts:123:7 ΓÇ║ Article Feedback ΓÇ║ unauthenticated visitors cannot vote (retry #1)
[1A[2K[325/350] (retries) [chromium] ΓÇ║ tests\e2e\knowledge-base.spec.ts:177:7 ΓÇ║ Ticket creation from article ΓÇ║ "Create a ticket" link on article (authenticated only) (retry #1)
[1A[2KΓùç injected env (0) from .env.test // tip: Γùê secrets for agents [www.dotenvx.com]

[1A[2K[326/350] (retries) [chromium] ΓÇ║ tests\e2e\knowledge-base.spec.ts:266:7 ΓÇ║ Suggested articles on ticket creation ΓÇ║ suggested articles appear when typing title (retry #1)
[1A[2K[327/350] [chromium] ΓÇ║ tests\e2e\knowledge-base.spec.ts:304:7 ΓÇ║ NavBar KB links ΓÇ║ Manage Articles link visible for agents
[1A[2K[328/350] [chromium] ΓÇ║ tests\e2e\knowledge-base.spec.ts:309:7 ΓÇ║ NavBar KB links ΓÇ║ Manage Articles link not visible for regular users
[1A[2K[329/350] (retries) [chromium] ΓÇ║ tests\e2e\knowledge-base.spec.ts:188:7 ΓÇ║ Ticket creation from article ΓÇ║ ticket creation from article pre-fills title (retry #1)
[1A[2K[330/350] (retries) [chromium] ΓÇ║ tests\e2e\knowledge-base.spec.ts:197:7 ΓÇ║ Ticket creation from article ΓÇ║ creating ticket from article stores source_article_id (retry #1)
[1A[2K[331/350] (retries) [chromium] ΓÇ║ tests\e2e\knowledge-base.spec.ts:234:7 ΓÇ║ Ticket creation from article ΓÇ║ source article shows on ticket detail for agents (retry #1)
[1A[2K[332/350] (retries) [chromium] ΓÇ║ tests\e2e\knowledge-base.spec.ts:137:7 ΓÇ║ Article Feedback ΓÇ║ authenticated user can vote thumbs up (retry #1)
[1A[2KΓùç injected env (0) from .env.test // tip: Γùê encrypted .env [www.dotenvx.com]

[1A[2K[333/350] (retries) [chromium] ΓÇ║ tests\e2e\knowledge-base.spec.ts:295:7 ΓÇ║ NavBar KB links ΓÇ║ Help Center link visible when KB enabled (retry #1)
[1A[2KΓùç injected env (0) from .env.test // tip: Γîÿ custom filepath { path: '/custom/path/.env' }

[1A[2KΓùç injected env (0) from .env.test // tip: Γîÿ enable debugging { debug: true }

[1A[2K[334/350] (retries) [chromium] ΓÇ║ tests\e2e\knowledge-base.spec.ts:177:7 ΓÇ║ Ticket creation from article ΓÇ║ "Create a ticket" link on article (authenticated only) (retry #2)
[1A[2K[335/350] (retries) [chromium] ΓÇ║ tests\e2e\knowledge-base.spec.ts:123:7 ΓÇ║ Article Feedback ΓÇ║ unauthenticated visitors cannot vote (retry #2)
[1A[2KΓùç injected env (0) from .env.test // tip: Γîü auth for agents [www.vestauth.com]

[1A[2K[336/350] (retries) [chromium] ΓÇ║ tests\e2e\knowledge-base.spec.ts:266:7 ΓÇ║ Suggested articles on ticket creation ΓÇ║ suggested articles appear when typing title (retry #2)
[1A[2K[337/350] (retries) [chromium] ΓÇ║ tests\e2e\knowledge-base.spec.ts:304:7 ΓÇ║ NavBar KB links ΓÇ║ Manage Articles link visible for agents (retry #1)
[1A[2K[338/350] (retries) [chromium] ΓÇ║ tests\e2e\knowledge-base.spec.ts:309:7 ΓÇ║ NavBar KB links ΓÇ║ Manage Articles link not visible for regular users (retry #1)
[1A[2K  16) [chromium] ΓÇ║ tests\e2e\knowledge-base.spec.ts:123:7 ΓÇ║ Article Feedback ΓÇ║ unauthenticated visitors cannot vote 

    Error: page.goto: net::ERR_CONNECTION_REFUSED at http://localhost:3000/help/1/getting-started/how-to-create-a-ticket
    Call log:
    [2m  - navigating to "http://localhost:3000/help/1/getting-started/how-to-create-a-ticket", waiting until "networkidle"[22m


      123 |   test('unauthenticated visitors cannot vote', async ({ page }) => {
      124 |     // Retry navigation in case parallel test momentarily disables kb_visible
    > 125 |     await page.goto('/help/1/getting-started/how-to-create-a-ticket', { waitUntil: 'networkidle' });
          |                ^
      126 |     if (!await page.getByText('Was this helpful?').isVisible({ timeout: 5000 }).catch(() => false)) {
      127 |       // Parallel kb_visible toggle may have caused a 404 ΓÇö retry
      128 |       const svc = createServiceRoleClient();
        at C:\survey.js\supabase-helpdesk\tests\e2e\knowledge-base.spec.ts:125:16

    attachment #1: screenshot (image/png) ΓöÇΓöÇΓöÇΓöÇΓöÇΓöÇΓöÇΓöÇΓöÇΓöÇΓöÇΓöÇΓöÇΓöÇΓöÇΓöÇΓöÇΓöÇΓöÇΓöÇΓöÇΓöÇΓöÇΓöÇΓöÇΓöÇΓöÇΓöÇΓöÇΓöÇΓöÇΓöÇΓöÇΓöÇΓöÇΓöÇΓöÇΓöÇΓöÇΓöÇΓöÇΓöÇΓöÇΓöÇΓöÇΓöÇΓöÇΓöÇΓöÇΓöÇΓöÇΓöÇΓöÇΓöÇΓöÇΓöÇΓöÇΓöÇ
    test-results\knowledge-base-Article-Fee-0c26f-icated-visitors-cannot-vote-chromium\test-failed-1.png
    ΓöÇΓöÇΓöÇΓöÇΓöÇΓöÇΓöÇΓöÇΓöÇΓöÇΓöÇΓöÇΓöÇΓöÇΓöÇΓöÇΓöÇΓöÇΓöÇΓöÇΓöÇΓöÇΓöÇΓöÇΓöÇΓöÇΓöÇΓöÇΓöÇΓöÇΓöÇΓöÇΓöÇΓöÇΓöÇΓöÇΓöÇΓöÇΓöÇΓöÇΓöÇΓöÇΓöÇΓöÇΓöÇΓöÇΓöÇΓöÇΓöÇΓöÇΓöÇΓöÇΓöÇΓöÇΓöÇΓöÇΓöÇΓöÇΓöÇΓöÇΓöÇΓöÇΓöÇΓöÇΓöÇΓöÇΓöÇΓöÇΓöÇΓöÇΓöÇΓöÇΓöÇΓöÇΓöÇΓöÇΓöÇΓöÇΓöÇΓöÇΓöÇΓöÇΓöÇΓöÇΓöÇΓöÇΓöÇΓöÇΓöÇΓöÇΓöÇΓöÇΓöÇΓöÇΓöÇΓöÇ

    Error Context: test-results\knowledge-base-Article-Fee-0c26f-icated-visitors-cannot-vote-chromium\error-context.md

    Retry #1 ΓöÇΓöÇΓöÇΓöÇΓöÇΓöÇΓöÇΓöÇΓöÇΓöÇΓöÇΓöÇΓöÇΓöÇΓöÇΓöÇΓöÇΓöÇΓöÇΓöÇΓöÇΓöÇΓöÇΓöÇΓöÇΓöÇΓöÇΓöÇΓöÇΓöÇΓöÇΓöÇΓöÇΓöÇΓöÇΓöÇΓöÇΓöÇΓöÇΓöÇΓöÇΓöÇΓöÇΓöÇΓöÇΓöÇΓöÇΓöÇΓöÇΓöÇΓöÇΓöÇΓöÇΓöÇΓöÇΓöÇΓöÇΓöÇΓöÇΓöÇΓöÇΓöÇΓöÇΓöÇΓöÇΓöÇΓöÇΓöÇΓöÇΓöÇΓöÇΓöÇΓöÇΓöÇΓöÇΓöÇΓöÇΓöÇΓöÇΓöÇΓöÇΓöÇΓöÇΓöÇΓöÇΓöÇΓöÇ

    Error: page.goto: net::ERR_CONNECTION_REFUSED at http://localhost:3000/help/1/getting-started/how-to-create-a-ticket
    Call log:
    [2m  - navigating to "http://localhost:3000/help/1/getting-started/how-to-create-a-ticket", waiting until "networkidle"[22m


      123 |   test('unauthenticated visitors cannot vote', async ({ page }) => {
      124 |     // Retry navigation in case parallel test momentarily disables kb_visible
    > 125 |     await page.goto('/help/1/getting-started/how-to-create-a-ticket', { waitUntil: 'networkidle' });
          |                ^
      126 |     if (!await page.getByText('Was this helpful?').isVisible({ timeout: 5000 }).catch(() => false)) {
      127 |       // Parallel kb_visible toggle may have caused a 404 ΓÇö retry
      128 |       const svc = createServiceRoleClient();
        at C:\survey.js\supabase-helpdesk\tests\e2e\knowledge-base.spec.ts:125:16

    attachment #1: screenshot (image/png) ΓöÇΓöÇΓöÇΓöÇΓöÇΓöÇΓöÇΓöÇΓöÇΓöÇΓöÇΓöÇΓöÇΓöÇΓöÇΓöÇΓöÇΓöÇΓöÇΓöÇΓöÇΓöÇΓöÇΓöÇΓöÇΓöÇΓöÇΓöÇΓöÇΓöÇΓöÇΓöÇΓöÇΓöÇΓöÇΓöÇΓöÇΓöÇΓöÇΓöÇΓöÇΓöÇΓöÇΓöÇΓöÇΓöÇΓöÇΓöÇΓöÇΓöÇΓöÇΓöÇΓöÇΓöÇΓöÇΓöÇΓöÇΓöÇ
    test-results\knowledge-base-Article-Fee-0c26f-icated-visitors-cannot-vote-chromium-retry1\test-failed-1.png
    ΓöÇΓöÇΓöÇΓöÇΓöÇΓöÇΓöÇΓöÇΓöÇΓöÇΓöÇΓöÇΓöÇΓöÇΓöÇΓöÇΓöÇΓöÇΓöÇΓöÇΓöÇΓöÇΓöÇΓöÇΓöÇΓöÇΓöÇΓöÇΓöÇΓöÇΓöÇΓöÇΓöÇΓöÇΓöÇΓöÇΓöÇΓöÇΓöÇΓöÇΓöÇΓöÇΓöÇΓöÇΓöÇΓöÇΓöÇΓöÇΓöÇΓöÇΓöÇΓöÇΓöÇΓöÇΓöÇΓöÇΓöÇΓöÇΓöÇΓöÇΓöÇΓöÇΓöÇΓöÇΓöÇΓöÇΓöÇΓöÇΓöÇΓöÇΓöÇΓöÇΓöÇΓöÇΓöÇΓöÇΓöÇΓöÇΓöÇΓöÇΓöÇΓöÇΓöÇΓöÇΓöÇΓöÇΓöÇΓöÇΓöÇΓöÇΓöÇΓöÇΓöÇΓöÇΓöÇΓöÇ

    Error Context: test-results\knowledge-base-Article-Fee-0c26f-icated-visitors-cannot-vote-chromium-retry1\error-context.md

    Retry #2 ΓöÇΓöÇΓöÇΓöÇΓöÇΓöÇΓöÇΓöÇΓöÇΓöÇΓöÇΓöÇΓöÇΓöÇΓöÇΓöÇΓöÇΓöÇΓöÇΓöÇΓöÇΓöÇΓöÇΓöÇΓöÇΓöÇΓöÇΓöÇΓöÇΓöÇΓöÇΓöÇΓöÇΓöÇΓöÇΓöÇΓöÇΓöÇΓöÇΓöÇΓöÇΓöÇΓöÇΓöÇΓöÇΓöÇΓöÇΓöÇΓöÇΓöÇΓöÇΓöÇΓöÇΓöÇΓöÇΓöÇΓöÇΓöÇΓöÇΓöÇΓöÇΓöÇΓöÇΓöÇΓöÇΓöÇΓöÇΓöÇΓöÇΓöÇΓöÇΓöÇΓöÇΓöÇΓöÇΓöÇΓöÇΓöÇΓöÇΓöÇΓöÇΓöÇΓöÇΓöÇΓöÇΓöÇΓöÇ

    Error: page.goto: net::ERR_CONNECTION_REFUSED at http://localhost:3000/help/1/getting-started/how-to-create-a-ticket
    Call log:
    [2m  - navigating to "http://localhost:3000/help/1/getting-started/how-to-create-a-ticket", waiting until "networkidle"[22m


      123 |   test('unauthenticated visitors cannot vote', async ({ page }) => {
      124 |     // Retry navigation in case parallel test momentarily disables kb_visible
    > 125 |     await page.goto('/help/1/getting-started/how-to-create-a-ticket', { waitUntil: 'networkidle' });
          |                ^
      126 |     if (!await page.getByText('Was this helpful?').isVisible({ timeout: 5000 }).catch(() => false)) {
      127 |       // Parallel kb_visible toggle may have caused a 404 ΓÇö retry
      128 |       const svc = createServiceRoleClient();
        at C:\survey.js\supabase-helpdesk\tests\e2e\knowledge-base.spec.ts:125:16

    attachment #1: screenshot (image/png) ΓöÇΓöÇΓöÇΓöÇΓöÇΓöÇΓöÇΓöÇΓöÇΓöÇΓöÇΓöÇΓöÇΓöÇΓöÇΓöÇΓöÇΓöÇΓöÇΓöÇΓöÇΓöÇΓöÇΓöÇΓöÇΓöÇΓöÇΓöÇΓöÇΓöÇΓöÇΓöÇΓöÇΓöÇΓöÇΓöÇΓöÇΓöÇΓöÇΓöÇΓöÇΓöÇΓöÇΓöÇΓöÇΓöÇΓöÇΓöÇΓöÇΓöÇΓöÇΓöÇΓöÇΓöÇΓöÇΓöÇΓöÇΓöÇ
    test-results\knowledge-base-Article-Fee-0c26f-icated-visitors-cannot-vote-chromium-retry2\test-failed-1.png
    ΓöÇΓöÇΓöÇΓöÇΓöÇΓöÇΓöÇΓöÇΓöÇΓöÇΓöÇΓöÇΓöÇΓöÇΓöÇΓöÇΓöÇΓöÇΓöÇΓöÇΓöÇΓöÇΓöÇΓöÇΓöÇΓöÇΓöÇΓöÇΓöÇΓöÇΓöÇΓöÇΓöÇΓöÇΓöÇΓöÇΓöÇΓöÇΓöÇΓöÇΓöÇΓöÇΓöÇΓöÇΓöÇΓöÇΓöÇΓöÇΓöÇΓöÇΓöÇΓöÇΓöÇΓöÇΓöÇΓöÇΓöÇΓöÇΓöÇΓöÇΓöÇΓöÇΓöÇΓöÇΓöÇΓöÇΓöÇΓöÇΓöÇΓöÇΓöÇΓöÇΓöÇΓöÇΓöÇΓöÇΓöÇΓöÇΓöÇΓöÇΓöÇΓöÇΓöÇΓöÇΓöÇΓöÇΓöÇΓöÇΓöÇΓöÇΓöÇΓöÇΓöÇΓöÇΓöÇΓöÇ

    Error Context: test-results\knowledge-base-Article-Fee-0c26f-icated-visitors-cannot-vote-chromium-retry2\error-context.md


[1A[2K[339/350] (retries) [chromium] ΓÇ║ tests\e2e\knowledge-base.spec.ts:137:7 ΓÇ║ Article Feedback ΓÇ║ authenticated user can vote thumbs up (retry #2)
[1A[2K  17) [chromium] ΓÇ║ tests\e2e\knowledge-base.spec.ts:177:7 ΓÇ║ Ticket creation from article ΓÇ║ "Create a ticket" link on article (authenticated only) 

    Error: page.goto: net::ERR_CONNECTION_REFUSED at http://localhost:3000/login
    Call log:
    [2m  - navigating to "http://localhost:3000/login", waiting until "load"[22m


       at ..\helpers\auth.ts:55

      53 |
      54 |   const submit = async (): Promise<boolean> => {
    > 55 |     await page.goto('/login');
         |                ^
      56 |     // Another worker (typically auth-external.spec.ts) can flip `auth_mode`
      57 |     // back to `external` between our ensureBuiltInAuthMode() call above and
      58 |     // this navigation, in which case `/login` renders only the SSO button
        at submit (C:\survey.js\supabase-helpdesk\tests\helpers\auth.ts:55:16)
        at loginViaForm (C:\survey.js\supabase-helpdesk\tests\helpers\auth.ts:86:15)
        at loginAs (C:\survey.js\supabase-helpdesk\tests\e2e\knowledge-base.spec.ts:9:3)
        at C:\survey.js\supabase-helpdesk\tests\e2e\knowledge-base.spec.ts:178:5

    attachment #1: screenshot (image/png) ΓöÇΓöÇΓöÇΓöÇΓöÇΓöÇΓöÇΓöÇΓöÇΓöÇΓöÇΓöÇΓöÇΓöÇΓöÇΓöÇΓöÇΓöÇΓöÇΓöÇΓöÇΓöÇΓöÇΓöÇΓöÇΓöÇΓöÇΓöÇΓöÇΓöÇΓöÇΓöÇΓöÇΓöÇΓöÇΓöÇΓöÇΓöÇΓöÇΓöÇΓöÇΓöÇΓöÇΓöÇΓöÇΓöÇΓöÇΓöÇΓöÇΓöÇΓöÇΓöÇΓöÇΓöÇΓöÇΓöÇΓöÇΓöÇ
    test-results\knowledge-base-Ticket-crea-61d79-article-authenticated-only--chromium\test-failed-1.png
    ΓöÇΓöÇΓöÇΓöÇΓöÇΓöÇΓöÇΓöÇΓöÇΓöÇΓöÇΓöÇΓöÇΓöÇΓöÇΓöÇΓöÇΓöÇΓöÇΓöÇΓöÇΓöÇΓöÇΓöÇΓöÇΓöÇΓöÇΓöÇΓöÇΓöÇΓöÇΓöÇΓöÇΓöÇΓöÇΓöÇΓöÇΓöÇΓöÇΓöÇΓöÇΓöÇΓöÇΓöÇΓöÇΓöÇΓöÇΓöÇΓöÇΓöÇΓöÇΓöÇΓöÇΓöÇΓöÇΓöÇΓöÇΓöÇΓöÇΓöÇΓöÇΓöÇΓöÇΓöÇΓöÇΓöÇΓöÇΓöÇΓöÇΓöÇΓöÇΓöÇΓöÇΓöÇΓöÇΓöÇΓöÇΓöÇΓöÇΓöÇΓöÇΓöÇΓöÇΓöÇΓöÇΓöÇΓöÇΓöÇΓöÇΓöÇΓöÇΓöÇΓöÇΓöÇΓöÇΓöÇ

    Error Context: test-results\knowledge-base-Ticket-crea-61d79-article-authenticated-only--chromium\error-context.md

    Error Context: test-results\knowledge-base-Ticket-crea-61d79-article-authenticated-only--chromium\error-context.md

    Retry #1 ΓöÇΓöÇΓöÇΓöÇΓöÇΓöÇΓöÇΓöÇΓöÇΓöÇΓöÇΓöÇΓöÇΓöÇΓöÇΓöÇΓöÇΓöÇΓöÇΓöÇΓöÇΓöÇΓöÇΓöÇΓöÇΓöÇΓöÇΓöÇΓöÇΓöÇΓöÇΓöÇΓöÇΓöÇΓöÇΓöÇΓöÇΓöÇΓöÇΓöÇΓöÇΓöÇΓöÇΓöÇΓöÇΓöÇΓöÇΓöÇΓöÇΓöÇΓöÇΓöÇΓöÇΓöÇΓöÇΓöÇΓöÇΓöÇΓöÇΓöÇΓöÇΓöÇΓöÇΓöÇΓöÇΓöÇΓöÇΓöÇΓöÇΓöÇΓöÇΓöÇΓöÇΓöÇΓöÇΓöÇΓöÇΓöÇΓöÇΓöÇΓöÇΓöÇΓöÇΓöÇΓöÇΓöÇΓöÇ

    Error: page.goto: net::ERR_CONNECTION_REFUSED at http://localhost:3000/login
    Call log:
    [2m  - navigating to "http://localhost:3000/login", waiting until "load"[22m


       at ..\helpers\auth.ts:55

      53 |
      54 |   const submit = async (): Promise<boolean> => {
    > 55 |     await page.goto('/login');
         |                ^
      56 |     // Another worker (typically auth-external.spec.ts) can flip `auth_mode`
      57 |     // back to `external` between our ensureBuiltInAuthMode() call above and
      58 |     // this navigation, in which case `/login` renders only the SSO button
        at submit (C:\survey.js\supabase-helpdesk\tests\helpers\auth.ts:55:16)
        at loginViaForm (C:\survey.js\supabase-helpdesk\tests\helpers\auth.ts:86:15)
        at loginAs (C:\survey.js\supabase-helpdesk\tests\e2e\knowledge-base.spec.ts:9:3)
        at C:\survey.js\supabase-helpdesk\tests\e2e\knowledge-base.spec.ts:178:5

    attachment #1: screenshot (image/png) ΓöÇΓöÇΓöÇΓöÇΓöÇΓöÇΓöÇΓöÇΓöÇΓöÇΓöÇΓöÇΓöÇΓöÇΓöÇΓöÇΓöÇΓöÇΓöÇΓöÇΓöÇΓöÇΓöÇΓöÇΓöÇΓöÇΓöÇΓöÇΓöÇΓöÇΓöÇΓöÇΓöÇΓöÇΓöÇΓöÇΓöÇΓöÇΓöÇΓöÇΓöÇΓöÇΓöÇΓöÇΓöÇΓöÇΓöÇΓöÇΓöÇΓöÇΓöÇΓöÇΓöÇΓöÇΓöÇΓöÇΓöÇΓöÇ
    test-results\knowledge-base-Ticket-crea-61d79-article-authenticated-only--chromium-retry1\test-failed-1.png
    ΓöÇΓöÇΓöÇΓöÇΓöÇΓöÇΓöÇΓöÇΓöÇΓöÇΓöÇΓöÇΓöÇΓöÇΓöÇΓöÇΓöÇΓöÇΓöÇΓöÇΓöÇΓöÇΓöÇΓöÇΓöÇΓöÇΓöÇΓöÇΓöÇΓöÇΓöÇΓöÇΓöÇΓöÇΓöÇΓöÇΓöÇΓöÇΓöÇΓöÇΓöÇΓöÇΓöÇΓöÇΓöÇΓöÇΓöÇΓöÇΓöÇΓöÇΓöÇΓöÇΓöÇΓöÇΓöÇΓöÇΓöÇΓöÇΓöÇΓöÇΓöÇΓöÇΓöÇΓöÇΓöÇΓöÇΓöÇΓöÇΓöÇΓöÇΓöÇΓöÇΓöÇΓöÇΓöÇΓöÇΓöÇΓöÇΓöÇΓöÇΓöÇΓöÇΓöÇΓöÇΓöÇΓöÇΓöÇΓöÇΓöÇΓöÇΓöÇΓöÇΓöÇΓöÇΓöÇΓöÇ

    Error Context: test-results\knowledge-base-Ticket-crea-61d79-article-authenticated-only--chromium-retry1\error-context.md

    Error Context: test-results\knowledge-base-Ticket-crea-61d79-article-authenticated-only--chromium-retry1\error-context.md

    Retry #2 ΓöÇΓöÇΓöÇΓöÇΓöÇΓöÇΓöÇΓöÇΓöÇΓöÇΓöÇΓöÇΓöÇΓöÇΓöÇΓöÇΓöÇΓöÇΓöÇΓöÇΓöÇΓöÇΓöÇΓöÇΓöÇΓöÇΓöÇΓöÇΓöÇΓöÇΓöÇΓöÇΓöÇΓöÇΓöÇΓöÇΓöÇΓöÇΓöÇΓöÇΓöÇΓöÇΓöÇΓöÇΓöÇΓöÇΓöÇΓöÇΓöÇΓöÇΓöÇΓöÇΓöÇΓöÇΓöÇΓöÇΓöÇΓöÇΓöÇΓöÇΓöÇΓöÇΓöÇΓöÇΓöÇΓöÇΓöÇΓöÇΓöÇΓöÇΓöÇΓöÇΓöÇΓöÇΓöÇΓöÇΓöÇΓöÇΓöÇΓöÇΓöÇΓöÇΓöÇΓöÇΓöÇΓöÇΓöÇ

    Error: page.goto: net::ERR_CONNECTION_REFUSED at http://localhost:3000/login
    Call log:
    [2m  - navigating to "http://localhost:3000/login", waiting until "load"[22m


       at ..\helpers\auth.ts:55

      53 |
      54 |   const submit = async (): Promise<boolean> => {
    > 55 |     await page.goto('/login');
         |                ^
      56 |     // Another worker (typically auth-external.spec.ts) can flip `auth_mode`
      57 |     // back to `external` between our ensureBuiltInAuthMode() call above and
      58 |     // this navigation, in which case `/login` renders only the SSO button
        at submit (C:\survey.js\supabase-helpdesk\tests\helpers\auth.ts:55:16)
        at loginViaForm (C:\survey.js\supabase-helpdesk\tests\helpers\auth.ts:86:15)
        at loginAs (C:\survey.js\supabase-helpdesk\tests\e2e\knowledge-base.spec.ts:9:3)
        at C:\survey.js\supabase-helpdesk\tests\e2e\knowledge-base.spec.ts:178:5

    attachment #1: screenshot (image/png) ΓöÇΓöÇΓöÇΓöÇΓöÇΓöÇΓöÇΓöÇΓöÇΓöÇΓöÇΓöÇΓöÇΓöÇΓöÇΓöÇΓöÇΓöÇΓöÇΓöÇΓöÇΓöÇΓöÇΓöÇΓöÇΓöÇΓöÇΓöÇΓöÇΓöÇΓöÇΓöÇΓöÇΓöÇΓöÇΓöÇΓöÇΓöÇΓöÇΓöÇΓöÇΓöÇΓöÇΓöÇΓöÇΓöÇΓöÇΓöÇΓöÇΓöÇΓöÇΓöÇΓöÇΓöÇΓöÇΓöÇΓöÇΓöÇ
    test-results\knowledge-base-Ticket-crea-61d79-article-authenticated-only--chromium-retry2\test-failed-1.png
    ΓöÇΓöÇΓöÇΓöÇΓöÇΓöÇΓöÇΓöÇΓöÇΓöÇΓöÇΓöÇΓöÇΓöÇΓöÇΓöÇΓöÇΓöÇΓöÇΓöÇΓöÇΓöÇΓöÇΓöÇΓöÇΓöÇΓöÇΓöÇΓöÇΓöÇΓöÇΓöÇΓöÇΓöÇΓöÇΓöÇΓöÇΓöÇΓöÇΓöÇΓöÇΓöÇΓöÇΓöÇΓöÇΓöÇΓöÇΓöÇΓöÇΓöÇΓöÇΓöÇΓöÇΓöÇΓöÇΓöÇΓöÇΓöÇΓöÇΓöÇΓöÇΓöÇΓöÇΓöÇΓöÇΓöÇΓöÇΓöÇΓöÇΓöÇΓöÇΓöÇΓöÇΓöÇΓöÇΓöÇΓöÇΓöÇΓöÇΓöÇΓöÇΓöÇΓöÇΓöÇΓöÇΓöÇΓöÇΓöÇΓöÇΓöÇΓöÇΓöÇΓöÇΓöÇΓöÇΓöÇ

    Error Context: test-results\knowledge-base-Ticket-crea-61d79-article-authenticated-only--chromium-retry2\error-context.md

    Error Context: test-results\knowledge-base-Ticket-crea-61d79-article-authenticated-only--chromium-retry2\error-context.md


[1A[2K[340/350] (retries) [chromium] ΓÇ║ tests\e2e\knowledge-base.spec.ts:188:7 ΓÇ║ Ticket creation from article ΓÇ║ ticket creation from article pre-fills title (retry #2)
[1A[2K[341/350] (retries) [chromium] ΓÇ║ tests\e2e\knowledge-base.spec.ts:197:7 ΓÇ║ Ticket creation from article ΓÇ║ creating ticket from article stores source_article_id (retry #2)
[1A[2K[342/350] (retries) [chromium] ΓÇ║ tests\e2e\knowledge-base.spec.ts:234:7 ΓÇ║ Ticket creation from article ΓÇ║ source article shows on ticket detail for agents (retry #2)
[1A[2K  18) [chromium] ΓÇ║ tests\e2e\knowledge-base.spec.ts:266:7 ΓÇ║ Suggested articles on ticket creation ΓÇ║ suggested articles appear when typing title 

    Error: page.goto: net::ERR_CONNECTION_REFUSED at http://localhost:3000/login
    Call log:
    [2m  - navigating to "http://localhost:3000/login", waiting until "load"[22m


       at ..\helpers\auth.ts:55

      53 |
      54 |   const submit = async (): Promise<boolean> => {
    > 55 |     await page.goto('/login');
         |                ^
      56 |     // Another worker (typically auth-external.spec.ts) can flip `auth_mode`
      57 |     // back to `external` between our ensureBuiltInAuthMode() call above and
      58 |     // this navigation, in which case `/login` renders only the SSO button
        at submit (C:\survey.js\supabase-helpdesk\tests\helpers\auth.ts:55:16)
        at loginViaForm (C:\survey.js\supabase-helpdesk\tests\helpers\auth.ts:86:15)
        at loginAs (C:\survey.js\supabase-helpdesk\tests\e2e\knowledge-base.spec.ts:9:3)
        at C:\survey.js\supabase-helpdesk\tests\e2e\knowledge-base.spec.ts:267:5

    attachment #1: screenshot (image/png) ΓöÇΓöÇΓöÇΓöÇΓöÇΓöÇΓöÇΓöÇΓöÇΓöÇΓöÇΓöÇΓöÇΓöÇΓöÇΓöÇΓöÇΓöÇΓöÇΓöÇΓöÇΓöÇΓöÇΓöÇΓöÇΓöÇΓöÇΓöÇΓöÇΓöÇΓöÇΓöÇΓöÇΓöÇΓöÇΓöÇΓöÇΓöÇΓöÇΓöÇΓöÇΓöÇΓöÇΓöÇΓöÇΓöÇΓöÇΓöÇΓöÇΓöÇΓöÇΓöÇΓöÇΓöÇΓöÇΓöÇΓöÇΓöÇ
    test-results\knowledge-base-Suggested-a-d4869-es-appear-when-typing-title-chromium\test-failed-1.png
    ΓöÇΓöÇΓöÇΓöÇΓöÇΓöÇΓöÇΓöÇΓöÇΓöÇΓöÇΓöÇΓöÇΓöÇΓöÇΓöÇΓöÇΓöÇΓöÇΓöÇΓöÇΓöÇΓöÇΓöÇΓöÇΓöÇΓöÇΓöÇΓöÇΓöÇΓöÇΓöÇΓöÇΓöÇΓöÇΓöÇΓöÇΓöÇΓöÇΓöÇΓöÇΓöÇΓöÇΓöÇΓöÇΓöÇΓöÇΓöÇΓöÇΓöÇΓöÇΓöÇΓöÇΓöÇΓöÇΓöÇΓöÇΓöÇΓöÇΓöÇΓöÇΓöÇΓöÇΓöÇΓöÇΓöÇΓöÇΓöÇΓöÇΓöÇΓöÇΓöÇΓöÇΓöÇΓöÇΓöÇΓöÇΓöÇΓöÇΓöÇΓöÇΓöÇΓöÇΓöÇΓöÇΓöÇΓöÇΓöÇΓöÇΓöÇΓöÇΓöÇΓöÇΓöÇΓöÇΓöÇ

    Error Context: test-results\knowledge-base-Suggested-a-d4869-es-appear-when-typing-title-chromium\error-context.md

    Retry #1 ΓöÇΓöÇΓöÇΓöÇΓöÇΓöÇΓöÇΓöÇΓöÇΓöÇΓöÇΓöÇΓöÇΓöÇΓöÇΓöÇΓöÇΓöÇΓöÇΓöÇΓöÇΓöÇΓöÇΓöÇΓöÇΓöÇΓöÇΓöÇΓöÇΓöÇΓöÇΓöÇΓöÇΓöÇΓöÇΓöÇΓöÇΓöÇΓöÇΓöÇΓöÇΓöÇΓöÇΓöÇΓöÇΓöÇΓöÇΓöÇΓöÇΓöÇΓöÇΓöÇΓöÇΓöÇΓöÇΓöÇΓöÇΓöÇΓöÇΓöÇΓöÇΓöÇΓöÇΓöÇΓöÇΓöÇΓöÇΓöÇΓöÇΓöÇΓöÇΓöÇΓöÇΓöÇΓöÇΓöÇΓöÇΓöÇΓöÇΓöÇΓöÇΓöÇΓöÇΓöÇΓöÇΓöÇΓöÇ

    Error: page.goto: net::ERR_CONNECTION_REFUSED at http://localhost:3000/login
    Call log:
    [2m  - navigating to "http://localhost:3000/login", waiting until "load"[22m


       at ..\helpers\auth.ts:55

      53 |
      54 |   const submit = async (): Promise<boolean> => {
    > 55 |     await page.goto('/login');
         |                ^
      56 |     // Another worker (typically auth-external.spec.ts) can flip `auth_mode`
      57 |     // back to `external` between our ensureBuiltInAuthMode() call above and
      58 |     // this navigation, in which case `/login` renders only the SSO button
        at submit (C:\survey.js\supabase-helpdesk\tests\helpers\auth.ts:55:16)
        at loginViaForm (C:\survey.js\supabase-helpdesk\tests\helpers\auth.ts:86:15)
        at loginAs (C:\survey.js\supabase-helpdesk\tests\e2e\knowledge-base.spec.ts:9:3)
        at C:\survey.js\supabase-helpdesk\tests\e2e\knowledge-base.spec.ts:267:5

    attachment #1: screenshot (image/png) ΓöÇΓöÇΓöÇΓöÇΓöÇΓöÇΓöÇΓöÇΓöÇΓöÇΓöÇΓöÇΓöÇΓöÇΓöÇΓöÇΓöÇΓöÇΓöÇΓöÇΓöÇΓöÇΓöÇΓöÇΓöÇΓöÇΓöÇΓöÇΓöÇΓöÇΓöÇΓöÇΓöÇΓöÇΓöÇΓöÇΓöÇΓöÇΓöÇΓöÇΓöÇΓöÇΓöÇΓöÇΓöÇΓöÇΓöÇΓöÇΓöÇΓöÇΓöÇΓöÇΓöÇΓöÇΓöÇΓöÇΓöÇΓöÇ
    test-results\knowledge-base-Suggested-a-d4869-es-appear-when-typing-title-chromium-retry1\test-failed-1.png
    ΓöÇΓöÇΓöÇΓöÇΓöÇΓöÇΓöÇΓöÇΓöÇΓöÇΓöÇΓöÇΓöÇΓöÇΓöÇΓöÇΓöÇΓöÇΓöÇΓöÇΓöÇΓöÇΓöÇΓöÇΓöÇΓöÇΓöÇΓöÇΓöÇΓöÇΓöÇΓöÇΓöÇΓöÇΓöÇΓöÇΓöÇΓöÇΓöÇΓöÇΓöÇΓöÇΓöÇΓöÇΓöÇΓöÇΓöÇΓöÇΓöÇΓöÇΓöÇΓöÇΓöÇΓöÇΓöÇΓöÇΓöÇΓöÇΓöÇΓöÇΓöÇΓöÇΓöÇΓöÇΓöÇΓöÇΓöÇΓöÇΓöÇΓöÇΓöÇΓöÇΓöÇΓöÇΓöÇΓöÇΓöÇΓöÇΓöÇΓöÇΓöÇΓöÇΓöÇΓöÇΓöÇΓöÇΓöÇΓöÇΓöÇΓöÇΓöÇΓöÇΓöÇΓöÇΓöÇΓöÇ

    Error Context: test-results\knowledge-base-Suggested-a-d4869-es-appear-when-typing-title-chromium-retry1\error-context.md

    Retry #2 ΓöÇΓöÇΓöÇΓöÇΓöÇΓöÇΓöÇΓöÇΓöÇΓöÇΓöÇΓöÇΓöÇΓöÇΓöÇΓöÇΓöÇΓöÇΓöÇΓöÇΓöÇΓöÇΓöÇΓöÇΓöÇΓöÇΓöÇΓöÇΓöÇΓöÇΓöÇΓöÇΓöÇΓöÇΓöÇΓöÇΓöÇΓöÇΓöÇΓöÇΓöÇΓöÇΓöÇΓöÇΓöÇΓöÇΓöÇΓöÇΓöÇΓöÇΓöÇΓöÇΓöÇΓöÇΓöÇΓöÇΓöÇΓöÇΓöÇΓöÇΓöÇΓöÇΓöÇΓöÇΓöÇΓöÇΓöÇΓöÇΓöÇΓöÇΓöÇΓöÇΓöÇΓöÇΓöÇΓöÇΓöÇΓöÇΓöÇΓöÇΓöÇΓöÇΓöÇΓöÇΓöÇΓöÇΓöÇ

    Error: page.goto: net::ERR_CONNECTION_REFUSED at http://localhost:3000/login
    Call log:
    [2m  - navigating to "http://localhost:3000/login", waiting until "load"[22m


       at ..\helpers\auth.ts:55

      53 |
      54 |   const submit = async (): Promise<boolean> => {
    > 55 |     await page.goto('/login');
         |                ^
      56 |     // Another worker (typically auth-external.spec.ts) can flip `auth_mode`
      57 |     // back to `external` between our ensureBuiltInAuthMode() call above and
      58 |     // this navigation, in which case `/login` renders only the SSO button
        at submit (C:\survey.js\supabase-helpdesk\tests\helpers\auth.ts:55:16)
        at loginViaForm (C:\survey.js\supabase-helpdesk\tests\helpers\auth.ts:86:15)
        at loginAs (C:\survey.js\supabase-helpdesk\tests\e2e\knowledge-base.spec.ts:9:3)
        at C:\survey.js\supabase-helpdesk\tests\e2e\knowledge-base.spec.ts:267:5

    attachment #1: screenshot (image/png) ΓöÇΓöÇΓöÇΓöÇΓöÇΓöÇΓöÇΓöÇΓöÇΓöÇΓöÇΓöÇΓöÇΓöÇΓöÇΓöÇΓöÇΓöÇΓöÇΓöÇΓöÇΓöÇΓöÇΓöÇΓöÇΓöÇΓöÇΓöÇΓöÇΓöÇΓöÇΓöÇΓöÇΓöÇΓöÇΓöÇΓöÇΓöÇΓöÇΓöÇΓöÇΓöÇΓöÇΓöÇΓöÇΓöÇΓöÇΓöÇΓöÇΓöÇΓöÇΓöÇΓöÇΓöÇΓöÇΓöÇΓöÇΓöÇ
    test-results\knowledge-base-Suggested-a-d4869-es-appear-when-typing-title-chromium-retry2\test-failed-1.png
    ΓöÇΓöÇΓöÇΓöÇΓöÇΓöÇΓöÇΓöÇΓöÇΓöÇΓöÇΓöÇΓöÇΓöÇΓöÇΓöÇΓöÇΓöÇΓöÇΓöÇΓöÇΓöÇΓöÇΓöÇΓöÇΓöÇΓöÇΓöÇΓöÇΓöÇΓöÇΓöÇΓöÇΓöÇΓöÇΓöÇΓöÇΓöÇΓöÇΓöÇΓöÇΓöÇΓöÇΓöÇΓöÇΓöÇΓöÇΓöÇΓöÇΓöÇΓöÇΓöÇΓöÇΓöÇΓöÇΓöÇΓöÇΓöÇΓöÇΓöÇΓöÇΓöÇΓöÇΓöÇΓöÇΓöÇΓöÇΓöÇΓöÇΓöÇΓöÇΓöÇΓöÇΓöÇΓöÇΓöÇΓöÇΓöÇΓöÇΓöÇΓöÇΓöÇΓöÇΓöÇΓöÇΓöÇΓöÇΓöÇΓöÇΓöÇΓöÇΓöÇΓöÇΓöÇΓöÇΓöÇ

    Error Context: test-results\knowledge-base-Suggested-a-d4869-es-appear-when-typing-title-chromium-retry2\error-context.md


[1A[2KΓùç injected env (0) from .env.test // tip: Γùê secrets for agents [www.dotenvx.com]

[1A[2K[343/350] (retries) [chromium] ΓÇ║ tests\e2e\knowledge-base.spec.ts:295:7 ΓÇ║ NavBar KB links ΓÇ║ Help Center link visible when KB enabled (retry #2)
[1A[2KΓùç injected env (0) from .env.test // tip: Γîÿ suppress logs { quiet: true }

[1A[2KΓùç injected env (0) from .env.test // tip: Γîÿ enable debugging { debug: true }

[1A[2K[344/350] [chromium] ΓÇ║ tests\e2e\knowledge-base.spec.ts:347:7 ΓÇ║ Article Management ΓÇ║ manage page: list articles with pagination
[1A[2K[345/350] [chromium] ΓÇ║ tests\e2e\knowledge-base.spec.ts:488:7 ΓÇ║ KB visibility toggle ΓÇ║ admin can toggle KB visibility
[1A[2KΓùç injected env (0) from .env.test // tip: Γîÿ suppress logs { quiet: true }

[1A[2K[346/350] [chromium] ΓÇ║ tests\e2e\knowledge-base.spec.ts:547:7 ΓÇ║ KB Categories Admin ΓÇ║ admin can access KB categories page
[1A[2K  19) [chromium] ΓÇ║ tests\e2e\knowledge-base.spec.ts:295:7 ΓÇ║ NavBar KB links ΓÇ║ Help Center link visible when KB enabled 

    Error: page.goto: net::ERR_CONNECTION_REFUSED at http://localhost:3000/help
    Call log:
    [2m  - navigating to "http://localhost:3000/help", waiting until "load"[22m


      298 |     await svc.from('app_settings').upsert({ key: 'kb_visible', value: 'true' });
      299 |
    > 300 |     await page.goto('/help');
          |                ^
      301 |     await expect(page.getByRole('link', { name: 'Help Center' })).toBeVisible({ timeout: 10000 });
      302 |   });
      303 |
        at C:\survey.js\supabase-helpdesk\tests\e2e\knowledge-base.spec.ts:300:16

    attachment #1: screenshot (image/png) ΓöÇΓöÇΓöÇΓöÇΓöÇΓöÇΓöÇΓöÇΓöÇΓöÇΓöÇΓöÇΓöÇΓöÇΓöÇΓöÇΓöÇΓöÇΓöÇΓöÇΓöÇΓöÇΓöÇΓöÇΓöÇΓöÇΓöÇΓöÇΓöÇΓöÇΓöÇΓöÇΓöÇΓöÇΓöÇΓöÇΓöÇΓöÇΓöÇΓöÇΓöÇΓöÇΓöÇΓöÇΓöÇΓöÇΓöÇΓöÇΓöÇΓöÇΓöÇΓöÇΓöÇΓöÇΓöÇΓöÇΓöÇΓöÇ
    test-results\knowledge-base-NavBar-KB-l-03b7f-ink-visible-when-KB-enabled-chromium\test-failed-1.png
    ΓöÇΓöÇΓöÇΓöÇΓöÇΓöÇΓöÇΓöÇΓöÇΓöÇΓöÇΓöÇΓöÇΓöÇΓöÇΓöÇΓöÇΓöÇΓöÇΓöÇΓöÇΓöÇΓöÇΓöÇΓöÇΓöÇΓöÇΓöÇΓöÇΓöÇΓöÇΓöÇΓöÇΓöÇΓöÇΓöÇΓöÇΓöÇΓöÇΓöÇΓöÇΓöÇΓöÇΓöÇΓöÇΓöÇΓöÇΓöÇΓöÇΓöÇΓöÇΓöÇΓöÇΓöÇΓöÇΓöÇΓöÇΓöÇΓöÇΓöÇΓöÇΓöÇΓöÇΓöÇΓöÇΓöÇΓöÇΓöÇΓöÇΓöÇΓöÇΓöÇΓöÇΓöÇΓöÇΓöÇΓöÇΓöÇΓöÇΓöÇΓöÇΓöÇΓöÇΓöÇΓöÇΓöÇΓöÇΓöÇΓöÇΓöÇΓöÇΓöÇΓöÇΓöÇΓöÇΓöÇ

    Error Context: test-results\knowledge-base-NavBar-KB-l-03b7f-ink-visible-when-KB-enabled-chromium\error-context.md

    Retry #1 ΓöÇΓöÇΓöÇΓöÇΓöÇΓöÇΓöÇΓöÇΓöÇΓöÇΓöÇΓöÇΓöÇΓöÇΓöÇΓöÇΓöÇΓöÇΓöÇΓöÇΓöÇΓöÇΓöÇΓöÇΓöÇΓöÇΓöÇΓöÇΓöÇΓöÇΓöÇΓöÇΓöÇΓöÇΓöÇΓöÇΓöÇΓöÇΓöÇΓöÇΓöÇΓöÇΓöÇΓöÇΓöÇΓöÇΓöÇΓöÇΓöÇΓöÇΓöÇΓöÇΓöÇΓöÇΓöÇΓöÇΓöÇΓöÇΓöÇΓöÇΓöÇΓöÇΓöÇΓöÇΓöÇΓöÇΓöÇΓöÇΓöÇΓöÇΓöÇΓöÇΓöÇΓöÇΓöÇΓöÇΓöÇΓöÇΓöÇΓöÇΓöÇΓöÇΓöÇΓöÇΓöÇΓöÇΓöÇ

    Error: page.goto: net::ERR_CONNECTION_REFUSED at http://localhost:3000/help
    Call log:
    [2m  - navigating to "http://localhost:3000/help", waiting until "load"[22m


      298 |     await svc.from('app_settings').upsert({ key: 'kb_visible', value: 'true' });
      299 |
    > 300 |     await page.goto('/help');
          |                ^
      301 |     await expect(page.getByRole('link', { name: 'Help Center' })).toBeVisible({ timeout: 10000 });
      302 |   });
      303 |
        at C:\survey.js\supabase-helpdesk\tests\e2e\knowledge-base.spec.ts:300:16

    attachment #1: screenshot (image/png) ΓöÇΓöÇΓöÇΓöÇΓöÇΓöÇΓöÇΓöÇΓöÇΓöÇΓöÇΓöÇΓöÇΓöÇΓöÇΓöÇΓöÇΓöÇΓöÇΓöÇΓöÇΓöÇΓöÇΓöÇΓöÇΓöÇΓöÇΓöÇΓöÇΓöÇΓöÇΓöÇΓöÇΓöÇΓöÇΓöÇΓöÇΓöÇΓöÇΓöÇΓöÇΓöÇΓöÇΓöÇΓöÇΓöÇΓöÇΓöÇΓöÇΓöÇΓöÇΓöÇΓöÇΓöÇΓöÇΓöÇΓöÇΓöÇ
    test-results\knowledge-base-NavBar-KB-l-03b7f-ink-visible-when-KB-enabled-chromium-retry1\test-failed-1.png
    ΓöÇΓöÇΓöÇΓöÇΓöÇΓöÇΓöÇΓöÇΓöÇΓöÇΓöÇΓöÇΓöÇΓöÇΓöÇΓöÇΓöÇΓöÇΓöÇΓöÇΓöÇΓöÇΓöÇΓöÇΓöÇΓöÇΓöÇΓöÇΓöÇΓöÇΓöÇΓöÇΓöÇΓöÇΓöÇΓöÇΓöÇΓöÇΓöÇΓöÇΓöÇΓöÇΓöÇΓöÇΓöÇΓöÇΓöÇΓöÇΓöÇΓöÇΓöÇΓöÇΓöÇΓöÇΓöÇΓöÇΓöÇΓöÇΓöÇΓöÇΓöÇΓöÇΓöÇΓöÇΓöÇΓöÇΓöÇΓöÇΓöÇΓöÇΓöÇΓöÇΓöÇΓöÇΓöÇΓöÇΓöÇΓöÇΓöÇΓöÇΓöÇΓöÇΓöÇΓöÇΓöÇΓöÇΓöÇΓöÇΓöÇΓöÇΓöÇΓöÇΓöÇΓöÇΓöÇΓöÇ

    Error Context: test-results\knowledge-base-NavBar-KB-l-03b7f-ink-visible-when-KB-enabled-chromium-retry1\error-context.md

    Retry #2 ΓöÇΓöÇΓöÇΓöÇΓöÇΓöÇΓöÇΓöÇΓöÇΓöÇΓöÇΓöÇΓöÇΓöÇΓöÇΓöÇΓöÇΓöÇΓöÇΓöÇΓöÇΓöÇΓöÇΓöÇΓöÇΓöÇΓöÇΓöÇΓöÇΓöÇΓöÇΓöÇΓöÇΓöÇΓöÇΓöÇΓöÇΓöÇΓöÇΓöÇΓöÇΓöÇΓöÇΓöÇΓöÇΓöÇΓöÇΓöÇΓöÇΓöÇΓöÇΓöÇΓöÇΓöÇΓöÇΓöÇΓöÇΓöÇΓöÇΓöÇΓöÇΓöÇΓöÇΓöÇΓöÇΓöÇΓöÇΓöÇΓöÇΓöÇΓöÇΓöÇΓöÇΓöÇΓöÇΓöÇΓöÇΓöÇΓöÇΓöÇΓöÇΓöÇΓöÇΓöÇΓöÇΓöÇΓöÇ

    Error: page.goto: net::ERR_CONNECTION_REFUSED at http://localhost:3000/help
    Call log:
    [2m  - navigating to "http://localhost:3000/help", waiting until "load"[22m


      298 |     await svc.from('app_settings').upsert({ key: 'kb_visible', value: 'true' });
      299 |
    > 300 |     await page.goto('/help');
          |                ^
      301 |     await expect(page.getByRole('link', { name: 'Help Center' })).toBeVisible({ timeout: 10000 });
      302 |   });
      303 |
        at C:\survey.js\supabase-helpdesk\tests\e2e\knowledge-base.spec.ts:300:16

    attachment #1: screenshot (image/png) ΓöÇΓöÇΓöÇΓöÇΓöÇΓöÇΓöÇΓöÇΓöÇΓöÇΓöÇΓöÇΓöÇΓöÇΓöÇΓöÇΓöÇΓöÇΓöÇΓöÇΓöÇΓöÇΓöÇΓöÇΓöÇΓöÇΓöÇΓöÇΓöÇΓöÇΓöÇΓöÇΓöÇΓöÇΓöÇΓöÇΓöÇΓöÇΓöÇΓöÇΓöÇΓöÇΓöÇΓöÇΓöÇΓöÇΓöÇΓöÇΓöÇΓöÇΓöÇΓöÇΓöÇΓöÇΓöÇΓöÇΓöÇΓöÇ
    test-results\knowledge-base-NavBar-KB-l-03b7f-ink-visible-when-KB-enabled-chromium-retry2\test-failed-1.png
    ΓöÇΓöÇΓöÇΓöÇΓöÇΓöÇΓöÇΓöÇΓöÇΓöÇΓöÇΓöÇΓöÇΓöÇΓöÇΓöÇΓöÇΓöÇΓöÇΓöÇΓöÇΓöÇΓöÇΓöÇΓöÇΓöÇΓöÇΓöÇΓöÇΓöÇΓöÇΓöÇΓöÇΓöÇΓöÇΓöÇΓöÇΓöÇΓöÇΓöÇΓöÇΓöÇΓöÇΓöÇΓöÇΓöÇΓöÇΓöÇΓöÇΓöÇΓöÇΓöÇΓöÇΓöÇΓöÇΓöÇΓöÇΓöÇΓöÇΓöÇΓöÇΓöÇΓöÇΓöÇΓöÇΓöÇΓöÇΓöÇΓöÇΓöÇΓöÇΓöÇΓöÇΓöÇΓöÇΓöÇΓöÇΓöÇΓöÇΓöÇΓöÇΓöÇΓöÇΓöÇΓöÇΓöÇΓöÇΓöÇΓöÇΓöÇΓöÇΓöÇΓöÇΓöÇΓöÇΓöÇ

    Error Context: test-results\knowledge-base-NavBar-KB-l-03b7f-ink-visible-when-KB-enabled-chromium-retry2\error-context.md


[1A[2K[347/350] (retries) [chromium] ΓÇ║ tests\e2e\knowledge-base.spec.ts:304:7 ΓÇ║ NavBar KB links ΓÇ║ Manage Articles link visible for agents (retry #2)
[1A[2K[348/350] (retries) [chromium] ΓÇ║ tests\e2e\knowledge-base.spec.ts:309:7 ΓÇ║ NavBar KB links ΓÇ║ Manage Articles link not visible for regular users (retry #2)
[1A[2K[349/350] [chromium] ΓÇ║ tests\e2e\knowledge-base.spec.ts:511:7 ΓÇ║ KB visibility toggle ΓÇ║ agent sees read-only KB visibility checkbox
[1A[2K[350/350] [chromium] ΓÇ║ tests\e2e\knowledge-base.spec.ts:357:7 ΓÇ║ Article Management ΓÇ║ manage page: filter by status
[1A[2K[351/350] [chromium] ΓÇ║ tests\e2e\knowledge-base.spec.ts:369:7 ΓÇ║ Article Management ΓÇ║ article editor: create new article
[1A[2K[352/350] [chromium] ΓÇ║ tests\e2e\knowledge-base.spec.ts:391:7 ΓÇ║ Article Management ΓÇ║ article editor: edit article
[1A[2K[353/350] [chromium] ΓÇ║ tests\e2e\knowledge-base.spec.ts:409:7 ΓÇ║ Article Management ΓÇ║ article management: change status (publish)
[1A[2K[354/350] [chromium] ΓÇ║ tests\e2e\knowledge-base.spec.ts:430:7 ΓÇ║ Article Management ΓÇ║ article management: change status (archive)
[1A[2K[355/350] [chromium] ΓÇ║ tests\e2e\knowledge-base.spec.ts:448:7 ΓÇ║ Article Management ΓÇ║ article management: delete article
[1A[2KΓùç injected env (0) from .env.test // tip: Γîü auth for agents [www.vestauth.com]

[1A[2K[356/350] [chromium] ΓÇ║ tests\e2e\notifications.spec.ts:24:7 ΓÇ║ Notification Settings ΓÇ║ user can access notification settings page
[1A[2K[357/350] [chromium] ΓÇ║ tests\e2e\knowledge-base.spec.ts:557:7 ΓÇ║ KB Categories Admin ΓÇ║ admin can create a new KB category
[1A[2K[358/350] [chromium] ΓÇ║ tests\e2e\knowledge-base.spec.ts:578:7 ΓÇ║ KB Categories Admin ΓÇ║ admin can rename a KB category
[1A[2K[359/350] [chromium] ΓÇ║ tests\e2e\knowledge-base.spec.ts:601:7 ΓÇ║ KB Categories Admin ΓÇ║ admin can delete a KB category
[1A[2KΓùç injected env (0) from .env.test // tip: Γîÿ multiple files { path: ['.env.local', '.env'] }

[1A[2KΓùç injected env (0) from .env.test // tip: Γîÿ multiple files { path: ['.env.local', '.env'] }

[1A[2K[360/350] (retries) [chromium] ΓÇ║ tests\e2e\knowledge-base.spec.ts:347:7 ΓÇ║ Article Management ΓÇ║ manage page: list articles with pagination (retry #1)
[1A[2K[361/350] (retries) [chromium] ΓÇ║ tests\e2e\knowledge-base.spec.ts:488:7 ΓÇ║ KB visibility toggle ΓÇ║ admin can toggle KB visibility (retry #1)
[1A[2KΓùç injected env (0) from .env.test // tip: Γîÿ multiple files { path: ['.env.local', '.env'] }

[1A[2K[362/350] (retries) [chromium] ΓÇ║ tests\e2e\knowledge-base.spec.ts:547:7 ΓÇ║ KB Categories Admin ΓÇ║ admin can access KB categories page (retry #1)
[1A[2K[363/350] [chromium] ΓÇ║ tests\e2e\notifications.spec.ts:30:7 ΓÇ║ Notification Settings ΓÇ║ notification settings page shows toggle table
[1A[2K[364/350] [chromium] ΓÇ║ tests\e2e\notifications.spec.ts:38:7 ΓÇ║ Notification Settings ΓÇ║ user can toggle and save preferences
[1A[2K[365/350] (retries) [chromium] ΓÇ║ tests\e2e\knowledge-base.spec.ts:357:7 ΓÇ║ Article Management ΓÇ║ manage page: filter by status (retry #1)
[1A[2K[366/350] (retries) [chromium] ΓÇ║ tests\e2e\knowledge-base.spec.ts:369:7 ΓÇ║ Article Management ΓÇ║ article editor: create new article (retry #1)
[1A[2K[367/350] (retries) [chromium] ΓÇ║ tests\e2e\knowledge-base.spec.ts:391:7 ΓÇ║ Article Management ΓÇ║ article editor: edit article (retry #1)
[1A[2K[368/350] (retries) [chromium] ΓÇ║ tests\e2e\knowledge-base.spec.ts:409:7 ΓÇ║ Article Management ΓÇ║ article management: change status (publish) (retry #1)
[1A[2K[369/350] (retries) [chromium] ΓÇ║ tests\e2e\knowledge-base.spec.ts:430:7 ΓÇ║ Article Management ΓÇ║ article management: change status (archive) (retry #1)
[1A[2K[370/350] (retries) [chromium] ΓÇ║ tests\e2e\knowledge-base.spec.ts:448:7 ΓÇ║ Article Management ΓÇ║ article management: delete article (retry #1)
[1A[2K[371/350] (retries) [chromium] ΓÇ║ tests\e2e\knowledge-base.spec.ts:511:7 ΓÇ║ KB visibility toggle ΓÇ║ agent sees read-only KB visibility checkbox (retry #1)
[1A[2KΓùç injected env (0) from .env.test // tip: Γîÿ multiple files { path: ['.env.local', '.env'] }

[1A[2K[372/350] (retries) [chromium] ΓÇ║ tests\e2e\notifications.spec.ts:24:7 ΓÇ║ Notification Settings ΓÇ║ user can access notification settings page (retry #1)
[1A[2K[373/350] (retries) [chromium] ΓÇ║ tests\e2e\knowledge-base.spec.ts:557:7 ΓÇ║ KB Categories Admin ΓÇ║ admin can create a new KB category (retry #1)
[1A[2K[374/350] (retries) [chromium] ΓÇ║ tests\e2e\knowledge-base.spec.ts:578:7 ΓÇ║ KB Categories Admin ΓÇ║ admin can rename a KB category (retry #1)
[1A[2K[375/350] (retries) [chromium] ΓÇ║ tests\e2e\knowledge-base.spec.ts:601:7 ΓÇ║ KB Categories Admin ΓÇ║ admin can delete a KB category (retry #1)
[1A[2KΓùç injected env (0) from .env.test // tip: Γîÿ enable debugging { debug: true }

[1A[2KΓùç injected env (0) from .env.test // tip: Γùê secrets for agents [www.dotenvx.com]

[1A[2K[376/350] (retries) [chromium] ΓÇ║ tests\e2e\knowledge-base.spec.ts:347:7 ΓÇ║ Article Management ΓÇ║ manage page: list articles with pagination (retry #2)
[1A[2K[377/350] (retries) [chromium] ΓÇ║ tests\e2e\knowledge-base.spec.ts:488:7 ΓÇ║ KB visibility toggle ΓÇ║ admin can toggle KB visibility (retry #2)
[1A[2KΓùç injected env (0) from .env.test // tip: Γîÿ suppress logs { quiet: true }

[1A[2K[378/350] (retries) [chromium] ΓÇ║ tests\e2e\knowledge-base.spec.ts:547:7 ΓÇ║ KB Categories Admin ΓÇ║ admin can access KB categories page (retry #2)
[1A[2K[379/350] (retries) [chromium] ΓÇ║ tests\e2e\notifications.spec.ts:30:7 ΓÇ║ Notification Settings ΓÇ║ notification settings page shows toggle table (retry #1)
[1A[2K[380/350] (retries) [chromium] ΓÇ║ tests\e2e\notifications.spec.ts:38:7 ΓÇ║ Notification Settings ΓÇ║ user can toggle and save preferences (retry #1)
[1A[2K  20) [chromium] ΓÇ║ tests\e2e\knowledge-base.spec.ts:347:7 ΓÇ║ Article Management ΓÇ║ manage page: list articles with pagination 

    Error: page.goto: net::ERR_CONNECTION_REFUSED at http://localhost:3000/login
    Call log:
    [2m  - navigating to "http://localhost:3000/login", waiting until "load"[22m


       at ..\helpers\auth.ts:55

      53 |
      54 |   const submit = async (): Promise<boolean> => {
    > 55 |     await page.goto('/login');
         |                ^
      56 |     // Another worker (typically auth-external.spec.ts) can flip `auth_mode`
      57 |     // back to `external` between our ensureBuiltInAuthMode() call above and
      58 |     // this navigation, in which case `/login` renders only the SSO button
        at submit (C:\survey.js\supabase-helpdesk\tests\helpers\auth.ts:55:16)
        at loginViaForm (C:\survey.js\supabase-helpdesk\tests\helpers\auth.ts:86:15)
        at loginAs (C:\survey.js\supabase-helpdesk\tests\e2e\knowledge-base.spec.ts:9:3)
        at C:\survey.js\supabase-helpdesk\tests\e2e\knowledge-base.spec.ts:348:5

    attachment #1: screenshot (image/png) ΓöÇΓöÇΓöÇΓöÇΓöÇΓöÇΓöÇΓöÇΓöÇΓöÇΓöÇΓöÇΓöÇΓöÇΓöÇΓöÇΓöÇΓöÇΓöÇΓöÇΓöÇΓöÇΓöÇΓöÇΓöÇΓöÇΓöÇΓöÇΓöÇΓöÇΓöÇΓöÇΓöÇΓöÇΓöÇΓöÇΓöÇΓöÇΓöÇΓöÇΓöÇΓöÇΓöÇΓöÇΓöÇΓöÇΓöÇΓöÇΓöÇΓöÇΓöÇΓöÇΓöÇΓöÇΓöÇΓöÇΓöÇΓöÇ
    test-results\knowledge-base-Article-Man-8b42f-st-articles-with-pagination-chromium\test-failed-1.png
    ΓöÇΓöÇΓöÇΓöÇΓöÇΓöÇΓöÇΓöÇΓöÇΓöÇΓöÇΓöÇΓöÇΓöÇΓöÇΓöÇΓöÇΓöÇΓöÇΓöÇΓöÇΓöÇΓöÇΓöÇΓöÇΓöÇΓöÇΓöÇΓöÇΓöÇΓöÇΓöÇΓöÇΓöÇΓöÇΓöÇΓöÇΓöÇΓöÇΓöÇΓöÇΓöÇΓöÇΓöÇΓöÇΓöÇΓöÇΓöÇΓöÇΓöÇΓöÇΓöÇΓöÇΓöÇΓöÇΓöÇΓöÇΓöÇΓöÇΓöÇΓöÇΓöÇΓöÇΓöÇΓöÇΓöÇΓöÇΓöÇΓöÇΓöÇΓöÇΓöÇΓöÇΓöÇΓöÇΓöÇΓöÇΓöÇΓöÇΓöÇΓöÇΓöÇΓöÇΓöÇΓöÇΓöÇΓöÇΓöÇΓöÇΓöÇΓöÇΓöÇΓöÇΓöÇΓöÇΓöÇ

    Error Context: test-results\knowledge-base-Article-Man-8b42f-st-articles-with-pagination-chromium\error-context.md

    Error Context: test-results\knowledge-base-Article-Man-8b42f-st-articles-with-pagination-chromium\error-context.md

    Retry #1 ΓöÇΓöÇΓöÇΓöÇΓöÇΓöÇΓöÇΓöÇΓöÇΓöÇΓöÇΓöÇΓöÇΓöÇΓöÇΓöÇΓöÇΓöÇΓöÇΓöÇΓöÇΓöÇΓöÇΓöÇΓöÇΓöÇΓöÇΓöÇΓöÇΓöÇΓöÇΓöÇΓöÇΓöÇΓöÇΓöÇΓöÇΓöÇΓöÇΓöÇΓöÇΓöÇΓöÇΓöÇΓöÇΓöÇΓöÇΓöÇΓöÇΓöÇΓöÇΓöÇΓöÇΓöÇΓöÇΓöÇΓöÇΓöÇΓöÇΓöÇΓöÇΓöÇΓöÇΓöÇΓöÇΓöÇΓöÇΓöÇΓöÇΓöÇΓöÇΓöÇΓöÇΓöÇΓöÇΓöÇΓöÇΓöÇΓöÇΓöÇΓöÇΓöÇΓöÇΓöÇΓöÇΓöÇΓöÇ

    Error: page.goto: net::ERR_CONNECTION_REFUSED at http://localhost:3000/login
    Call log:
    [2m  - navigating to "http://localhost:3000/login", waiting until "load"[22m


       at ..\helpers\auth.ts:55

      53 |
      54 |   const submit = async (): Promise<boolean> => {
    > 55 |     await page.goto('/login');
         |                ^
      56 |     // Another worker (typically auth-external.spec.ts) can flip `auth_mode`
      57 |     // back to `external` between our ensureBuiltInAuthMode() call above and
      58 |     // this navigation, in which case `/login` renders only the SSO button
        at submit (C:\survey.js\supabase-helpdesk\tests\helpers\auth.ts:55:16)
        at loginViaForm (C:\survey.js\supabase-helpdesk\tests\helpers\auth.ts:86:15)
        at loginAs (C:\survey.js\supabase-helpdesk\tests\e2e\knowledge-base.spec.ts:9:3)
        at C:\survey.js\supabase-helpdesk\tests\e2e\knowledge-base.spec.ts:348:5

    attachment #1: screenshot (image/png) ΓöÇΓöÇΓöÇΓöÇΓöÇΓöÇΓöÇΓöÇΓöÇΓöÇΓöÇΓöÇΓöÇΓöÇΓöÇΓöÇΓöÇΓöÇΓöÇΓöÇΓöÇΓöÇΓöÇΓöÇΓöÇΓöÇΓöÇΓöÇΓöÇΓöÇΓöÇΓöÇΓöÇΓöÇΓöÇΓöÇΓöÇΓöÇΓöÇΓöÇΓöÇΓöÇΓöÇΓöÇΓöÇΓöÇΓöÇΓöÇΓöÇΓöÇΓöÇΓöÇΓöÇΓöÇΓöÇΓöÇΓöÇΓöÇ
    test-results\knowledge-base-Article-Man-8b42f-st-articles-with-pagination-chromium-retry1\test-failed-1.png
    ΓöÇΓöÇΓöÇΓöÇΓöÇΓöÇΓöÇΓöÇΓöÇΓöÇΓöÇΓöÇΓöÇΓöÇΓöÇΓöÇΓöÇΓöÇΓöÇΓöÇΓöÇΓöÇΓöÇΓöÇΓöÇΓöÇΓöÇΓöÇΓöÇΓöÇΓöÇΓöÇΓöÇΓöÇΓöÇΓöÇΓöÇΓöÇΓöÇΓöÇΓöÇΓöÇΓöÇΓöÇΓöÇΓöÇΓöÇΓöÇΓöÇΓöÇΓöÇΓöÇΓöÇΓöÇΓöÇΓöÇΓöÇΓöÇΓöÇΓöÇΓöÇΓöÇΓöÇΓöÇΓöÇΓöÇΓöÇΓöÇΓöÇΓöÇΓöÇΓöÇΓöÇΓöÇΓöÇΓöÇΓöÇΓöÇΓöÇΓöÇΓöÇΓöÇΓöÇΓöÇΓöÇΓöÇΓöÇΓöÇΓöÇΓöÇΓöÇΓöÇΓöÇΓöÇΓöÇΓöÇ

    Error Context: test-results\knowledge-base-Article-Man-8b42f-st-articles-with-pagination-chromium-retry1\error-context.md

    Error Context: test-results\knowledge-base-Article-Man-8b42f-st-articles-with-pagination-chromium-retry1\error-context.md

    Retry #2 ΓöÇΓöÇΓöÇΓöÇΓöÇΓöÇΓöÇΓöÇΓöÇΓöÇΓöÇΓöÇΓöÇΓöÇΓöÇΓöÇΓöÇΓöÇΓöÇΓöÇΓöÇΓöÇΓöÇΓöÇΓöÇΓöÇΓöÇΓöÇΓöÇΓöÇΓöÇΓöÇΓöÇΓöÇΓöÇΓöÇΓöÇΓöÇΓöÇΓöÇΓöÇΓöÇΓöÇΓöÇΓöÇΓöÇΓöÇΓöÇΓöÇΓöÇΓöÇΓöÇΓöÇΓöÇΓöÇΓöÇΓöÇΓöÇΓöÇΓöÇΓöÇΓöÇΓöÇΓöÇΓöÇΓöÇΓöÇΓöÇΓöÇΓöÇΓöÇΓöÇΓöÇΓöÇΓöÇΓöÇΓöÇΓöÇΓöÇΓöÇΓöÇΓöÇΓöÇΓöÇΓöÇΓöÇΓöÇ

    Error: page.goto: net::ERR_CONNECTION_REFUSED at http://localhost:3000/login
    Call log:
    [2m  - navigating to "http://localhost:3000/login", waiting until "load"[22m


       at ..\helpers\auth.ts:55

      53 |
      54 |   const submit = async (): Promise<boolean> => {
    > 55 |     await page.goto('/login');
         |                ^
      56 |     // Another worker (typically auth-external.spec.ts) can flip `auth_mode`
      57 |     // back to `external` between our ensureBuiltInAuthMode() call above and
      58 |     // this navigation, in which case `/login` renders only the SSO button
        at submit (C:\survey.js\supabase-helpdesk\tests\helpers\auth.ts:55:16)
        at loginViaForm (C:\survey.js\supabase-helpdesk\tests\helpers\auth.ts:86:15)
        at loginAs (C:\survey.js\supabase-helpdesk\tests\e2e\knowledge-base.spec.ts:9:3)
        at C:\survey.js\supabase-helpdesk\tests\e2e\knowledge-base.spec.ts:348:5

    attachment #1: screenshot (image/png) ΓöÇΓöÇΓöÇΓöÇΓöÇΓöÇΓöÇΓöÇΓöÇΓöÇΓöÇΓöÇΓöÇΓöÇΓöÇΓöÇΓöÇΓöÇΓöÇΓöÇΓöÇΓöÇΓöÇΓöÇΓöÇΓöÇΓöÇΓöÇΓöÇΓöÇΓöÇΓöÇΓöÇΓöÇΓöÇΓöÇΓöÇΓöÇΓöÇΓöÇΓöÇΓöÇΓöÇΓöÇΓöÇΓöÇΓöÇΓöÇΓöÇΓöÇΓöÇΓöÇΓöÇΓöÇΓöÇΓöÇΓöÇΓöÇ
    test-results\knowledge-base-Article-Man-8b42f-st-articles-with-pagination-chromium-retry2\test-failed-1.png
    ΓöÇΓöÇΓöÇΓöÇΓöÇΓöÇΓöÇΓöÇΓöÇΓöÇΓöÇΓöÇΓöÇΓöÇΓöÇΓöÇΓöÇΓöÇΓöÇΓöÇΓöÇΓöÇΓöÇΓöÇΓöÇΓöÇΓöÇΓöÇΓöÇΓöÇΓöÇΓöÇΓöÇΓöÇΓöÇΓöÇΓöÇΓöÇΓöÇΓöÇΓöÇΓöÇΓöÇΓöÇΓöÇΓöÇΓöÇΓöÇΓöÇΓöÇΓöÇΓöÇΓöÇΓöÇΓöÇΓöÇΓöÇΓöÇΓöÇΓöÇΓöÇΓöÇΓöÇΓöÇΓöÇΓöÇΓöÇΓöÇΓöÇΓöÇΓöÇΓöÇΓöÇΓöÇΓöÇΓöÇΓöÇΓöÇΓöÇΓöÇΓöÇΓöÇΓöÇΓöÇΓöÇΓöÇΓöÇΓöÇΓöÇΓöÇΓöÇΓöÇΓöÇΓöÇΓöÇΓöÇ

    Error Context: test-results\knowledge-base-Article-Man-8b42f-st-articles-with-pagination-chromium-retry2\error-context.md

    Error Context: test-results\knowledge-base-Article-Man-8b42f-st-articles-with-pagination-chromium-retry2\error-context.md


[1A[2K[381/350] (retries) [chromium] ΓÇ║ tests\e2e\knowledge-base.spec.ts:357:7 ΓÇ║ Article Management ΓÇ║ manage page: filter by status (retry #2)
[1A[2K[382/350] (retries) [chromium] ΓÇ║ tests\e2e\knowledge-base.spec.ts:369:7 ΓÇ║ Article Management ΓÇ║ article editor: create new article (retry #2)
[1A[2K[383/350] (retries) [chromium] ΓÇ║ tests\e2e\knowledge-base.spec.ts:391:7 ΓÇ║ Article Management ΓÇ║ article editor: edit article (retry #2)
[1A[2K[384/350] (retries) [chromium] ΓÇ║ tests\e2e\knowledge-base.spec.ts:409:7 ΓÇ║ Article Management ΓÇ║ article management: change status (publish) (retry #2)
[1A[2K[385/350] (retries) [chromium] ΓÇ║ tests\e2e\knowledge-base.spec.ts:430:7 ΓÇ║ Article Management ΓÇ║ article management: change status (archive) (retry #2)
[1A[2K[386/350] (retries) [chromium] ΓÇ║ tests\e2e\knowledge-base.spec.ts:448:7 ΓÇ║ Article Management ΓÇ║ article management: delete article (retry #2)
[1A[2K  21) [chromium] ΓÇ║ tests\e2e\knowledge-base.spec.ts:488:7 ΓÇ║ KB visibility toggle ΓÇ║ admin can toggle KB visibility 

    Error: page.goto: net::ERR_CONNECTION_REFUSED at http://localhost:3000/login
    Call log:
    [2m  - navigating to "http://localhost:3000/login", waiting until "load"[22m


       at ..\helpers\auth.ts:55

      53 |
      54 |   const submit = async (): Promise<boolean> => {
    > 55 |     await page.goto('/login');
         |                ^
      56 |     // Another worker (typically auth-external.spec.ts) can flip `auth_mode`
      57 |     // back to `external` between our ensureBuiltInAuthMode() call above and
      58 |     // this navigation, in which case `/login` renders only the SSO button
        at submit (C:\survey.js\supabase-helpdesk\tests\helpers\auth.ts:55:16)
        at loginViaForm (C:\survey.js\supabase-helpdesk\tests\helpers\auth.ts:86:15)
        at loginAs (C:\survey.js\supabase-helpdesk\tests\e2e\knowledge-base.spec.ts:9:3)
        at C:\survey.js\supabase-helpdesk\tests\e2e\knowledge-base.spec.ts:489:5

    attachment #1: screenshot (image/png) ΓöÇΓöÇΓöÇΓöÇΓöÇΓöÇΓöÇΓöÇΓöÇΓöÇΓöÇΓöÇΓöÇΓöÇΓöÇΓöÇΓöÇΓöÇΓöÇΓöÇΓöÇΓöÇΓöÇΓöÇΓöÇΓöÇΓöÇΓöÇΓöÇΓöÇΓöÇΓöÇΓöÇΓöÇΓöÇΓöÇΓöÇΓöÇΓöÇΓöÇΓöÇΓöÇΓöÇΓöÇΓöÇΓöÇΓöÇΓöÇΓöÇΓöÇΓöÇΓöÇΓöÇΓöÇΓöÇΓöÇΓöÇΓöÇ
    test-results\knowledge-base-KB-visibili-9130a-in-can-toggle-KB-visibility-chromium\test-failed-1.png
    ΓöÇΓöÇΓöÇΓöÇΓöÇΓöÇΓöÇΓöÇΓöÇΓöÇΓöÇΓöÇΓöÇΓöÇΓöÇΓöÇΓöÇΓöÇΓöÇΓöÇΓöÇΓöÇΓöÇΓöÇΓöÇΓöÇΓöÇΓöÇΓöÇΓöÇΓöÇΓöÇΓöÇΓöÇΓöÇΓöÇΓöÇΓöÇΓöÇΓöÇΓöÇΓöÇΓöÇΓöÇΓöÇΓöÇΓöÇΓöÇΓöÇΓöÇΓöÇΓöÇΓöÇΓöÇΓöÇΓöÇΓöÇΓöÇΓöÇΓöÇΓöÇΓöÇΓöÇΓöÇΓöÇΓöÇΓöÇΓöÇΓöÇΓöÇΓöÇΓöÇΓöÇΓöÇΓöÇΓöÇΓöÇΓöÇΓöÇΓöÇΓöÇΓöÇΓöÇΓöÇΓöÇΓöÇΓöÇΓöÇΓöÇΓöÇΓöÇΓöÇΓöÇΓöÇΓöÇΓöÇ

    Error Context: test-results\knowledge-base-KB-visibili-9130a-in-can-toggle-KB-visibility-chromium\error-context.md

    Error Context: test-results\knowledge-base-KB-visibili-9130a-in-can-toggle-KB-visibility-chromium\error-context.md

    Retry #1 ΓöÇΓöÇΓöÇΓöÇΓöÇΓöÇΓöÇΓöÇΓöÇΓöÇΓöÇΓöÇΓöÇΓöÇΓöÇΓöÇΓöÇΓöÇΓöÇΓöÇΓöÇΓöÇΓöÇΓöÇΓöÇΓöÇΓöÇΓöÇΓöÇΓöÇΓöÇΓöÇΓöÇΓöÇΓöÇΓöÇΓöÇΓöÇΓöÇΓöÇΓöÇΓöÇΓöÇΓöÇΓöÇΓöÇΓöÇΓöÇΓöÇΓöÇΓöÇΓöÇΓöÇΓöÇΓöÇΓöÇΓöÇΓöÇΓöÇΓöÇΓöÇΓöÇΓöÇΓöÇΓöÇΓöÇΓöÇΓöÇΓöÇΓöÇΓöÇΓöÇΓöÇΓöÇΓöÇΓöÇΓöÇΓöÇΓöÇΓöÇΓöÇΓöÇΓöÇΓöÇΓöÇΓöÇΓöÇ

    Error: page.goto: net::ERR_CONNECTION_REFUSED at http://localhost:3000/login
    Call log:
    [2m  - navigating to "http://localhost:3000/login", waiting until "load"[22m


       at ..\helpers\auth.ts:55

      53 |
      54 |   const submit = async (): Promise<boolean> => {
    > 55 |     await page.goto('/login');
         |                ^
      56 |     // Another worker (typically auth-external.spec.ts) can flip `auth_mode`
      57 |     // back to `external` between our ensureBuiltInAuthMode() call above and
      58 |     // this navigation, in which case `/login` renders only the SSO button
        at submit (C:\survey.js\supabase-helpdesk\tests\helpers\auth.ts:55:16)
        at loginViaForm (C:\survey.js\supabase-helpdesk\tests\helpers\auth.ts:86:15)
        at loginAs (C:\survey.js\supabase-helpdesk\tests\e2e\knowledge-base.spec.ts:9:3)
        at C:\survey.js\supabase-helpdesk\tests\e2e\knowledge-base.spec.ts:489:5

    attachment #1: screenshot (image/png) ΓöÇΓöÇΓöÇΓöÇΓöÇΓöÇΓöÇΓöÇΓöÇΓöÇΓöÇΓöÇΓöÇΓöÇΓöÇΓöÇΓöÇΓöÇΓöÇΓöÇΓöÇΓöÇΓöÇΓöÇΓöÇΓöÇΓöÇΓöÇΓöÇΓöÇΓöÇΓöÇΓöÇΓöÇΓöÇΓöÇΓöÇΓöÇΓöÇΓöÇΓöÇΓöÇΓöÇΓöÇΓöÇΓöÇΓöÇΓöÇΓöÇΓöÇΓöÇΓöÇΓöÇΓöÇΓöÇΓöÇΓöÇΓöÇ
    test-results\knowledge-base-KB-visibili-9130a-in-can-toggle-KB-visibility-chromium-retry1\test-failed-1.png
    ΓöÇΓöÇΓöÇΓöÇΓöÇΓöÇΓöÇΓöÇΓöÇΓöÇΓöÇΓöÇΓöÇΓöÇΓöÇΓöÇΓöÇΓöÇΓöÇΓöÇΓöÇΓöÇΓöÇΓöÇΓöÇΓöÇΓöÇΓöÇΓöÇΓöÇΓöÇΓöÇΓöÇΓöÇΓöÇΓöÇΓöÇΓöÇΓöÇΓöÇΓöÇΓöÇΓöÇΓöÇΓöÇΓöÇΓöÇΓöÇΓöÇΓöÇΓöÇΓöÇΓöÇΓöÇΓöÇΓöÇΓöÇΓöÇΓöÇΓöÇΓöÇΓöÇΓöÇΓöÇΓöÇΓöÇΓöÇΓöÇΓöÇΓöÇΓöÇΓöÇΓöÇΓöÇΓöÇΓöÇΓöÇΓöÇΓöÇΓöÇΓöÇΓöÇΓöÇΓöÇΓöÇΓöÇΓöÇΓöÇΓöÇΓöÇΓöÇΓöÇΓöÇΓöÇΓöÇΓöÇ

    Error Context: test-results\knowledge-base-KB-visibili-9130a-in-can-toggle-KB-visibility-chromium-retry1\error-context.md

    Error Context: test-results\knowledge-base-KB-visibili-9130a-in-can-toggle-KB-visibility-chromium-retry1\error-context.md

    Retry #2 ΓöÇΓöÇΓöÇΓöÇΓöÇΓöÇΓöÇΓöÇΓöÇΓöÇΓöÇΓöÇΓöÇΓöÇΓöÇΓöÇΓöÇΓöÇΓöÇΓöÇΓöÇΓöÇΓöÇΓöÇΓöÇΓöÇΓöÇΓöÇΓöÇΓöÇΓöÇΓöÇΓöÇΓöÇΓöÇΓöÇΓöÇΓöÇΓöÇΓöÇΓöÇΓöÇΓöÇΓöÇΓöÇΓöÇΓöÇΓöÇΓöÇΓöÇΓöÇΓöÇΓöÇΓöÇΓöÇΓöÇΓöÇΓöÇΓöÇΓöÇΓöÇΓöÇΓöÇΓöÇΓöÇΓöÇΓöÇΓöÇΓöÇΓöÇΓöÇΓöÇΓöÇΓöÇΓöÇΓöÇΓöÇΓöÇΓöÇΓöÇΓöÇΓöÇΓöÇΓöÇΓöÇΓöÇΓöÇ

    Error: page.goto: net::ERR_CONNECTION_REFUSED at http://localhost:3000/login
    Call log:
    [2m  - navigating to "http://localhost:3000/login", waiting until "load"[22m


       at ..\helpers\auth.ts:55

      53 |
      54 |   const submit = async (): Promise<boolean> => {
    > 55 |     await page.goto('/login');
         |                ^
      56 |     // Another worker (typically auth-external.spec.ts) can flip `auth_mode`
      57 |     // back to `external` between our ensureBuiltInAuthMode() call above and
      58 |     // this navigation, in which case `/login` renders only the SSO button
        at submit (C:\survey.js\supabase-helpdesk\tests\helpers\auth.ts:55:16)
        at loginViaForm (C:\survey.js\supabase-helpdesk\tests\helpers\auth.ts:86:15)
        at loginAs (C:\survey.js\supabase-helpdesk\tests\e2e\knowledge-base.spec.ts:9:3)
        at C:\survey.js\supabase-helpdesk\tests\e2e\knowledge-base.spec.ts:489:5

    attachment #1: screenshot (image/png) ΓöÇΓöÇΓöÇΓöÇΓöÇΓöÇΓöÇΓöÇΓöÇΓöÇΓöÇΓöÇΓöÇΓöÇΓöÇΓöÇΓöÇΓöÇΓöÇΓöÇΓöÇΓöÇΓöÇΓöÇΓöÇΓöÇΓöÇΓöÇΓöÇΓöÇΓöÇΓöÇΓöÇΓöÇΓöÇΓöÇΓöÇΓöÇΓöÇΓöÇΓöÇΓöÇΓöÇΓöÇΓöÇΓöÇΓöÇΓöÇΓöÇΓöÇΓöÇΓöÇΓöÇΓöÇΓöÇΓöÇΓöÇΓöÇ
    test-results\knowledge-base-KB-visibili-9130a-in-can-toggle-KB-visibility-chromium-retry2\test-failed-1.png
    ΓöÇΓöÇΓöÇΓöÇΓöÇΓöÇΓöÇΓöÇΓöÇΓöÇΓöÇΓöÇΓöÇΓöÇΓöÇΓöÇΓöÇΓöÇΓöÇΓöÇΓöÇΓöÇΓöÇΓöÇΓöÇΓöÇΓöÇΓöÇΓöÇΓöÇΓöÇΓöÇΓöÇΓöÇΓöÇΓöÇΓöÇΓöÇΓöÇΓöÇΓöÇΓöÇΓöÇΓöÇΓöÇΓöÇΓöÇΓöÇΓöÇΓöÇΓöÇΓöÇΓöÇΓöÇΓöÇΓöÇΓöÇΓöÇΓöÇΓöÇΓöÇΓöÇΓöÇΓöÇΓöÇΓöÇΓöÇΓöÇΓöÇΓöÇΓöÇΓöÇΓöÇΓöÇΓöÇΓöÇΓöÇΓöÇΓöÇΓöÇΓöÇΓöÇΓöÇΓöÇΓöÇΓöÇΓöÇΓöÇΓöÇΓöÇΓöÇΓöÇΓöÇΓöÇΓöÇΓöÇ

    Error Context: test-results\knowledge-base-KB-visibili-9130a-in-can-toggle-KB-visibility-chromium-retry2\error-context.md

    Error Context: test-results\knowledge-base-KB-visibili-9130a-in-can-toggle-KB-visibility-chromium-retry2\error-context.md


[1A[2K[387/350] (retries) [chromium] ΓÇ║ tests\e2e\knowledge-base.spec.ts:511:7 ΓÇ║ KB visibility toggle ΓÇ║ agent sees read-only KB visibility checkbox (retry #2)
[1A[2KΓùç injected env (0) from .env.test // tip: Γîÿ enable debugging { debug: true }

[1A[2K[388/350] (retries) [chromium] ΓÇ║ tests\e2e\notifications.spec.ts:24:7 ΓÇ║ Notification Settings ΓÇ║ user can access notification settings page (retry #2)
[1A[2K  22) [chromium] ΓÇ║ tests\e2e\knowledge-base.spec.ts:547:7 ΓÇ║ KB Categories Admin ΓÇ║ admin can access KB categories page 

    Error: page.goto: net::ERR_CONNECTION_REFUSED at http://localhost:3000/login
    Call log:
    [2m  - navigating to "http://localhost:3000/login", waiting until "load"[22m


       at ..\helpers\auth.ts:55

      53 |
      54 |   const submit = async (): Promise<boolean> => {
    > 55 |     await page.goto('/login');
         |                ^
      56 |     // Another worker (typically auth-external.spec.ts) can flip `auth_mode`
      57 |     // back to `external` between our ensureBuiltInAuthMode() call above and
      58 |     // this navigation, in which case `/login` renders only the SSO button
        at submit (C:\survey.js\supabase-helpdesk\tests\helpers\auth.ts:55:16)
        at loginViaForm (C:\survey.js\supabase-helpdesk\tests\helpers\auth.ts:86:15)
        at loginAs (C:\survey.js\supabase-helpdesk\tests\e2e\knowledge-base.spec.ts:9:3)
        at C:\survey.js\supabase-helpdesk\tests\e2e\knowledge-base.spec.ts:548:5

    attachment #1: screenshot (image/png) ΓöÇΓöÇΓöÇΓöÇΓöÇΓöÇΓöÇΓöÇΓöÇΓöÇΓöÇΓöÇΓöÇΓöÇΓöÇΓöÇΓöÇΓöÇΓöÇΓöÇΓöÇΓöÇΓöÇΓöÇΓöÇΓöÇΓöÇΓöÇΓöÇΓöÇΓöÇΓöÇΓöÇΓöÇΓöÇΓöÇΓöÇΓöÇΓöÇΓöÇΓöÇΓöÇΓöÇΓöÇΓöÇΓöÇΓöÇΓöÇΓöÇΓöÇΓöÇΓöÇΓöÇΓöÇΓöÇΓöÇΓöÇΓöÇ
    test-results\knowledge-base-KB-Categori-82122-n-access-KB-categories-page-chromium\test-failed-1.png
    ΓöÇΓöÇΓöÇΓöÇΓöÇΓöÇΓöÇΓöÇΓöÇΓöÇΓöÇΓöÇΓöÇΓöÇΓöÇΓöÇΓöÇΓöÇΓöÇΓöÇΓöÇΓöÇΓöÇΓöÇΓöÇΓöÇΓöÇΓöÇΓöÇΓöÇΓöÇΓöÇΓöÇΓöÇΓöÇΓöÇΓöÇΓöÇΓöÇΓöÇΓöÇΓöÇΓöÇΓöÇΓöÇΓöÇΓöÇΓöÇΓöÇΓöÇΓöÇΓöÇΓöÇΓöÇΓöÇΓöÇΓöÇΓöÇΓöÇΓöÇΓöÇΓöÇΓöÇΓöÇΓöÇΓöÇΓöÇΓöÇΓöÇΓöÇΓöÇΓöÇΓöÇΓöÇΓöÇΓöÇΓöÇΓöÇΓöÇΓöÇΓöÇΓöÇΓöÇΓöÇΓöÇΓöÇΓöÇΓöÇΓöÇΓöÇΓöÇΓöÇΓöÇΓöÇΓöÇΓöÇ

    Error Context: test-results\knowledge-base-KB-Categori-82122-n-access-KB-categories-page-chromium\error-context.md

    Error Context: test-results\knowledge-base-KB-Categori-82122-n-access-KB-categories-page-chromium\error-context.md

    Retry #1 ΓöÇΓöÇΓöÇΓöÇΓöÇΓöÇΓöÇΓöÇΓöÇΓöÇΓöÇΓöÇΓöÇΓöÇΓöÇΓöÇΓöÇΓöÇΓöÇΓöÇΓöÇΓöÇΓöÇΓöÇΓöÇΓöÇΓöÇΓöÇΓöÇΓöÇΓöÇΓöÇΓöÇΓöÇΓöÇΓöÇΓöÇΓöÇΓöÇΓöÇΓöÇΓöÇΓöÇΓöÇΓöÇΓöÇΓöÇΓöÇΓöÇΓöÇΓöÇΓöÇΓöÇΓöÇΓöÇΓöÇΓöÇΓöÇΓöÇΓöÇΓöÇΓöÇΓöÇΓöÇΓöÇΓöÇΓöÇΓöÇΓöÇΓöÇΓöÇΓöÇΓöÇΓöÇΓöÇΓöÇΓöÇΓöÇΓöÇΓöÇΓöÇΓöÇΓöÇΓöÇΓöÇΓöÇΓöÇ

    Error: page.goto: net::ERR_CONNECTION_REFUSED at http://localhost:3000/login
    Call log:
    [2m  - navigating to "http://localhost:3000/login", waiting until "load"[22m


       at ..\helpers\auth.ts:55

      53 |
      54 |   const submit = async (): Promise<boolean> => {
    > 55 |     await page.goto('/login');
         |                ^
      56 |     // Another worker (typically auth-external.spec.ts) can flip `auth_mode`
      57 |     // back to `external` between our ensureBuiltInAuthMode() call above and
      58 |     // this navigation, in which case `/login` renders only the SSO button
        at submit (C:\survey.js\supabase-helpdesk\tests\helpers\auth.ts:55:16)
        at loginViaForm (C:\survey.js\supabase-helpdesk\tests\helpers\auth.ts:86:15)
        at loginAs (C:\survey.js\supabase-helpdesk\tests\e2e\knowledge-base.spec.ts:9:3)
        at C:\survey.js\supabase-helpdesk\tests\e2e\knowledge-base.spec.ts:548:5

    attachment #1: screenshot (image/png) ΓöÇΓöÇΓöÇΓöÇΓöÇΓöÇΓöÇΓöÇΓöÇΓöÇΓöÇΓöÇΓöÇΓöÇΓöÇΓöÇΓöÇΓöÇΓöÇΓöÇΓöÇΓöÇΓöÇΓöÇΓöÇΓöÇΓöÇΓöÇΓöÇΓöÇΓöÇΓöÇΓöÇΓöÇΓöÇΓöÇΓöÇΓöÇΓöÇΓöÇΓöÇΓöÇΓöÇΓöÇΓöÇΓöÇΓöÇΓöÇΓöÇΓöÇΓöÇΓöÇΓöÇΓöÇΓöÇΓöÇΓöÇΓöÇ
    test-results\knowledge-base-KB-Categori-82122-n-access-KB-categories-page-chromium-retry1\test-failed-1.png
    ΓöÇΓöÇΓöÇΓöÇΓöÇΓöÇΓöÇΓöÇΓöÇΓöÇΓöÇΓöÇΓöÇΓöÇΓöÇΓöÇΓöÇΓöÇΓöÇΓöÇΓöÇΓöÇΓöÇΓöÇΓöÇΓöÇΓöÇΓöÇΓöÇΓöÇΓöÇΓöÇΓöÇΓöÇΓöÇΓöÇΓöÇΓöÇΓöÇΓöÇΓöÇΓöÇΓöÇΓöÇΓöÇΓöÇΓöÇΓöÇΓöÇΓöÇΓöÇΓöÇΓöÇΓöÇΓöÇΓöÇΓöÇΓöÇΓöÇΓöÇΓöÇΓöÇΓöÇΓöÇΓöÇΓöÇΓöÇΓöÇΓöÇΓöÇΓöÇΓöÇΓöÇΓöÇΓöÇΓöÇΓöÇΓöÇΓöÇΓöÇΓöÇΓöÇΓöÇΓöÇΓöÇΓöÇΓöÇΓöÇΓöÇΓöÇΓöÇΓöÇΓöÇΓöÇΓöÇΓöÇ

    Error Context: test-results\knowledge-base-KB-Categori-82122-n-access-KB-categories-page-chromium-retry1\error-context.md

    Error Context: test-results\knowledge-base-KB-Categori-82122-n-access-KB-categories-page-chromium-retry1\error-context.md

    Retry #2 ΓöÇΓöÇΓöÇΓöÇΓöÇΓöÇΓöÇΓöÇΓöÇΓöÇΓöÇΓöÇΓöÇΓöÇΓöÇΓöÇΓöÇΓöÇΓöÇΓöÇΓöÇΓöÇΓöÇΓöÇΓöÇΓöÇΓöÇΓöÇΓöÇΓöÇΓöÇΓöÇΓöÇΓöÇΓöÇΓöÇΓöÇΓöÇΓöÇΓöÇΓöÇΓöÇΓöÇΓöÇΓöÇΓöÇΓöÇΓöÇΓöÇΓöÇΓöÇΓöÇΓöÇΓöÇΓöÇΓöÇΓöÇΓöÇΓöÇΓöÇΓöÇΓöÇΓöÇΓöÇΓöÇΓöÇΓöÇΓöÇΓöÇΓöÇΓöÇΓöÇΓöÇΓöÇΓöÇΓöÇΓöÇΓöÇΓöÇΓöÇΓöÇΓöÇΓöÇΓöÇΓöÇΓöÇΓöÇ

    Error: page.goto: net::ERR_CONNECTION_REFUSED at http://localhost:3000/login
    Call log:
    [2m  - navigating to "http://localhost:3000/login", waiting until "load"[22m


       at ..\helpers\auth.ts:55

      53 |
      54 |   const submit = async (): Promise<boolean> => {
    > 55 |     await page.goto('/login');
         |                ^
      56 |     // Another worker (typically auth-external.spec.ts) can flip `auth_mode`
      57 |     // back to `external` between our ensureBuiltInAuthMode() call above and
      58 |     // this navigation, in which case `/login` renders only the SSO button
        at submit (C:\survey.js\supabase-helpdesk\tests\helpers\auth.ts:55:16)
        at loginViaForm (C:\survey.js\supabase-helpdesk\tests\helpers\auth.ts:86:15)
        at loginAs (C:\survey.js\supabase-helpdesk\tests\e2e\knowledge-base.spec.ts:9:3)
        at C:\survey.js\supabase-helpdesk\tests\e2e\knowledge-base.spec.ts:548:5

    attachment #1: screenshot (image/png) ΓöÇΓöÇΓöÇΓöÇΓöÇΓöÇΓöÇΓöÇΓöÇΓöÇΓöÇΓöÇΓöÇΓöÇΓöÇΓöÇΓöÇΓöÇΓöÇΓöÇΓöÇΓöÇΓöÇΓöÇΓöÇΓöÇΓöÇΓöÇΓöÇΓöÇΓöÇΓöÇΓöÇΓöÇΓöÇΓöÇΓöÇΓöÇΓöÇΓöÇΓöÇΓöÇΓöÇΓöÇΓöÇΓöÇΓöÇΓöÇΓöÇΓöÇΓöÇΓöÇΓöÇΓöÇΓöÇΓöÇΓöÇΓöÇ
    test-results\knowledge-base-KB-Categori-82122-n-access-KB-categories-page-chromium-retry2\test-failed-1.png
    ΓöÇΓöÇΓöÇΓöÇΓöÇΓöÇΓöÇΓöÇΓöÇΓöÇΓöÇΓöÇΓöÇΓöÇΓöÇΓöÇΓöÇΓöÇΓöÇΓöÇΓöÇΓöÇΓöÇΓöÇΓöÇΓöÇΓöÇΓöÇΓöÇΓöÇΓöÇΓöÇΓöÇΓöÇΓöÇΓöÇΓöÇΓöÇΓöÇΓöÇΓöÇΓöÇΓöÇΓöÇΓöÇΓöÇΓöÇΓöÇΓöÇΓöÇΓöÇΓöÇΓöÇΓöÇΓöÇΓöÇΓöÇΓöÇΓöÇΓöÇΓöÇΓöÇΓöÇΓöÇΓöÇΓöÇΓöÇΓöÇΓöÇΓöÇΓöÇΓöÇΓöÇΓöÇΓöÇΓöÇΓöÇΓöÇΓöÇΓöÇΓöÇΓöÇΓöÇΓöÇΓöÇΓöÇΓöÇΓöÇΓöÇΓöÇΓöÇΓöÇΓöÇΓöÇΓöÇΓöÇ

    Error Context: test-results\knowledge-base-KB-Categori-82122-n-access-KB-categories-page-chromium-retry2\error-context.md

    Error Context: test-results\knowledge-base-KB-Categori-82122-n-access-KB-categories-page-chromium-retry2\error-context.md


[1A[2K[389/350] (retries) [chromium] ΓÇ║ tests\e2e\knowledge-base.spec.ts:557:7 ΓÇ║ KB Categories Admin ΓÇ║ admin can create a new KB category (retry #2)
[1A[2K[390/350] (retries) [chromium] ΓÇ║ tests\e2e\knowledge-base.spec.ts:578:7 ΓÇ║ KB Categories Admin ΓÇ║ admin can rename a KB category (retry #2)
[1A[2K[391/350] (retries) [chromium] ΓÇ║ tests\e2e\knowledge-base.spec.ts:601:7 ΓÇ║ KB Categories Admin ΓÇ║ admin can delete a KB category (retry #2)
[1A[2KΓùç injected env (0) from .env.test // tip: Γîÿ override existing { override: true }

[1A[2KΓùç injected env (0) from .env.test // tip: Γùê secrets for agents [www.dotenvx.com]

[1A[2K[392/350] [chromium] ΓÇ║ tests\e2e\notifications.spec.ts:60:7 ΓÇ║ Admin Email Configuration ΓÇ║ admin can access email config page
[1A[2K[393/350] [chromium] ΓÇ║ tests\e2e\notifications.spec.ts:148:7 ΓÇ║ Admin Notification Templates ΓÇ║ templates page shows categories
[1A[2KΓùç injected env (0) from .env.test // tip: Γîÿ multiple files { path: ['.env.local', '.env'] }

[1A[2K[394/350] [chromium] ΓÇ║ tests\e2e\notifications.spec.ts:175:7 ΓÇ║ Admin Default Notification Preferences ΓÇ║ admin user-settings shows default preferences form
[1A[2K  23) [chromium] ΓÇ║ tests\e2e\notifications.spec.ts:24:7 ΓÇ║ Notification Settings ΓÇ║ user can access notification settings page 

    Error: page.goto: net::ERR_CONNECTION_REFUSED at http://localhost:3000/login
    Call log:
    [2m  - navigating to "http://localhost:3000/login", waiting until "load"[22m


       at ..\helpers\auth.ts:55

      53 |
      54 |   const submit = async (): Promise<boolean> => {
    > 55 |     await page.goto('/login');
         |                ^
      56 |     // Another worker (typically auth-external.spec.ts) can flip `auth_mode`
      57 |     // back to `external` between our ensureBuiltInAuthMode() call above and
      58 |     // this navigation, in which case `/login` renders only the SSO button
        at submit (C:\survey.js\supabase-helpdesk\tests\helpers\auth.ts:55:16)
        at loginViaForm (C:\survey.js\supabase-helpdesk\tests\helpers\auth.ts:86:15)
        at loginAs (C:\survey.js\supabase-helpdesk\tests\e2e\notifications.spec.ts:6:3)
        at C:\survey.js\supabase-helpdesk\tests\e2e\notifications.spec.ts:25:5

    attachment #1: screenshot (image/png) ΓöÇΓöÇΓöÇΓöÇΓöÇΓöÇΓöÇΓöÇΓöÇΓöÇΓöÇΓöÇΓöÇΓöÇΓöÇΓöÇΓöÇΓöÇΓöÇΓöÇΓöÇΓöÇΓöÇΓöÇΓöÇΓöÇΓöÇΓöÇΓöÇΓöÇΓöÇΓöÇΓöÇΓöÇΓöÇΓöÇΓöÇΓöÇΓöÇΓöÇΓöÇΓöÇΓöÇΓöÇΓöÇΓöÇΓöÇΓöÇΓöÇΓöÇΓöÇΓöÇΓöÇΓöÇΓöÇΓöÇΓöÇΓöÇ
    test-results\notifications-Notification-639d0--notification-settings-page-chromium\test-failed-1.png
    ΓöÇΓöÇΓöÇΓöÇΓöÇΓöÇΓöÇΓöÇΓöÇΓöÇΓöÇΓöÇΓöÇΓöÇΓöÇΓöÇΓöÇΓöÇΓöÇΓöÇΓöÇΓöÇΓöÇΓöÇΓöÇΓöÇΓöÇΓöÇΓöÇΓöÇΓöÇΓöÇΓöÇΓöÇΓöÇΓöÇΓöÇΓöÇΓöÇΓöÇΓöÇΓöÇΓöÇΓöÇΓöÇΓöÇΓöÇΓöÇΓöÇΓöÇΓöÇΓöÇΓöÇΓöÇΓöÇΓöÇΓöÇΓöÇΓöÇΓöÇΓöÇΓöÇΓöÇΓöÇΓöÇΓöÇΓöÇΓöÇΓöÇΓöÇΓöÇΓöÇΓöÇΓöÇΓöÇΓöÇΓöÇΓöÇΓöÇΓöÇΓöÇΓöÇΓöÇΓöÇΓöÇΓöÇΓöÇΓöÇΓöÇΓöÇΓöÇΓöÇΓöÇΓöÇΓöÇΓöÇ

    Error Context: test-results\notifications-Notification-639d0--notification-settings-page-chromium\error-context.md

    Retry #1 ΓöÇΓöÇΓöÇΓöÇΓöÇΓöÇΓöÇΓöÇΓöÇΓöÇΓöÇΓöÇΓöÇΓöÇΓöÇΓöÇΓöÇΓöÇΓöÇΓöÇΓöÇΓöÇΓöÇΓöÇΓöÇΓöÇΓöÇΓöÇΓöÇΓöÇΓöÇΓöÇΓöÇΓöÇΓöÇΓöÇΓöÇΓöÇΓöÇΓöÇΓöÇΓöÇΓöÇΓöÇΓöÇΓöÇΓöÇΓöÇΓöÇΓöÇΓöÇΓöÇΓöÇΓöÇΓöÇΓöÇΓöÇΓöÇΓöÇΓöÇΓöÇΓöÇΓöÇΓöÇΓöÇΓöÇΓöÇΓöÇΓöÇΓöÇΓöÇΓöÇΓöÇΓöÇΓöÇΓöÇΓöÇΓöÇΓöÇΓöÇΓöÇΓöÇΓöÇΓöÇΓöÇΓöÇΓöÇ

    Error: page.goto: net::ERR_CONNECTION_REFUSED at http://localhost:3000/login
    Call log:
    [2m  - navigating to "http://localhost:3000/login", waiting until "load"[22m


       at ..\helpers\auth.ts:55

      53 |
      54 |   const submit = async (): Promise<boolean> => {
    > 55 |     await page.goto('/login');
         |                ^
      56 |     // Another worker (typically auth-external.spec.ts) can flip `auth_mode`
      57 |     // back to `external` between our ensureBuiltInAuthMode() call above and
      58 |     // this navigation, in which case `/login` renders only the SSO button
        at submit (C:\survey.js\supabase-helpdesk\tests\helpers\auth.ts:55:16)
        at loginViaForm (C:\survey.js\supabase-helpdesk\tests\helpers\auth.ts:86:15)
        at loginAs (C:\survey.js\supabase-helpdesk\tests\e2e\notifications.spec.ts:6:3)
        at C:\survey.js\supabase-helpdesk\tests\e2e\notifications.spec.ts:25:5

    attachment #1: screenshot (image/png) ΓöÇΓöÇΓöÇΓöÇΓöÇΓöÇΓöÇΓöÇΓöÇΓöÇΓöÇΓöÇΓöÇΓöÇΓöÇΓöÇΓöÇΓöÇΓöÇΓöÇΓöÇΓöÇΓöÇΓöÇΓöÇΓöÇΓöÇΓöÇΓöÇΓöÇΓöÇΓöÇΓöÇΓöÇΓöÇΓöÇΓöÇΓöÇΓöÇΓöÇΓöÇΓöÇΓöÇΓöÇΓöÇΓöÇΓöÇΓöÇΓöÇΓöÇΓöÇΓöÇΓöÇΓöÇΓöÇΓöÇΓöÇΓöÇ
    test-results\notifications-Notification-639d0--notification-settings-page-chromium-retry1\test-failed-1.png
    ΓöÇΓöÇΓöÇΓöÇΓöÇΓöÇΓöÇΓöÇΓöÇΓöÇΓöÇΓöÇΓöÇΓöÇΓöÇΓöÇΓöÇΓöÇΓöÇΓöÇΓöÇΓöÇΓöÇΓöÇΓöÇΓöÇΓöÇΓöÇΓöÇΓöÇΓöÇΓöÇΓöÇΓöÇΓöÇΓöÇΓöÇΓöÇΓöÇΓöÇΓöÇΓöÇΓöÇΓöÇΓöÇΓöÇΓöÇΓöÇΓöÇΓöÇΓöÇΓöÇΓöÇΓöÇΓöÇΓöÇΓöÇΓöÇΓöÇΓöÇΓöÇΓöÇΓöÇΓöÇΓöÇΓöÇΓöÇΓöÇΓöÇΓöÇΓöÇΓöÇΓöÇΓöÇΓöÇΓöÇΓöÇΓöÇΓöÇΓöÇΓöÇΓöÇΓöÇΓöÇΓöÇΓöÇΓöÇΓöÇΓöÇΓöÇΓöÇΓöÇΓöÇΓöÇΓöÇΓöÇ

    Error Context: test-results\notifications-Notification-639d0--notification-settings-page-chromium-retry1\error-context.md

    Retry #2 ΓöÇΓöÇΓöÇΓöÇΓöÇΓöÇΓöÇΓöÇΓöÇΓöÇΓöÇΓöÇΓöÇΓöÇΓöÇΓöÇΓöÇΓöÇΓöÇΓöÇΓöÇΓöÇΓöÇΓöÇΓöÇΓöÇΓöÇΓöÇΓöÇΓöÇΓöÇΓöÇΓöÇΓöÇΓöÇΓöÇΓöÇΓöÇΓöÇΓöÇΓöÇΓöÇΓöÇΓöÇΓöÇΓöÇΓöÇΓöÇΓöÇΓöÇΓöÇΓöÇΓöÇΓöÇΓöÇΓöÇΓöÇΓöÇΓöÇΓöÇΓöÇΓöÇΓöÇΓöÇΓöÇΓöÇΓöÇΓöÇΓöÇΓöÇΓöÇΓöÇΓöÇΓöÇΓöÇΓöÇΓöÇΓöÇΓöÇΓöÇΓöÇΓöÇΓöÇΓöÇΓöÇΓöÇΓöÇ

    Error: page.goto: net::ERR_CONNECTION_REFUSED at http://localhost:3000/login
    Call log:
    [2m  - navigating to "http://localhost:3000/login", waiting until "load"[22m


       at ..\helpers\auth.ts:55

      53 |
      54 |   const submit = async (): Promise<boolean> => {
    > 55 |     await page.goto('/login');
         |                ^
      56 |     // Another worker (typically auth-external.spec.ts) can flip `auth_mode`
      57 |     // back to `external` between our ensureBuiltInAuthMode() call above and
      58 |     // this navigation, in which case `/login` renders only the SSO button
        at submit (C:\survey.js\supabase-helpdesk\tests\helpers\auth.ts:55:16)
        at loginViaForm (C:\survey.js\supabase-helpdesk\tests\helpers\auth.ts:86:15)
        at loginAs (C:\survey.js\supabase-helpdesk\tests\e2e\notifications.spec.ts:6:3)
        at C:\survey.js\supabase-helpdesk\tests\e2e\notifications.spec.ts:25:5

    attachment #1: screenshot (image/png) ΓöÇΓöÇΓöÇΓöÇΓöÇΓöÇΓöÇΓöÇΓöÇΓöÇΓöÇΓöÇΓöÇΓöÇΓöÇΓöÇΓöÇΓöÇΓöÇΓöÇΓöÇΓöÇΓöÇΓöÇΓöÇΓöÇΓöÇΓöÇΓöÇΓöÇΓöÇΓöÇΓöÇΓöÇΓöÇΓöÇΓöÇΓöÇΓöÇΓöÇΓöÇΓöÇΓöÇΓöÇΓöÇΓöÇΓöÇΓöÇΓöÇΓöÇΓöÇΓöÇΓöÇΓöÇΓöÇΓöÇΓöÇΓöÇ
    test-results\notifications-Notification-639d0--notification-settings-page-chromium-retry2\test-failed-1.png
    ΓöÇΓöÇΓöÇΓöÇΓöÇΓöÇΓöÇΓöÇΓöÇΓöÇΓöÇΓöÇΓöÇΓöÇΓöÇΓöÇΓöÇΓöÇΓöÇΓöÇΓöÇΓöÇΓöÇΓöÇΓöÇΓöÇΓöÇΓöÇΓöÇΓöÇΓöÇΓöÇΓöÇΓöÇΓöÇΓöÇΓöÇΓöÇΓöÇΓöÇΓöÇΓöÇΓöÇΓöÇΓöÇΓöÇΓöÇΓöÇΓöÇΓöÇΓöÇΓöÇΓöÇΓöÇΓöÇΓöÇΓöÇΓöÇΓöÇΓöÇΓöÇΓöÇΓöÇΓöÇΓöÇΓöÇΓöÇΓöÇΓöÇΓöÇΓöÇΓöÇΓöÇΓöÇΓöÇΓöÇΓöÇΓöÇΓöÇΓöÇΓöÇΓöÇΓöÇΓöÇΓöÇΓöÇΓöÇΓöÇΓöÇΓöÇΓöÇΓöÇΓöÇΓöÇΓöÇΓöÇ

    Error Context: test-results\notifications-Notification-639d0--notification-settings-page-chromium-retry2\error-context.md


[1A[2K[395/350] (retries) [chromium] ΓÇ║ tests\e2e\notifications.spec.ts:30:7 ΓÇ║ Notification Settings ΓÇ║ notification settings page shows toggle table (retry #2)
[1A[2K[396/350] (retries) [chromium] ΓÇ║ tests\e2e\notifications.spec.ts:38:7 ΓÇ║ Notification Settings ΓÇ║ user can toggle and save preferences (retry #2)
[1A[2K[397/350] [chromium] ΓÇ║ tests\e2e\notifications.spec.ts:157:7 ΓÇ║ Admin Notification Templates ΓÇ║ templates page shows new event types
[1A[2K[398/350] [chromium] ΓÇ║ tests\e2e\notifications.spec.ts:66:7 ΓÇ║ Admin Email Configuration ΓÇ║ admin can save SMTP settings
[1A[2K[399/350] [chromium] ΓÇ║ tests\e2e\notifications.spec.ts:108:7 ΓÇ║ Admin Email Configuration ΓÇ║ admin can see email sidebar link
[1A[2K[400/350] [chromium] ΓÇ║ tests\e2e\notifications.spec.ts:114:7 ΓÇ║ Admin Email Configuration ΓÇ║ admin can change coalescing delay
[1A[2KΓùç injected env (0) from .env.test // tip: Γùê secrets for agents [www.dotenvx.com]

[1A[2K[401/350] [chromium] ΓÇ║ tests\e2e\polish.spec.ts:63:9 ΓÇ║ Polish ΓÇ║ Mobile Responsive ΓÇ║ nav bar shows hamburger menu on mobile
[1A[2K[402/350] [chromium] ΓÇ║ tests\e2e\notifications.spec.ts:186:7 ΓÇ║ Admin Default Notification Preferences ΓÇ║ admin can save default preferences
[1A[2KΓùç injected env (0) from .env.test // tip: Γîÿ custom filepath { path: '/custom/path/.env' }

[1A[2KΓùç injected env (0) from .env.test // tip: Γîü auth for agents [www.vestauth.com]

[1A[2K[403/350] (retries) [chromium] ΓÇ║ tests\e2e\notifications.spec.ts:148:7 ΓÇ║ Admin Notification Templates ΓÇ║ templates page shows categories (retry #1)
[1A[2K[404/350] (retries) [chromium] ΓÇ║ tests\e2e\notifications.spec.ts:60:7 ΓÇ║ Admin Email Configuration ΓÇ║ admin can access email config page (retry #1)
[1A[2KΓùç injected env (0) from .env.test // tip: Γîü auth for agents [www.vestauth.com]

[1A[2K[405/350] (retries) [chromium] ΓÇ║ tests\e2e\notifications.spec.ts:175:7 ΓÇ║ Admin Default Notification Preferences ΓÇ║ admin user-settings shows default preferences form (retry #1)
[1A[2KΓùç injected env (0) from .env.test // tip: Γîÿ enable debugging { debug: true }

[1A[2K[406/350] (retries) [chromium] ΓÇ║ tests\e2e\polish.spec.ts:63:9 ΓÇ║ Polish ΓÇ║ Mobile Responsive ΓÇ║ nav bar shows hamburger menu on mobile (retry #1)
[1A[2K[407/350] (retries) [chromium] ΓÇ║ tests\e2e\notifications.spec.ts:66:7 ΓÇ║ Admin Email Configuration ΓÇ║ admin can save SMTP settings (retry #1)
[1A[2K[408/350] (retries) [chromium] ΓÇ║ tests\e2e\notifications.spec.ts:108:7 ΓÇ║ Admin Email Configuration ΓÇ║ admin can see email sidebar link (retry #1)
[1A[2K[409/350] (retries) [chromium] ΓÇ║ tests\e2e\notifications.spec.ts:114:7 ΓÇ║ Admin Email Configuration ΓÇ║ admin can change coalescing delay (retry #1)
[1A[2K[410/350] (retries) [chromium] ΓÇ║ tests\e2e\notifications.spec.ts:157:7 ΓÇ║ Admin Notification Templates ΓÇ║ templates page shows new event types (retry #1)
[1A[2K[411/350] (retries) [chromium] ΓÇ║ tests\e2e\notifications.spec.ts:186:7 ΓÇ║ Admin Default Notification Preferences ΓÇ║ admin can save default preferences (retry #1)
[1A[2KΓùç injected env (0) from .env.test // tip: Γîÿ multiple files { path: ['.env.local', '.env'] }

[1A[2KΓùç injected env (0) from .env.test // tip: Γîÿ suppress logs { quiet: true }

[1A[2K[412/350] (retries) [chromium] ΓÇ║ tests\e2e\notifications.spec.ts:148:7 ΓÇ║ Admin Notification Templates ΓÇ║ templates page shows categories (retry #2)
[1A[2K[413/350] (retries) [chromium] ΓÇ║ tests\e2e\notifications.spec.ts:60:7 ΓÇ║ Admin Email Configuration ΓÇ║ admin can access email config page (retry #2)
[1A[2KΓùç injected env (0) from .env.test // tip: Γîÿ suppress logs { quiet: true }

[1A[2K[414/350] (retries) [chromium] ΓÇ║ tests\e2e\notifications.spec.ts:175:7 ΓÇ║ Admin Default Notification Preferences ΓÇ║ admin user-settings shows default preferences form (retry #2)
[1A[2KΓùç injected env (0) from .env.test // tip: Γîü auth for agents [www.vestauth.com]

[1A[2K[415/350] (retries) [chromium] ΓÇ║ tests\e2e\polish.spec.ts:63:9 ΓÇ║ Polish ΓÇ║ Mobile Responsive ΓÇ║ nav bar shows hamburger menu on mobile (retry #2)
[1A[2K  24) [chromium] ΓÇ║ tests\e2e\notifications.spec.ts:148:7 ΓÇ║ Admin Notification Templates ΓÇ║ templates page shows categories 

    Error: page.goto: net::ERR_CONNECTION_REFUSED at http://localhost:3000/login
    Call log:
    [2m  - navigating to "http://localhost:3000/login", waiting until "load"[22m


       at ..\helpers\auth.ts:55

      53 |
      54 |   const submit = async (): Promise<boolean> => {
    > 55 |     await page.goto('/login');
         |                ^
      56 |     // Another worker (typically auth-external.spec.ts) can flip `auth_mode`
      57 |     // back to `external` between our ensureBuiltInAuthMode() call above and
      58 |     // this navigation, in which case `/login` renders only the SSO button
        at submit (C:\survey.js\supabase-helpdesk\tests\helpers\auth.ts:55:16)
        at loginViaForm (C:\survey.js\supabase-helpdesk\tests\helpers\auth.ts:86:15)
        at loginAs (C:\survey.js\supabase-helpdesk\tests\e2e\notifications.spec.ts:6:3)
        at C:\survey.js\supabase-helpdesk\tests\e2e\notifications.spec.ts:149:5

    attachment #1: screenshot (image/png) ΓöÇΓöÇΓöÇΓöÇΓöÇΓöÇΓöÇΓöÇΓöÇΓöÇΓöÇΓöÇΓöÇΓöÇΓöÇΓöÇΓöÇΓöÇΓöÇΓöÇΓöÇΓöÇΓöÇΓöÇΓöÇΓöÇΓöÇΓöÇΓöÇΓöÇΓöÇΓöÇΓöÇΓöÇΓöÇΓöÇΓöÇΓöÇΓöÇΓöÇΓöÇΓöÇΓöÇΓöÇΓöÇΓöÇΓöÇΓöÇΓöÇΓöÇΓöÇΓöÇΓöÇΓöÇΓöÇΓöÇΓöÇΓöÇ
    test-results\notifications-Admin-Notifi-41740-lates-page-shows-categories-chromium\test-failed-1.png
    ΓöÇΓöÇΓöÇΓöÇΓöÇΓöÇΓöÇΓöÇΓöÇΓöÇΓöÇΓöÇΓöÇΓöÇΓöÇΓöÇΓöÇΓöÇΓöÇΓöÇΓöÇΓöÇΓöÇΓöÇΓöÇΓöÇΓöÇΓöÇΓöÇΓöÇΓöÇΓöÇΓöÇΓöÇΓöÇΓöÇΓöÇΓöÇΓöÇΓöÇΓöÇΓöÇΓöÇΓöÇΓöÇΓöÇΓöÇΓöÇΓöÇΓöÇΓöÇΓöÇΓöÇΓöÇΓöÇΓöÇΓöÇΓöÇΓöÇΓöÇΓöÇΓöÇΓöÇΓöÇΓöÇΓöÇΓöÇΓöÇΓöÇΓöÇΓöÇΓöÇΓöÇΓöÇΓöÇΓöÇΓöÇΓöÇΓöÇΓöÇΓöÇΓöÇΓöÇΓöÇΓöÇΓöÇΓöÇΓöÇΓöÇΓöÇΓöÇΓöÇΓöÇΓöÇΓöÇΓöÇ

    Error Context: test-results\notifications-Admin-Notifi-41740-lates-page-shows-categories-chromium\error-context.md

    Retry #1 ΓöÇΓöÇΓöÇΓöÇΓöÇΓöÇΓöÇΓöÇΓöÇΓöÇΓöÇΓöÇΓöÇΓöÇΓöÇΓöÇΓöÇΓöÇΓöÇΓöÇΓöÇΓöÇΓöÇΓöÇΓöÇΓöÇΓöÇΓöÇΓöÇΓöÇΓöÇΓöÇΓöÇΓöÇΓöÇΓöÇΓöÇΓöÇΓöÇΓöÇΓöÇΓöÇΓöÇΓöÇΓöÇΓöÇΓöÇΓöÇΓöÇΓöÇΓöÇΓöÇΓöÇΓöÇΓöÇΓöÇΓöÇΓöÇΓöÇΓöÇΓöÇΓöÇΓöÇΓöÇΓöÇΓöÇΓöÇΓöÇΓöÇΓöÇΓöÇΓöÇΓöÇΓöÇΓöÇΓöÇΓöÇΓöÇΓöÇΓöÇΓöÇΓöÇΓöÇΓöÇΓöÇΓöÇΓöÇ

    Error: page.goto: net::ERR_CONNECTION_REFUSED at http://localhost:3000/login
    Call log:
    [2m  - navigating to "http://localhost:3000/login", waiting until "load"[22m


       at ..\helpers\auth.ts:55

      53 |
      54 |   const submit = async (): Promise<boolean> => {
    > 55 |     await page.goto('/login');
         |                ^
      56 |     // Another worker (typically auth-external.spec.ts) can flip `auth_mode`
      57 |     // back to `external` between our ensureBuiltInAuthMode() call above and
      58 |     // this navigation, in which case `/login` renders only the SSO button
        at submit (C:\survey.js\supabase-helpdesk\tests\helpers\auth.ts:55:16)
        at loginViaForm (C:\survey.js\supabase-helpdesk\tests\helpers\auth.ts:86:15)
        at loginAs (C:\survey.js\supabase-helpdesk\tests\e2e\notifications.spec.ts:6:3)
        at C:\survey.js\supabase-helpdesk\tests\e2e\notifications.spec.ts:149:5

    attachment #1: screenshot (image/png) ΓöÇΓöÇΓöÇΓöÇΓöÇΓöÇΓöÇΓöÇΓöÇΓöÇΓöÇΓöÇΓöÇΓöÇΓöÇΓöÇΓöÇΓöÇΓöÇΓöÇΓöÇΓöÇΓöÇΓöÇΓöÇΓöÇΓöÇΓöÇΓöÇΓöÇΓöÇΓöÇΓöÇΓöÇΓöÇΓöÇΓöÇΓöÇΓöÇΓöÇΓöÇΓöÇΓöÇΓöÇΓöÇΓöÇΓöÇΓöÇΓöÇΓöÇΓöÇΓöÇΓöÇΓöÇΓöÇΓöÇΓöÇΓöÇ
    test-results\notifications-Admin-Notifi-41740-lates-page-shows-categories-chromium-retry1\test-failed-1.png
    ΓöÇΓöÇΓöÇΓöÇΓöÇΓöÇΓöÇΓöÇΓöÇΓöÇΓöÇΓöÇΓöÇΓöÇΓöÇΓöÇΓöÇΓöÇΓöÇΓöÇΓöÇΓöÇΓöÇΓöÇΓöÇΓöÇΓöÇΓöÇΓöÇΓöÇΓöÇΓöÇΓöÇΓöÇΓöÇΓöÇΓöÇΓöÇΓöÇΓöÇΓöÇΓöÇΓöÇΓöÇΓöÇΓöÇΓöÇΓöÇΓöÇΓöÇΓöÇΓöÇΓöÇΓöÇΓöÇΓöÇΓöÇΓöÇΓöÇΓöÇΓöÇΓöÇΓöÇΓöÇΓöÇΓöÇΓöÇΓöÇΓöÇΓöÇΓöÇΓöÇΓöÇΓöÇΓöÇΓöÇΓöÇΓöÇΓöÇΓöÇΓöÇΓöÇΓöÇΓöÇΓöÇΓöÇΓöÇΓöÇΓöÇΓöÇΓöÇΓöÇΓöÇΓöÇΓöÇΓöÇ

    Error Context: test-results\notifications-Admin-Notifi-41740-lates-page-shows-categories-chromium-retry1\error-context.md

    Retry #2 ΓöÇΓöÇΓöÇΓöÇΓöÇΓöÇΓöÇΓöÇΓöÇΓöÇΓöÇΓöÇΓöÇΓöÇΓöÇΓöÇΓöÇΓöÇΓöÇΓöÇΓöÇΓöÇΓöÇΓöÇΓöÇΓöÇΓöÇΓöÇΓöÇΓöÇΓöÇΓöÇΓöÇΓöÇΓöÇΓöÇΓöÇΓöÇΓöÇΓöÇΓöÇΓöÇΓöÇΓöÇΓöÇΓöÇΓöÇΓöÇΓöÇΓöÇΓöÇΓöÇΓöÇΓöÇΓöÇΓöÇΓöÇΓöÇΓöÇΓöÇΓöÇΓöÇΓöÇΓöÇΓöÇΓöÇΓöÇΓöÇΓöÇΓöÇΓöÇΓöÇΓöÇΓöÇΓöÇΓöÇΓöÇΓöÇΓöÇΓöÇΓöÇΓöÇΓöÇΓöÇΓöÇΓöÇΓöÇ

    Error: page.goto: net::ERR_CONNECTION_REFUSED at http://localhost:3000/login
    Call log:
    [2m  - navigating to "http://localhost:3000/login", waiting until "load"[22m


       at ..\helpers\auth.ts:55

      53 |
      54 |   const submit = async (): Promise<boolean> => {
    > 55 |     await page.goto('/login');
         |                ^
      56 |     // Another worker (typically auth-external.spec.ts) can flip `auth_mode`
      57 |     // back to `external` between our ensureBuiltInAuthMode() call above and
      58 |     // this navigation, in which case `/login` renders only the SSO button
        at submit (C:\survey.js\supabase-helpdesk\tests\helpers\auth.ts:55:16)
        at loginViaForm (C:\survey.js\supabase-helpdesk\tests\helpers\auth.ts:86:15)
        at loginAs (C:\survey.js\supabase-helpdesk\tests\e2e\notifications.spec.ts:6:3)
        at C:\survey.js\supabase-helpdesk\tests\e2e\notifications.spec.ts:149:5

    attachment #1: screenshot (image/png) ΓöÇΓöÇΓöÇΓöÇΓöÇΓöÇΓöÇΓöÇΓöÇΓöÇΓöÇΓöÇΓöÇΓöÇΓöÇΓöÇΓöÇΓöÇΓöÇΓöÇΓöÇΓöÇΓöÇΓöÇΓöÇΓöÇΓöÇΓöÇΓöÇΓöÇΓöÇΓöÇΓöÇΓöÇΓöÇΓöÇΓöÇΓöÇΓöÇΓöÇΓöÇΓöÇΓöÇΓöÇΓöÇΓöÇΓöÇΓöÇΓöÇΓöÇΓöÇΓöÇΓöÇΓöÇΓöÇΓöÇΓöÇΓöÇ
    test-results\notifications-Admin-Notifi-41740-lates-page-shows-categories-chromium-retry2\test-failed-1.png
    ΓöÇΓöÇΓöÇΓöÇΓöÇΓöÇΓöÇΓöÇΓöÇΓöÇΓöÇΓöÇΓöÇΓöÇΓöÇΓöÇΓöÇΓöÇΓöÇΓöÇΓöÇΓöÇΓöÇΓöÇΓöÇΓöÇΓöÇΓöÇΓöÇΓöÇΓöÇΓöÇΓöÇΓöÇΓöÇΓöÇΓöÇΓöÇΓöÇΓöÇΓöÇΓöÇΓöÇΓöÇΓöÇΓöÇΓöÇΓöÇΓöÇΓöÇΓöÇΓöÇΓöÇΓöÇΓöÇΓöÇΓöÇΓöÇΓöÇΓöÇΓöÇΓöÇΓöÇΓöÇΓöÇΓöÇΓöÇΓöÇΓöÇΓöÇΓöÇΓöÇΓöÇΓöÇΓöÇΓöÇΓöÇΓöÇΓöÇΓöÇΓöÇΓöÇΓöÇΓöÇΓöÇΓöÇΓöÇΓöÇΓöÇΓöÇΓöÇΓöÇΓöÇΓöÇΓöÇΓöÇ

    Error Context: test-results\notifications-Admin-Notifi-41740-lates-page-shows-categories-chromium-retry2\error-context.md


[1A[2K[416/350] (retries) [chromium] ΓÇ║ tests\e2e\notifications.spec.ts:157:7 ΓÇ║ Admin Notification Templates ΓÇ║ templates page shows new event types (retry #2)
[1A[2K  25) [chromium] ΓÇ║ tests\e2e\notifications.spec.ts:60:7 ΓÇ║ Admin Email Configuration ΓÇ║ admin can access email config page 

    Error: page.goto: net::ERR_CONNECTION_REFUSED at http://localhost:3000/login
    Call log:
    [2m  - navigating to "http://localhost:3000/login", waiting until "load"[22m


       at ..\helpers\auth.ts:55

      53 |
      54 |   const submit = async (): Promise<boolean> => {
    > 55 |     await page.goto('/login');
         |                ^
      56 |     // Another worker (typically auth-external.spec.ts) can flip `auth_mode`
      57 |     // back to `external` between our ensureBuiltInAuthMode() call above and
      58 |     // this navigation, in which case `/login` renders only the SSO button
        at submit (C:\survey.js\supabase-helpdesk\tests\helpers\auth.ts:55:16)
        at loginViaForm (C:\survey.js\supabase-helpdesk\tests\helpers\auth.ts:86:15)
        at loginAs (C:\survey.js\supabase-helpdesk\tests\e2e\notifications.spec.ts:6:3)
        at C:\survey.js\supabase-helpdesk\tests\e2e\notifications.spec.ts:61:5

    attachment #1: screenshot (image/png) ΓöÇΓöÇΓöÇΓöÇΓöÇΓöÇΓöÇΓöÇΓöÇΓöÇΓöÇΓöÇΓöÇΓöÇΓöÇΓöÇΓöÇΓöÇΓöÇΓöÇΓöÇΓöÇΓöÇΓöÇΓöÇΓöÇΓöÇΓöÇΓöÇΓöÇΓöÇΓöÇΓöÇΓöÇΓöÇΓöÇΓöÇΓöÇΓöÇΓöÇΓöÇΓöÇΓöÇΓöÇΓöÇΓöÇΓöÇΓöÇΓöÇΓöÇΓöÇΓöÇΓöÇΓöÇΓöÇΓöÇΓöÇΓöÇ
    test-results\notifications-Admin-Email--c913d-an-access-email-config-page-chromium\test-failed-1.png
    ΓöÇΓöÇΓöÇΓöÇΓöÇΓöÇΓöÇΓöÇΓöÇΓöÇΓöÇΓöÇΓöÇΓöÇΓöÇΓöÇΓöÇΓöÇΓöÇΓöÇΓöÇΓöÇΓöÇΓöÇΓöÇΓöÇΓöÇΓöÇΓöÇΓöÇΓöÇΓöÇΓöÇΓöÇΓöÇΓöÇΓöÇΓöÇΓöÇΓöÇΓöÇΓöÇΓöÇΓöÇΓöÇΓöÇΓöÇΓöÇΓöÇΓöÇΓöÇΓöÇΓöÇΓöÇΓöÇΓöÇΓöÇΓöÇΓöÇΓöÇΓöÇΓöÇΓöÇΓöÇΓöÇΓöÇΓöÇΓöÇΓöÇΓöÇΓöÇΓöÇΓöÇΓöÇΓöÇΓöÇΓöÇΓöÇΓöÇΓöÇΓöÇΓöÇΓöÇΓöÇΓöÇΓöÇΓöÇΓöÇΓöÇΓöÇΓöÇΓöÇΓöÇΓöÇΓöÇΓöÇ

    Error Context: test-results\notifications-Admin-Email--c913d-an-access-email-config-page-chromium\error-context.md

    Retry #1 ΓöÇΓöÇΓöÇΓöÇΓöÇΓöÇΓöÇΓöÇΓöÇΓöÇΓöÇΓöÇΓöÇΓöÇΓöÇΓöÇΓöÇΓöÇΓöÇΓöÇΓöÇΓöÇΓöÇΓöÇΓöÇΓöÇΓöÇΓöÇΓöÇΓöÇΓöÇΓöÇΓöÇΓöÇΓöÇΓöÇΓöÇΓöÇΓöÇΓöÇΓöÇΓöÇΓöÇΓöÇΓöÇΓöÇΓöÇΓöÇΓöÇΓöÇΓöÇΓöÇΓöÇΓöÇΓöÇΓöÇΓöÇΓöÇΓöÇΓöÇΓöÇΓöÇΓöÇΓöÇΓöÇΓöÇΓöÇΓöÇΓöÇΓöÇΓöÇΓöÇΓöÇΓöÇΓöÇΓöÇΓöÇΓöÇΓöÇΓöÇΓöÇΓöÇΓöÇΓöÇΓöÇΓöÇΓöÇ

    Error: page.goto: net::ERR_CONNECTION_REFUSED at http://localhost:3000/login
    Call log:
    [2m  - navigating to "http://localhost:3000/login", waiting until "load"[22m


       at ..\helpers\auth.ts:55

      53 |
      54 |   const submit = async (): Promise<boolean> => {
    > 55 |     await page.goto('/login');
         |                ^
      56 |     // Another worker (typically auth-external.spec.ts) can flip `auth_mode`
      57 |     // back to `external` between our ensureBuiltInAuthMode() call above and
      58 |     // this navigation, in which case `/login` renders only the SSO button
        at submit (C:\survey.js\supabase-helpdesk\tests\helpers\auth.ts:55:16)
        at loginViaForm (C:\survey.js\supabase-helpdesk\tests\helpers\auth.ts:86:15)
        at loginAs (C:\survey.js\supabase-helpdesk\tests\e2e\notifications.spec.ts:6:3)
        at C:\survey.js\supabase-helpdesk\tests\e2e\notifications.spec.ts:61:5

    attachment #1: screenshot (image/png) ΓöÇΓöÇΓöÇΓöÇΓöÇΓöÇΓöÇΓöÇΓöÇΓöÇΓöÇΓöÇΓöÇΓöÇΓöÇΓöÇΓöÇΓöÇΓöÇΓöÇΓöÇΓöÇΓöÇΓöÇΓöÇΓöÇΓöÇΓöÇΓöÇΓöÇΓöÇΓöÇΓöÇΓöÇΓöÇΓöÇΓöÇΓöÇΓöÇΓöÇΓöÇΓöÇΓöÇΓöÇΓöÇΓöÇΓöÇΓöÇΓöÇΓöÇΓöÇΓöÇΓöÇΓöÇΓöÇΓöÇΓöÇΓöÇ
    test-results\notifications-Admin-Email--c913d-an-access-email-config-page-chromium-retry1\test-failed-1.png
    ΓöÇΓöÇΓöÇΓöÇΓöÇΓöÇΓöÇΓöÇΓöÇΓöÇΓöÇΓöÇΓöÇΓöÇΓöÇΓöÇΓöÇΓöÇΓöÇΓöÇΓöÇΓöÇΓöÇΓöÇΓöÇΓöÇΓöÇΓöÇΓöÇΓöÇΓöÇΓöÇΓöÇΓöÇΓöÇΓöÇΓöÇΓöÇΓöÇΓöÇΓöÇΓöÇΓöÇΓöÇΓöÇΓöÇΓöÇΓöÇΓöÇΓöÇΓöÇΓöÇΓöÇΓöÇΓöÇΓöÇΓöÇΓöÇΓöÇΓöÇΓöÇΓöÇΓöÇΓöÇΓöÇΓöÇΓöÇΓöÇΓöÇΓöÇΓöÇΓöÇΓöÇΓöÇΓöÇΓöÇΓöÇΓöÇΓöÇΓöÇΓöÇΓöÇΓöÇΓöÇΓöÇΓöÇΓöÇΓöÇΓöÇΓöÇΓöÇΓöÇΓöÇΓöÇΓöÇΓöÇ

    Error Context: test-results\notifications-Admin-Email--c913d-an-access-email-config-page-chromium-retry1\error-context.md

    Retry #2 ΓöÇΓöÇΓöÇΓöÇΓöÇΓöÇΓöÇΓöÇΓöÇΓöÇΓöÇΓöÇΓöÇΓöÇΓöÇΓöÇΓöÇΓöÇΓöÇΓöÇΓöÇΓöÇΓöÇΓöÇΓöÇΓöÇΓöÇΓöÇΓöÇΓöÇΓöÇΓöÇΓöÇΓöÇΓöÇΓöÇΓöÇΓöÇΓöÇΓöÇΓöÇΓöÇΓöÇΓöÇΓöÇΓöÇΓöÇΓöÇΓöÇΓöÇΓöÇΓöÇΓöÇΓöÇΓöÇΓöÇΓöÇΓöÇΓöÇΓöÇΓöÇΓöÇΓöÇΓöÇΓöÇΓöÇΓöÇΓöÇΓöÇΓöÇΓöÇΓöÇΓöÇΓöÇΓöÇΓöÇΓöÇΓöÇΓöÇΓöÇΓöÇΓöÇΓöÇΓöÇΓöÇΓöÇΓöÇ

    Error: page.goto: net::ERR_CONNECTION_REFUSED at http://localhost:3000/login
    Call log:
    [2m  - navigating to "http://localhost:3000/login", waiting until "load"[22m


       at ..\helpers\auth.ts:55

      53 |
      54 |   const submit = async (): Promise<boolean> => {
    > 55 |     await page.goto('/login');
         |                ^
      56 |     // Another worker (typically auth-external.spec.ts) can flip `auth_mode`
      57 |     // back to `external` between our ensureBuiltInAuthMode() call above and
      58 |     // this navigation, in which case `/login` renders only the SSO button
        at submit (C:\survey.js\supabase-helpdesk\tests\helpers\auth.ts:55:16)
        at loginViaForm (C:\survey.js\supabase-helpdesk\tests\helpers\auth.ts:86:15)
        at loginAs (C:\survey.js\supabase-helpdesk\tests\e2e\notifications.spec.ts:6:3)
        at C:\survey.js\supabase-helpdesk\tests\e2e\notifications.spec.ts:61:5

    attachment #1: screenshot (image/png) ΓöÇΓöÇΓöÇΓöÇΓöÇΓöÇΓöÇΓöÇΓöÇΓöÇΓöÇΓöÇΓöÇΓöÇΓöÇΓöÇΓöÇΓöÇΓöÇΓöÇΓöÇΓöÇΓöÇΓöÇΓöÇΓöÇΓöÇΓöÇΓöÇΓöÇΓöÇΓöÇΓöÇΓöÇΓöÇΓöÇΓöÇΓöÇΓöÇΓöÇΓöÇΓöÇΓöÇΓöÇΓöÇΓöÇΓöÇΓöÇΓöÇΓöÇΓöÇΓöÇΓöÇΓöÇΓöÇΓöÇΓöÇΓöÇ
    test-results\notifications-Admin-Email--c913d-an-access-email-config-page-chromium-retry2\test-failed-1.png
    ΓöÇΓöÇΓöÇΓöÇΓöÇΓöÇΓöÇΓöÇΓöÇΓöÇΓöÇΓöÇΓöÇΓöÇΓöÇΓöÇΓöÇΓöÇΓöÇΓöÇΓöÇΓöÇΓöÇΓöÇΓöÇΓöÇΓöÇΓöÇΓöÇΓöÇΓöÇΓöÇΓöÇΓöÇΓöÇΓöÇΓöÇΓöÇΓöÇΓöÇΓöÇΓöÇΓöÇΓöÇΓöÇΓöÇΓöÇΓöÇΓöÇΓöÇΓöÇΓöÇΓöÇΓöÇΓöÇΓöÇΓöÇΓöÇΓöÇΓöÇΓöÇΓöÇΓöÇΓöÇΓöÇΓöÇΓöÇΓöÇΓöÇΓöÇΓöÇΓöÇΓöÇΓöÇΓöÇΓöÇΓöÇΓöÇΓöÇΓöÇΓöÇΓöÇΓöÇΓöÇΓöÇΓöÇΓöÇΓöÇΓöÇΓöÇΓöÇΓöÇΓöÇΓöÇΓöÇΓöÇ

    Error Context: test-results\notifications-Admin-Email--c913d-an-access-email-config-page-chromium-retry2\error-context.md


[1A[2K[417/350] (retries) [chromium] ΓÇ║ tests\e2e\notifications.spec.ts:66:7 ΓÇ║ Admin Email Configuration ΓÇ║ admin can save SMTP settings (retry #2)
[1A[2K[418/350] (retries) [chromium] ΓÇ║ tests\e2e\notifications.spec.ts:108:7 ΓÇ║ Admin Email Configuration ΓÇ║ admin can see email sidebar link (retry #2)
[1A[2K[419/350] (retries) [chromium] ΓÇ║ tests\e2e\notifications.spec.ts:114:7 ΓÇ║ Admin Email Configuration ΓÇ║ admin can change coalescing delay (retry #2)
[1A[2K  26) [chromium] ΓÇ║ tests\e2e\notifications.spec.ts:175:7 ΓÇ║ Admin Default Notification Preferences ΓÇ║ admin user-settings shows default preferences form 

    Error: page.goto: net::ERR_CONNECTION_REFUSED at http://localhost:3000/login
    Call log:
    [2m  - navigating to "http://localhost:3000/login", waiting until "load"[22m


       at ..\helpers\auth.ts:55

      53 |
      54 |   const submit = async (): Promise<boolean> => {
    > 55 |     await page.goto('/login');
         |                ^
      56 |     // Another worker (typically auth-external.spec.ts) can flip `auth_mode`
      57 |     // back to `external` between our ensureBuiltInAuthMode() call above and
      58 |     // this navigation, in which case `/login` renders only the SSO button
        at submit (C:\survey.js\supabase-helpdesk\tests\helpers\auth.ts:55:16)
        at loginViaForm (C:\survey.js\supabase-helpdesk\tests\helpers\auth.ts:86:15)
        at loginAs (C:\survey.js\supabase-helpdesk\tests\e2e\notifications.spec.ts:6:3)
        at C:\survey.js\supabase-helpdesk\tests\e2e\notifications.spec.ts:176:5

    attachment #1: screenshot (image/png) ΓöÇΓöÇΓöÇΓöÇΓöÇΓöÇΓöÇΓöÇΓöÇΓöÇΓöÇΓöÇΓöÇΓöÇΓöÇΓöÇΓöÇΓöÇΓöÇΓöÇΓöÇΓöÇΓöÇΓöÇΓöÇΓöÇΓöÇΓöÇΓöÇΓöÇΓöÇΓöÇΓöÇΓöÇΓöÇΓöÇΓöÇΓöÇΓöÇΓöÇΓöÇΓöÇΓöÇΓöÇΓöÇΓöÇΓöÇΓöÇΓöÇΓöÇΓöÇΓöÇΓöÇΓöÇΓöÇΓöÇΓöÇΓöÇ
    test-results\notifications-Admin-Defaul-e5319-ws-default-preferences-form-chromium\test-failed-1.png
    ΓöÇΓöÇΓöÇΓöÇΓöÇΓöÇΓöÇΓöÇΓöÇΓöÇΓöÇΓöÇΓöÇΓöÇΓöÇΓöÇΓöÇΓöÇΓöÇΓöÇΓöÇΓöÇΓöÇΓöÇΓöÇΓöÇΓöÇΓöÇΓöÇΓöÇΓöÇΓöÇΓöÇΓöÇΓöÇΓöÇΓöÇΓöÇΓöÇΓöÇΓöÇΓöÇΓöÇΓöÇΓöÇΓöÇΓöÇΓöÇΓöÇΓöÇΓöÇΓöÇΓöÇΓöÇΓöÇΓöÇΓöÇΓöÇΓöÇΓöÇΓöÇΓöÇΓöÇΓöÇΓöÇΓöÇΓöÇΓöÇΓöÇΓöÇΓöÇΓöÇΓöÇΓöÇΓöÇΓöÇΓöÇΓöÇΓöÇΓöÇΓöÇΓöÇΓöÇΓöÇΓöÇΓöÇΓöÇΓöÇΓöÇΓöÇΓöÇΓöÇΓöÇΓöÇΓöÇΓöÇ

    Error Context: test-results\notifications-Admin-Defaul-e5319-ws-default-preferences-form-chromium\error-context.md

    Retry #1 ΓöÇΓöÇΓöÇΓöÇΓöÇΓöÇΓöÇΓöÇΓöÇΓöÇΓöÇΓöÇΓöÇΓöÇΓöÇΓöÇΓöÇΓöÇΓöÇΓöÇΓöÇΓöÇΓöÇΓöÇΓöÇΓöÇΓöÇΓöÇΓöÇΓöÇΓöÇΓöÇΓöÇΓöÇΓöÇΓöÇΓöÇΓöÇΓöÇΓöÇΓöÇΓöÇΓöÇΓöÇΓöÇΓöÇΓöÇΓöÇΓöÇΓöÇΓöÇΓöÇΓöÇΓöÇΓöÇΓöÇΓöÇΓöÇΓöÇΓöÇΓöÇΓöÇΓöÇΓöÇΓöÇΓöÇΓöÇΓöÇΓöÇΓöÇΓöÇΓöÇΓöÇΓöÇΓöÇΓöÇΓöÇΓöÇΓöÇΓöÇΓöÇΓöÇΓöÇΓöÇΓöÇΓöÇΓöÇ

    Error: page.goto: net::ERR_CONNECTION_REFUSED at http://localhost:3000/login
    Call log:
    [2m  - navigating to "http://localhost:3000/login", waiting until "load"[22m


       at ..\helpers\auth.ts:55

      53 |
      54 |   const submit = async (): Promise<boolean> => {
    > 55 |     await page.goto('/login');
         |                ^
      56 |     // Another worker (typically auth-external.spec.ts) can flip `auth_mode`
      57 |     // back to `external` between our ensureBuiltInAuthMode() call above and
      58 |     // this navigation, in which case `/login` renders only the SSO button
        at submit (C:\survey.js\supabase-helpdesk\tests\helpers\auth.ts:55:16)
        at loginViaForm (C:\survey.js\supabase-helpdesk\tests\helpers\auth.ts:86:15)
        at loginAs (C:\survey.js\supabase-helpdesk\tests\e2e\notifications.spec.ts:6:3)
        at C:\survey.js\supabase-helpdesk\tests\e2e\notifications.spec.ts:176:5

    attachment #1: screenshot (image/png) ΓöÇΓöÇΓöÇΓöÇΓöÇΓöÇΓöÇΓöÇΓöÇΓöÇΓöÇΓöÇΓöÇΓöÇΓöÇΓöÇΓöÇΓöÇΓöÇΓöÇΓöÇΓöÇΓöÇΓöÇΓöÇΓöÇΓöÇΓöÇΓöÇΓöÇΓöÇΓöÇΓöÇΓöÇΓöÇΓöÇΓöÇΓöÇΓöÇΓöÇΓöÇΓöÇΓöÇΓöÇΓöÇΓöÇΓöÇΓöÇΓöÇΓöÇΓöÇΓöÇΓöÇΓöÇΓöÇΓöÇΓöÇΓöÇ
    test-results\notifications-Admin-Defaul-e5319-ws-default-preferences-form-chromium-retry1\test-failed-1.png
    ΓöÇΓöÇΓöÇΓöÇΓöÇΓöÇΓöÇΓöÇΓöÇΓöÇΓöÇΓöÇΓöÇΓöÇΓöÇΓöÇΓöÇΓöÇΓöÇΓöÇΓöÇΓöÇΓöÇΓöÇΓöÇΓöÇΓöÇΓöÇΓöÇΓöÇΓöÇΓöÇΓöÇΓöÇΓöÇΓöÇΓöÇΓöÇΓöÇΓöÇΓöÇΓöÇΓöÇΓöÇΓöÇΓöÇΓöÇΓöÇΓöÇΓöÇΓöÇΓöÇΓöÇΓöÇΓöÇΓöÇΓöÇΓöÇΓöÇΓöÇΓöÇΓöÇΓöÇΓöÇΓöÇΓöÇΓöÇΓöÇΓöÇΓöÇΓöÇΓöÇΓöÇΓöÇΓöÇΓöÇΓöÇΓöÇΓöÇΓöÇΓöÇΓöÇΓöÇΓöÇΓöÇΓöÇΓöÇΓöÇΓöÇΓöÇΓöÇΓöÇΓöÇΓöÇΓöÇΓöÇ

    Error Context: test-results\notifications-Admin-Defaul-e5319-ws-default-preferences-form-chromium-retry1\error-context.md

    Retry #2 ΓöÇΓöÇΓöÇΓöÇΓöÇΓöÇΓöÇΓöÇΓöÇΓöÇΓöÇΓöÇΓöÇΓöÇΓöÇΓöÇΓöÇΓöÇΓöÇΓöÇΓöÇΓöÇΓöÇΓöÇΓöÇΓöÇΓöÇΓöÇΓöÇΓöÇΓöÇΓöÇΓöÇΓöÇΓöÇΓöÇΓöÇΓöÇΓöÇΓöÇΓöÇΓöÇΓöÇΓöÇΓöÇΓöÇΓöÇΓöÇΓöÇΓöÇΓöÇΓöÇΓöÇΓöÇΓöÇΓöÇΓöÇΓöÇΓöÇΓöÇΓöÇΓöÇΓöÇΓöÇΓöÇΓöÇΓöÇΓöÇΓöÇΓöÇΓöÇΓöÇΓöÇΓöÇΓöÇΓöÇΓöÇΓöÇΓöÇΓöÇΓöÇΓöÇΓöÇΓöÇΓöÇΓöÇΓöÇ

    Error: page.goto: net::ERR_CONNECTION_REFUSED at http://localhost:3000/login
    Call log:
    [2m  - navigating to "http://localhost:3000/login", waiting until "load"[22m


       at ..\helpers\auth.ts:55

      53 |
      54 |   const submit = async (): Promise<boolean> => {
    > 55 |     await page.goto('/login');
         |                ^
      56 |     // Another worker (typically auth-external.spec.ts) can flip `auth_mode`
      57 |     // back to `external` between our ensureBuiltInAuthMode() call above and
      58 |     // this navigation, in which case `/login` renders only the SSO button
        at submit (C:\survey.js\supabase-helpdesk\tests\helpers\auth.ts:55:16)
        at loginViaForm (C:\survey.js\supabase-helpdesk\tests\helpers\auth.ts:86:15)
        at loginAs (C:\survey.js\supabase-helpdesk\tests\e2e\notifications.spec.ts:6:3)
        at C:\survey.js\supabase-helpdesk\tests\e2e\notifications.spec.ts:176:5

    attachment #1: screenshot (image/png) ΓöÇΓöÇΓöÇΓöÇΓöÇΓöÇΓöÇΓöÇΓöÇΓöÇΓöÇΓöÇΓöÇΓöÇΓöÇΓöÇΓöÇΓöÇΓöÇΓöÇΓöÇΓöÇΓöÇΓöÇΓöÇΓöÇΓöÇΓöÇΓöÇΓöÇΓöÇΓöÇΓöÇΓöÇΓöÇΓöÇΓöÇΓöÇΓöÇΓöÇΓöÇΓöÇΓöÇΓöÇΓöÇΓöÇΓöÇΓöÇΓöÇΓöÇΓöÇΓöÇΓöÇΓöÇΓöÇΓöÇΓöÇΓöÇ
    test-results\notifications-Admin-Defaul-e5319-ws-default-preferences-form-chromium-retry2\test-failed-1.png
    ΓöÇΓöÇΓöÇΓöÇΓöÇΓöÇΓöÇΓöÇΓöÇΓöÇΓöÇΓöÇΓöÇΓöÇΓöÇΓöÇΓöÇΓöÇΓöÇΓöÇΓöÇΓöÇΓöÇΓöÇΓöÇΓöÇΓöÇΓöÇΓöÇΓöÇΓöÇΓöÇΓöÇΓöÇΓöÇΓöÇΓöÇΓöÇΓöÇΓöÇΓöÇΓöÇΓöÇΓöÇΓöÇΓöÇΓöÇΓöÇΓöÇΓöÇΓöÇΓöÇΓöÇΓöÇΓöÇΓöÇΓöÇΓöÇΓöÇΓöÇΓöÇΓöÇΓöÇΓöÇΓöÇΓöÇΓöÇΓöÇΓöÇΓöÇΓöÇΓöÇΓöÇΓöÇΓöÇΓöÇΓöÇΓöÇΓöÇΓöÇΓöÇΓöÇΓöÇΓöÇΓöÇΓöÇΓöÇΓöÇΓöÇΓöÇΓöÇΓöÇΓöÇΓöÇΓöÇΓöÇ

    Error Context: test-results\notifications-Admin-Defaul-e5319-ws-default-preferences-form-chromium-retry2\error-context.md


[1A[2K[420/350] (retries) [chromium] ΓÇ║ tests\e2e\notifications.spec.ts:186:7 ΓÇ║ Admin Default Notification Preferences ΓÇ║ admin can save default preferences (retry #2)
[1A[2KΓùç injected env (0) from .env.test // tip: Γîÿ custom filepath { path: '/custom/path/.env' }

[1A[2K[421/350] [chromium] ΓÇ║ tests\e2e\polish.spec.ts:73:9 ΓÇ║ Polish ΓÇ║ Mobile Responsive ΓÇ║ hamburger menu opens and shows links
[1A[2KΓùç injected env (0) from .env.test // tip: Γùê encrypted .env [www.dotenvx.com]

[1A[2K[422/350] [chromium] ΓÇ║ tests\e2e\polish.spec.ts:84:9 ΓÇ║ Polish ΓÇ║ Mobile Responsive ΓÇ║ ticket list uses card layout on mobile
[1A[2KΓùç injected env (0) from .env.test // tip: Γîÿ suppress logs { quiet: true }

[1A[2K[423/350] [chromium] ΓÇ║ tests\e2e\polish.spec.ts:94:9 ΓÇ║ Polish ΓÇ║ Mobile Responsive ΓÇ║ filter controls are collapsible on mobile
[1A[2K  27) [chromium] ΓÇ║ tests\e2e\polish.spec.ts:63:9 ΓÇ║ Polish ΓÇ║ Mobile Responsive ΓÇ║ nav bar shows hamburger menu on mobile 

    Error: page.goto: net::ERR_CONNECTION_REFUSED at http://localhost:3000/login
    Call log:
    [2m  - navigating to "http://localhost:3000/login", waiting until "load"[22m


      62 |
      63 |     test('nav bar shows hamburger menu on mobile', async ({ page }) => {
    > 64 |       await page.goto('/login');
         |                  ^
      65 |       // The hamburger button should be visible on mobile
      66 |       const hamburger = page.locator('button[aria-label*="menu" i], button[aria-controls="mobile-menu"]');
      67 |       // On login page there may not be a nav bar with hamburger, so login first
        at C:\survey.js\supabase-helpdesk\tests\e2e\polish.spec.ts:64:18

    attachment #1: screenshot (image/png) ΓöÇΓöÇΓöÇΓöÇΓöÇΓöÇΓöÇΓöÇΓöÇΓöÇΓöÇΓöÇΓöÇΓöÇΓöÇΓöÇΓöÇΓöÇΓöÇΓöÇΓöÇΓöÇΓöÇΓöÇΓöÇΓöÇΓöÇΓöÇΓöÇΓöÇΓöÇΓöÇΓöÇΓöÇΓöÇΓöÇΓöÇΓöÇΓöÇΓöÇΓöÇΓöÇΓöÇΓöÇΓöÇΓöÇΓöÇΓöÇΓöÇΓöÇΓöÇΓöÇΓöÇΓöÇΓöÇΓöÇΓöÇΓöÇ
    test-results\polish-Polish-Mobile-Respo-1c719-ws-hamburger-menu-on-mobile-chromium\test-failed-1.png
    ΓöÇΓöÇΓöÇΓöÇΓöÇΓöÇΓöÇΓöÇΓöÇΓöÇΓöÇΓöÇΓöÇΓöÇΓöÇΓöÇΓöÇΓöÇΓöÇΓöÇΓöÇΓöÇΓöÇΓöÇΓöÇΓöÇΓöÇΓöÇΓöÇΓöÇΓöÇΓöÇΓöÇΓöÇΓöÇΓöÇΓöÇΓöÇΓöÇΓöÇΓöÇΓöÇΓöÇΓöÇΓöÇΓöÇΓöÇΓöÇΓöÇΓöÇΓöÇΓöÇΓöÇΓöÇΓöÇΓöÇΓöÇΓöÇΓöÇΓöÇΓöÇΓöÇΓöÇΓöÇΓöÇΓöÇΓöÇΓöÇΓöÇΓöÇΓöÇΓöÇΓöÇΓöÇΓöÇΓöÇΓöÇΓöÇΓöÇΓöÇΓöÇΓöÇΓöÇΓöÇΓöÇΓöÇΓöÇΓöÇΓöÇΓöÇΓöÇΓöÇΓöÇΓöÇΓöÇΓöÇ

    Error Context: test-results\polish-Polish-Mobile-Respo-1c719-ws-hamburger-menu-on-mobile-chromium\error-context.md

    Retry #1 ΓöÇΓöÇΓöÇΓöÇΓöÇΓöÇΓöÇΓöÇΓöÇΓöÇΓöÇΓöÇΓöÇΓöÇΓöÇΓöÇΓöÇΓöÇΓöÇΓöÇΓöÇΓöÇΓöÇΓöÇΓöÇΓöÇΓöÇΓöÇΓöÇΓöÇΓöÇΓöÇΓöÇΓöÇΓöÇΓöÇΓöÇΓöÇΓöÇΓöÇΓöÇΓöÇΓöÇΓöÇΓöÇΓöÇΓöÇΓöÇΓöÇΓöÇΓöÇΓöÇΓöÇΓöÇΓöÇΓöÇΓöÇΓöÇΓöÇΓöÇΓöÇΓöÇΓöÇΓöÇΓöÇΓöÇΓöÇΓöÇΓöÇΓöÇΓöÇΓöÇΓöÇΓöÇΓöÇΓöÇΓöÇΓöÇΓöÇΓöÇΓöÇΓöÇΓöÇΓöÇΓöÇΓöÇΓöÇ

    Error: page.goto: net::ERR_CONNECTION_REFUSED at http://localhost:3000/login
    Call log:
    [2m  - navigating to "http://localhost:3000/login", waiting until "load"[22m


      62 |
      63 |     test('nav bar shows hamburger menu on mobile', async ({ page }) => {
    > 64 |       await page.goto('/login');
         |                  ^
      65 |       // The hamburger button should be visible on mobile
      66 |       const hamburger = page.locator('button[aria-label*="menu" i], button[aria-controls="mobile-menu"]');
      67 |       // On login page there may not be a nav bar with hamburger, so login first
        at C:\survey.js\supabase-helpdesk\tests\e2e\polish.spec.ts:64:18

    attachment #1: screenshot (image/png) ΓöÇΓöÇΓöÇΓöÇΓöÇΓöÇΓöÇΓöÇΓöÇΓöÇΓöÇΓöÇΓöÇΓöÇΓöÇΓöÇΓöÇΓöÇΓöÇΓöÇΓöÇΓöÇΓöÇΓöÇΓöÇΓöÇΓöÇΓöÇΓöÇΓöÇΓöÇΓöÇΓöÇΓöÇΓöÇΓöÇΓöÇΓöÇΓöÇΓöÇΓöÇΓöÇΓöÇΓöÇΓöÇΓöÇΓöÇΓöÇΓöÇΓöÇΓöÇΓöÇΓöÇΓöÇΓöÇΓöÇΓöÇΓöÇ
    test-results\polish-Polish-Mobile-Respo-1c719-ws-hamburger-menu-on-mobile-chromium-retry1\test-failed-1.png
    ΓöÇΓöÇΓöÇΓöÇΓöÇΓöÇΓöÇΓöÇΓöÇΓöÇΓöÇΓöÇΓöÇΓöÇΓöÇΓöÇΓöÇΓöÇΓöÇΓöÇΓöÇΓöÇΓöÇΓöÇΓöÇΓöÇΓöÇΓöÇΓöÇΓöÇΓöÇΓöÇΓöÇΓöÇΓöÇΓöÇΓöÇΓöÇΓöÇΓöÇΓöÇΓöÇΓöÇΓöÇΓöÇΓöÇΓöÇΓöÇΓöÇΓöÇΓöÇΓöÇΓöÇΓöÇΓöÇΓöÇΓöÇΓöÇΓöÇΓöÇΓöÇΓöÇΓöÇΓöÇΓöÇΓöÇΓöÇΓöÇΓöÇΓöÇΓöÇΓöÇΓöÇΓöÇΓöÇΓöÇΓöÇΓöÇΓöÇΓöÇΓöÇΓöÇΓöÇΓöÇΓöÇΓöÇΓöÇΓöÇΓöÇΓöÇΓöÇΓöÇΓöÇΓöÇΓöÇΓöÇ

    Error Context: test-results\polish-Polish-Mobile-Respo-1c719-ws-hamburger-menu-on-mobile-chromium-retry1\error-context.md

    Retry #2 ΓöÇΓöÇΓöÇΓöÇΓöÇΓöÇΓöÇΓöÇΓöÇΓöÇΓöÇΓöÇΓöÇΓöÇΓöÇΓöÇΓöÇΓöÇΓöÇΓöÇΓöÇΓöÇΓöÇΓöÇΓöÇΓöÇΓöÇΓöÇΓöÇΓöÇΓöÇΓöÇΓöÇΓöÇΓöÇΓöÇΓöÇΓöÇΓöÇΓöÇΓöÇΓöÇΓöÇΓöÇΓöÇΓöÇΓöÇΓöÇΓöÇΓöÇΓöÇΓöÇΓöÇΓöÇΓöÇΓöÇΓöÇΓöÇΓöÇΓöÇΓöÇΓöÇΓöÇΓöÇΓöÇΓöÇΓöÇΓöÇΓöÇΓöÇΓöÇΓöÇΓöÇΓöÇΓöÇΓöÇΓöÇΓöÇΓöÇΓöÇΓöÇΓöÇΓöÇΓöÇΓöÇΓöÇΓöÇ

    Error: page.goto: net::ERR_CONNECTION_REFUSED at http://localhost:3000/login
    Call log:
    [2m  - navigating to "http://localhost:3000/login", waiting until "load"[22m


      62 |
      63 |     test('nav bar shows hamburger menu on mobile', async ({ page }) => {
    > 64 |       await page.goto('/login');
         |                  ^
      65 |       // The hamburger button should be visible on mobile
      66 |       const hamburger = page.locator('button[aria-label*="menu" i], button[aria-controls="mobile-menu"]');
      67 |       // On login page there may not be a nav bar with hamburger, so login first
        at C:\survey.js\supabase-helpdesk\tests\e2e\polish.spec.ts:64:18

    attachment #1: screenshot (image/png) ΓöÇΓöÇΓöÇΓöÇΓöÇΓöÇΓöÇΓöÇΓöÇΓöÇΓöÇΓöÇΓöÇΓöÇΓöÇΓöÇΓöÇΓöÇΓöÇΓöÇΓöÇΓöÇΓöÇΓöÇΓöÇΓöÇΓöÇΓöÇΓöÇΓöÇΓöÇΓöÇΓöÇΓöÇΓöÇΓöÇΓöÇΓöÇΓöÇΓöÇΓöÇΓöÇΓöÇΓöÇΓöÇΓöÇΓöÇΓöÇΓöÇΓöÇΓöÇΓöÇΓöÇΓöÇΓöÇΓöÇΓöÇΓöÇ
    test-results\polish-Polish-Mobile-Respo-1c719-ws-hamburger-menu-on-mobile-chromium-retry2\test-failed-1.png
    ΓöÇΓöÇΓöÇΓöÇΓöÇΓöÇΓöÇΓöÇΓöÇΓöÇΓöÇΓöÇΓöÇΓöÇΓöÇΓöÇΓöÇΓöÇΓöÇΓöÇΓöÇΓöÇΓöÇΓöÇΓöÇΓöÇΓöÇΓöÇΓöÇΓöÇΓöÇΓöÇΓöÇΓöÇΓöÇΓöÇΓöÇΓöÇΓöÇΓöÇΓöÇΓöÇΓöÇΓöÇΓöÇΓöÇΓöÇΓöÇΓöÇΓöÇΓöÇΓöÇΓöÇΓöÇΓöÇΓöÇΓöÇΓöÇΓöÇΓöÇΓöÇΓöÇΓöÇΓöÇΓöÇΓöÇΓöÇΓöÇΓöÇΓöÇΓöÇΓöÇΓöÇΓöÇΓöÇΓöÇΓöÇΓöÇΓöÇΓöÇΓöÇΓöÇΓöÇΓöÇΓöÇΓöÇΓöÇΓöÇΓöÇΓöÇΓöÇΓöÇΓöÇΓöÇΓöÇΓöÇ

    Error Context: test-results\polish-Polish-Mobile-Respo-1c719-ws-hamburger-menu-on-mobile-chromium-retry2\error-context.md


[1A[2KΓùç injected env (0) from .env.test // tip: Γîÿ custom filepath { path: '/custom/path/.env' }

[1A[2K[424/350] [chromium] ΓÇ║ tests\e2e\polish.spec.ts:105:9 ΓÇ║ Polish ΓÇ║ Mobile Responsive ΓÇ║ admin sidebar uses dropdown on mobile
[1A[2KΓùç injected env (0) from .env.test // tip: Γîÿ override existing { override: true }

[1A[2K[425/350] (retries) [chromium] ΓÇ║ tests\e2e\polish.spec.ts:73:9 ΓÇ║ Polish ΓÇ║ Mobile Responsive ΓÇ║ hamburger menu opens and shows links (retry #1)
[1A[2KΓùç injected env (0) from .env.test // tip: Γîÿ override existing { override: true }

[1A[2K[426/350] (retries) [chromium] ΓÇ║ tests\e2e\polish.spec.ts:84:9 ΓÇ║ Polish ΓÇ║ Mobile Responsive ΓÇ║ ticket list uses card layout on mobile (retry #1)
[1A[2KΓùç injected env (0) from .env.test // tip: Γîÿ multiple files { path: ['.env.local', '.env'] }

[1A[2K[427/350] (retries) [chromium] ΓÇ║ tests\e2e\polish.spec.ts:94:9 ΓÇ║ Polish ΓÇ║ Mobile Responsive ΓÇ║ filter controls are collapsible on mobile (retry #1)
[1A[2KΓùç injected env (0) from .env.test // tip: Γùê encrypted .env [www.dotenvx.com]

[1A[2K[428/350] (retries) [chromium] ΓÇ║ tests\e2e\polish.spec.ts:105:9 ΓÇ║ Polish ΓÇ║ Mobile Responsive ΓÇ║ admin sidebar uses dropdown on mobile (retry #1)
[1A[2KΓùç injected env (0) from .env.test // tip: Γîÿ suppress logs { quiet: true }

[1A[2K[429/350] (retries) [chromium] ΓÇ║ tests\e2e\polish.spec.ts:73:9 ΓÇ║ Polish ΓÇ║ Mobile Responsive ΓÇ║ hamburger menu opens and shows links (retry #2)
[1A[2KΓùç injected env (0) from .env.test // tip: Γùê secrets for agents [www.dotenvx.com]

[1A[2K[430/350] (retries) [chromium] ΓÇ║ tests\e2e\polish.spec.ts:84:9 ΓÇ║ Polish ΓÇ║ Mobile Responsive ΓÇ║ ticket list uses card layout on mobile (retry #2)
[1A[2KΓùç injected env (0) from .env.test // tip: Γîü auth for agents [www.vestauth.com]

[1A[2K[431/350] (retries) [chromium] ΓÇ║ tests\e2e\polish.spec.ts:94:9 ΓÇ║ Polish ΓÇ║ Mobile Responsive ΓÇ║ filter controls are collapsible on mobile (retry #2)
[1A[2KΓùç injected env (0) from .env.test // tip: Γîü auth for agents [www.vestauth.com]

[1A[2K[432/350] (retries) [chromium] ΓÇ║ tests\e2e\polish.spec.ts:105:9 ΓÇ║ Polish ΓÇ║ Mobile Responsive ΓÇ║ admin sidebar uses dropdown on mobile (retry #2)
[1A[2K  28) [chromium] ΓÇ║ tests\e2e\polish.spec.ts:84:9 ΓÇ║ Polish ΓÇ║ Mobile Responsive ΓÇ║ ticket list uses card layout on mobile 

    Error: page.goto: net::ERR_CONNECTION_REFUSED at http://localhost:3000/login
    Call log:
    [2m  - navigating to "http://localhost:3000/login", waiting until "load"[22m


      34 |   await svc.from('login_attempts').delete().eq('email', email.toLowerCase());
      35 |
    > 36 |   await page.goto('/login');
         |              ^
      37 |   await page.getByLabel('Email').fill(email);
      38 |   await page.getByLabel('Password').fill(SEED_PASSWORD);
      39 |   await page.getByRole('button', { name: 'Log in' }).click();
        at loginAs (C:\survey.js\supabase-helpdesk\tests\e2e\polish.spec.ts:36:14)
        at C:\survey.js\supabase-helpdesk\tests\e2e\polish.spec.ts:85:7

    attachment #1: screenshot (image/png) ΓöÇΓöÇΓöÇΓöÇΓöÇΓöÇΓöÇΓöÇΓöÇΓöÇΓöÇΓöÇΓöÇΓöÇΓöÇΓöÇΓöÇΓöÇΓöÇΓöÇΓöÇΓöÇΓöÇΓöÇΓöÇΓöÇΓöÇΓöÇΓöÇΓöÇΓöÇΓöÇΓöÇΓöÇΓöÇΓöÇΓöÇΓöÇΓöÇΓöÇΓöÇΓöÇΓöÇΓöÇΓöÇΓöÇΓöÇΓöÇΓöÇΓöÇΓöÇΓöÇΓöÇΓöÇΓöÇΓöÇΓöÇΓöÇ
    test-results\polish-Polish-Mobile-Respo-3f746--uses-card-layout-on-mobile-chromium\test-failed-1.png
    ΓöÇΓöÇΓöÇΓöÇΓöÇΓöÇΓöÇΓöÇΓöÇΓöÇΓöÇΓöÇΓöÇΓöÇΓöÇΓöÇΓöÇΓöÇΓöÇΓöÇΓöÇΓöÇΓöÇΓöÇΓöÇΓöÇΓöÇΓöÇΓöÇΓöÇΓöÇΓöÇΓöÇΓöÇΓöÇΓöÇΓöÇΓöÇΓöÇΓöÇΓöÇΓöÇΓöÇΓöÇΓöÇΓöÇΓöÇΓöÇΓöÇΓöÇΓöÇΓöÇΓöÇΓöÇΓöÇΓöÇΓöÇΓöÇΓöÇΓöÇΓöÇΓöÇΓöÇΓöÇΓöÇΓöÇΓöÇΓöÇΓöÇΓöÇΓöÇΓöÇΓöÇΓöÇΓöÇΓöÇΓöÇΓöÇΓöÇΓöÇΓöÇΓöÇΓöÇΓöÇΓöÇΓöÇΓöÇΓöÇΓöÇΓöÇΓöÇΓöÇΓöÇΓöÇΓöÇΓöÇ

    Error Context: test-results\polish-Polish-Mobile-Respo-3f746--uses-card-layout-on-mobile-chromium\error-context.md

    Retry #1 ΓöÇΓöÇΓöÇΓöÇΓöÇΓöÇΓöÇΓöÇΓöÇΓöÇΓöÇΓöÇΓöÇΓöÇΓöÇΓöÇΓöÇΓöÇΓöÇΓöÇΓöÇΓöÇΓöÇΓöÇΓöÇΓöÇΓöÇΓöÇΓöÇΓöÇΓöÇΓöÇΓöÇΓöÇΓöÇΓöÇΓöÇΓöÇΓöÇΓöÇΓöÇΓöÇΓöÇΓöÇΓöÇΓöÇΓöÇΓöÇΓöÇΓöÇΓöÇΓöÇΓöÇΓöÇΓöÇΓöÇΓöÇΓöÇΓöÇΓöÇΓöÇΓöÇΓöÇΓöÇΓöÇΓöÇΓöÇΓöÇΓöÇΓöÇΓöÇΓöÇΓöÇΓöÇΓöÇΓöÇΓöÇΓöÇΓöÇΓöÇΓöÇΓöÇΓöÇΓöÇΓöÇΓöÇΓöÇ

    Error: page.goto: net::ERR_CONNECTION_REFUSED at http://localhost:3000/login
    Call log:
    [2m  - navigating to "http://localhost:3000/login", waiting until "load"[22m


      34 |   await svc.from('login_attempts').delete().eq('email', email.toLowerCase());
      35 |
    > 36 |   await page.goto('/login');
         |              ^
      37 |   await page.getByLabel('Email').fill(email);
      38 |   await page.getByLabel('Password').fill(SEED_PASSWORD);
      39 |   await page.getByRole('button', { name: 'Log in' }).click();
        at loginAs (C:\survey.js\supabase-helpdesk\tests\e2e\polish.spec.ts:36:14)
        at C:\survey.js\supabase-helpdesk\tests\e2e\polish.spec.ts:85:7

    attachment #1: screenshot (image/png) ΓöÇΓöÇΓöÇΓöÇΓöÇΓöÇΓöÇΓöÇΓöÇΓöÇΓöÇΓöÇΓöÇΓöÇΓöÇΓöÇΓöÇΓöÇΓöÇΓöÇΓöÇΓöÇΓöÇΓöÇΓöÇΓöÇΓöÇΓöÇΓöÇΓöÇΓöÇΓöÇΓöÇΓöÇΓöÇΓöÇΓöÇΓöÇΓöÇΓöÇΓöÇΓöÇΓöÇΓöÇΓöÇΓöÇΓöÇΓöÇΓöÇΓöÇΓöÇΓöÇΓöÇΓöÇΓöÇΓöÇΓöÇΓöÇ
    test-results\polish-Polish-Mobile-Respo-3f746--uses-card-layout-on-mobile-chromium-retry1\test-failed-1.png
    ΓöÇΓöÇΓöÇΓöÇΓöÇΓöÇΓöÇΓöÇΓöÇΓöÇΓöÇΓöÇΓöÇΓöÇΓöÇΓöÇΓöÇΓöÇΓöÇΓöÇΓöÇΓöÇΓöÇΓöÇΓöÇΓöÇΓöÇΓöÇΓöÇΓöÇΓöÇΓöÇΓöÇΓöÇΓöÇΓöÇΓöÇΓöÇΓöÇΓöÇΓöÇΓöÇΓöÇΓöÇΓöÇΓöÇΓöÇΓöÇΓöÇΓöÇΓöÇΓöÇΓöÇΓöÇΓöÇΓöÇΓöÇΓöÇΓöÇΓöÇΓöÇΓöÇΓöÇΓöÇΓöÇΓöÇΓöÇΓöÇΓöÇΓöÇΓöÇΓöÇΓöÇΓöÇΓöÇΓöÇΓöÇΓöÇΓöÇΓöÇΓöÇΓöÇΓöÇΓöÇΓöÇΓöÇΓöÇΓöÇΓöÇΓöÇΓöÇΓöÇΓöÇΓöÇΓöÇΓöÇ

    Error Context: test-results\polish-Polish-Mobile-Respo-3f746--uses-card-layout-on-mobile-chromium-retry1\error-context.md

    Retry #2 ΓöÇΓöÇΓöÇΓöÇΓöÇΓöÇΓöÇΓöÇΓöÇΓöÇΓöÇΓöÇΓöÇΓöÇΓöÇΓöÇΓöÇΓöÇΓöÇΓöÇΓöÇΓöÇΓöÇΓöÇΓöÇΓöÇΓöÇΓöÇΓöÇΓöÇΓöÇΓöÇΓöÇΓöÇΓöÇΓöÇΓöÇΓöÇΓöÇΓöÇΓöÇΓöÇΓöÇΓöÇΓöÇΓöÇΓöÇΓöÇΓöÇΓöÇΓöÇΓöÇΓöÇΓöÇΓöÇΓöÇΓöÇΓöÇΓöÇΓöÇΓöÇΓöÇΓöÇΓöÇΓöÇΓöÇΓöÇΓöÇΓöÇΓöÇΓöÇΓöÇΓöÇΓöÇΓöÇΓöÇΓöÇΓöÇΓöÇΓöÇΓöÇΓöÇΓöÇΓöÇΓöÇΓöÇΓöÇ

    Error: page.goto: net::ERR_CONNECTION_REFUSED at http://localhost:3000/login
    Call log:
    [2m  - navigating to "http://localhost:3000/login", waiting until "load"[22m


      34 |   await svc.from('login_attempts').delete().eq('email', email.toLowerCase());
      35 |
    > 36 |   await page.goto('/login');
         |              ^
      37 |   await page.getByLabel('Email').fill(email);
      38 |   await page.getByLabel('Password').fill(SEED_PASSWORD);
      39 |   await page.getByRole('button', { name: 'Log in' }).click();
        at loginAs (C:\survey.js\supabase-helpdesk\tests\e2e\polish.spec.ts:36:14)
        at C:\survey.js\supabase-helpdesk\tests\e2e\polish.spec.ts:85:7

    attachment #1: screenshot (image/png) ΓöÇΓöÇΓöÇΓöÇΓöÇΓöÇΓöÇΓöÇΓöÇΓöÇΓöÇΓöÇΓöÇΓöÇΓöÇΓöÇΓöÇΓöÇΓöÇΓöÇΓöÇΓöÇΓöÇΓöÇΓöÇΓöÇΓöÇΓöÇΓöÇΓöÇΓöÇΓöÇΓöÇΓöÇΓöÇΓöÇΓöÇΓöÇΓöÇΓöÇΓöÇΓöÇΓöÇΓöÇΓöÇΓöÇΓöÇΓöÇΓöÇΓöÇΓöÇΓöÇΓöÇΓöÇΓöÇΓöÇΓöÇΓöÇ
    test-results\polish-Polish-Mobile-Respo-3f746--uses-card-layout-on-mobile-chromium-retry2\test-failed-1.png
    ΓöÇΓöÇΓöÇΓöÇΓöÇΓöÇΓöÇΓöÇΓöÇΓöÇΓöÇΓöÇΓöÇΓöÇΓöÇΓöÇΓöÇΓöÇΓöÇΓöÇΓöÇΓöÇΓöÇΓöÇΓöÇΓöÇΓöÇΓöÇΓöÇΓöÇΓöÇΓöÇΓöÇΓöÇΓöÇΓöÇΓöÇΓöÇΓöÇΓöÇΓöÇΓöÇΓöÇΓöÇΓöÇΓöÇΓöÇΓöÇΓöÇΓöÇΓöÇΓöÇΓöÇΓöÇΓöÇΓöÇΓöÇΓöÇΓöÇΓöÇΓöÇΓöÇΓöÇΓöÇΓöÇΓöÇΓöÇΓöÇΓöÇΓöÇΓöÇΓöÇΓöÇΓöÇΓöÇΓöÇΓöÇΓöÇΓöÇΓöÇΓöÇΓöÇΓöÇΓöÇΓöÇΓöÇΓöÇΓöÇΓöÇΓöÇΓöÇΓöÇΓöÇΓöÇΓöÇΓöÇ

    Error Context: test-results\polish-Polish-Mobile-Respo-3f746--uses-card-layout-on-mobile-chromium-retry2\error-context.md


[1A[2K  29) [chromium] ΓÇ║ tests\e2e\polish.spec.ts:73:9 ΓÇ║ Polish ΓÇ║ Mobile Responsive ΓÇ║ hamburger menu opens and shows links 

    Error: page.goto: net::ERR_CONNECTION_REFUSED at http://localhost:3000/login
    Call log:
    [2m  - navigating to "http://localhost:3000/login", waiting until "load"[22m


      34 |   await svc.from('login_attempts').delete().eq('email', email.toLowerCase());
      35 |
    > 36 |   await page.goto('/login');
         |              ^
      37 |   await page.getByLabel('Email').fill(email);
      38 |   await page.getByLabel('Password').fill(SEED_PASSWORD);
      39 |   await page.getByRole('button', { name: 'Log in' }).click();
        at loginAs (C:\survey.js\supabase-helpdesk\tests\e2e\polish.spec.ts:36:14)
        at C:\survey.js\supabase-helpdesk\tests\e2e\polish.spec.ts:74:7

    attachment #1: screenshot (image/png) ΓöÇΓöÇΓöÇΓöÇΓöÇΓöÇΓöÇΓöÇΓöÇΓöÇΓöÇΓöÇΓöÇΓöÇΓöÇΓöÇΓöÇΓöÇΓöÇΓöÇΓöÇΓöÇΓöÇΓöÇΓöÇΓöÇΓöÇΓöÇΓöÇΓöÇΓöÇΓöÇΓöÇΓöÇΓöÇΓöÇΓöÇΓöÇΓöÇΓöÇΓöÇΓöÇΓöÇΓöÇΓöÇΓöÇΓöÇΓöÇΓöÇΓöÇΓöÇΓöÇΓöÇΓöÇΓöÇΓöÇΓöÇΓöÇ
    test-results\polish-Polish-Mobile-Respo-6c10d--menu-opens-and-shows-links-chromium\test-failed-1.png
    ΓöÇΓöÇΓöÇΓöÇΓöÇΓöÇΓöÇΓöÇΓöÇΓöÇΓöÇΓöÇΓöÇΓöÇΓöÇΓöÇΓöÇΓöÇΓöÇΓöÇΓöÇΓöÇΓöÇΓöÇΓöÇΓöÇΓöÇΓöÇΓöÇΓöÇΓöÇΓöÇΓöÇΓöÇΓöÇΓöÇΓöÇΓöÇΓöÇΓöÇΓöÇΓöÇΓöÇΓöÇΓöÇΓöÇΓöÇΓöÇΓöÇΓöÇΓöÇΓöÇΓöÇΓöÇΓöÇΓöÇΓöÇΓöÇΓöÇΓöÇΓöÇΓöÇΓöÇΓöÇΓöÇΓöÇΓöÇΓöÇΓöÇΓöÇΓöÇΓöÇΓöÇΓöÇΓöÇΓöÇΓöÇΓöÇΓöÇΓöÇΓöÇΓöÇΓöÇΓöÇΓöÇΓöÇΓöÇΓöÇΓöÇΓöÇΓöÇΓöÇΓöÇΓöÇΓöÇΓöÇ

    Error Context: test-results\polish-Polish-Mobile-Respo-6c10d--menu-opens-and-shows-links-chromium\error-context.md

    Retry #1 ΓöÇΓöÇΓöÇΓöÇΓöÇΓöÇΓöÇΓöÇΓöÇΓöÇΓöÇΓöÇΓöÇΓöÇΓöÇΓöÇΓöÇΓöÇΓöÇΓöÇΓöÇΓöÇΓöÇΓöÇΓöÇΓöÇΓöÇΓöÇΓöÇΓöÇΓöÇΓöÇΓöÇΓöÇΓöÇΓöÇΓöÇΓöÇΓöÇΓöÇΓöÇΓöÇΓöÇΓöÇΓöÇΓöÇΓöÇΓöÇΓöÇΓöÇΓöÇΓöÇΓöÇΓöÇΓöÇΓöÇΓöÇΓöÇΓöÇΓöÇΓöÇΓöÇΓöÇΓöÇΓöÇΓöÇΓöÇΓöÇΓöÇΓöÇΓöÇΓöÇΓöÇΓöÇΓöÇΓöÇΓöÇΓöÇΓöÇΓöÇΓöÇΓöÇΓöÇΓöÇΓöÇΓöÇΓöÇ

    Error: page.goto: net::ERR_CONNECTION_REFUSED at http://localhost:3000/login
    Call log:
    [2m  - navigating to "http://localhost:3000/login", waiting until "load"[22m


      34 |   await svc.from('login_attempts').delete().eq('email', email.toLowerCase());
      35 |
    > 36 |   await page.goto('/login');
         |              ^
      37 |   await page.getByLabel('Email').fill(email);
      38 |   await page.getByLabel('Password').fill(SEED_PASSWORD);
      39 |   await page.getByRole('button', { name: 'Log in' }).click();
        at loginAs (C:\survey.js\supabase-helpdesk\tests\e2e\polish.spec.ts:36:14)
        at C:\survey.js\supabase-helpdesk\tests\e2e\polish.spec.ts:74:7

    attachment #1: screenshot (image/png) ΓöÇΓöÇΓöÇΓöÇΓöÇΓöÇΓöÇΓöÇΓöÇΓöÇΓöÇΓöÇΓöÇΓöÇΓöÇΓöÇΓöÇΓöÇΓöÇΓöÇΓöÇΓöÇΓöÇΓöÇΓöÇΓöÇΓöÇΓöÇΓöÇΓöÇΓöÇΓöÇΓöÇΓöÇΓöÇΓöÇΓöÇΓöÇΓöÇΓöÇΓöÇΓöÇΓöÇΓöÇΓöÇΓöÇΓöÇΓöÇΓöÇΓöÇΓöÇΓöÇΓöÇΓöÇΓöÇΓöÇΓöÇΓöÇ
    test-results\polish-Polish-Mobile-Respo-6c10d--menu-opens-and-shows-links-chromium-retry1\test-failed-1.png
    ΓöÇΓöÇΓöÇΓöÇΓöÇΓöÇΓöÇΓöÇΓöÇΓöÇΓöÇΓöÇΓöÇΓöÇΓöÇΓöÇΓöÇΓöÇΓöÇΓöÇΓöÇΓöÇΓöÇΓöÇΓöÇΓöÇΓöÇΓöÇΓöÇΓöÇΓöÇΓöÇΓöÇΓöÇΓöÇΓöÇΓöÇΓöÇΓöÇΓöÇΓöÇΓöÇΓöÇΓöÇΓöÇΓöÇΓöÇΓöÇΓöÇΓöÇΓöÇΓöÇΓöÇΓöÇΓöÇΓöÇΓöÇΓöÇΓöÇΓöÇΓöÇΓöÇΓöÇΓöÇΓöÇΓöÇΓöÇΓöÇΓöÇΓöÇΓöÇΓöÇΓöÇΓöÇΓöÇΓöÇΓöÇΓöÇΓöÇΓöÇΓöÇΓöÇΓöÇΓöÇΓöÇΓöÇΓöÇΓöÇΓöÇΓöÇΓöÇΓöÇΓöÇΓöÇΓöÇΓöÇ

    Error Context: test-results\polish-Polish-Mobile-Respo-6c10d--menu-opens-and-shows-links-chromium-retry1\error-context.md

    Retry #2 ΓöÇΓöÇΓöÇΓöÇΓöÇΓöÇΓöÇΓöÇΓöÇΓöÇΓöÇΓöÇΓöÇΓöÇΓöÇΓöÇΓöÇΓöÇΓöÇΓöÇΓöÇΓöÇΓöÇΓöÇΓöÇΓöÇΓöÇΓöÇΓöÇΓöÇΓöÇΓöÇΓöÇΓöÇΓöÇΓöÇΓöÇΓöÇΓöÇΓöÇΓöÇΓöÇΓöÇΓöÇΓöÇΓöÇΓöÇΓöÇΓöÇΓöÇΓöÇΓöÇΓöÇΓöÇΓöÇΓöÇΓöÇΓöÇΓöÇΓöÇΓöÇΓöÇΓöÇΓöÇΓöÇΓöÇΓöÇΓöÇΓöÇΓöÇΓöÇΓöÇΓöÇΓöÇΓöÇΓöÇΓöÇΓöÇΓöÇΓöÇΓöÇΓöÇΓöÇΓöÇΓöÇΓöÇΓöÇ

    Error: page.goto: net::ERR_CONNECTION_REFUSED at http://localhost:3000/login
    Call log:
    [2m  - navigating to "http://localhost:3000/login", waiting until "load"[22m


      34 |   await svc.from('login_attempts').delete().eq('email', email.toLowerCase());
      35 |
    > 36 |   await page.goto('/login');
         |              ^
      37 |   await page.getByLabel('Email').fill(email);
      38 |   await page.getByLabel('Password').fill(SEED_PASSWORD);
      39 |   await page.getByRole('button', { name: 'Log in' }).click();
        at loginAs (C:\survey.js\supabase-helpdesk\tests\e2e\polish.spec.ts:36:14)
        at C:\survey.js\supabase-helpdesk\tests\e2e\polish.spec.ts:74:7

    attachment #1: screenshot (image/png) ΓöÇΓöÇΓöÇΓöÇΓöÇΓöÇΓöÇΓöÇΓöÇΓöÇΓöÇΓöÇΓöÇΓöÇΓöÇΓöÇΓöÇΓöÇΓöÇΓöÇΓöÇΓöÇΓöÇΓöÇΓöÇΓöÇΓöÇΓöÇΓöÇΓöÇΓöÇΓöÇΓöÇΓöÇΓöÇΓöÇΓöÇΓöÇΓöÇΓöÇΓöÇΓöÇΓöÇΓöÇΓöÇΓöÇΓöÇΓöÇΓöÇΓöÇΓöÇΓöÇΓöÇΓöÇΓöÇΓöÇΓöÇΓöÇ
    test-results\polish-Polish-Mobile-Respo-6c10d--menu-opens-and-shows-links-chromium-retry2\test-failed-1.png
    ΓöÇΓöÇΓöÇΓöÇΓöÇΓöÇΓöÇΓöÇΓöÇΓöÇΓöÇΓöÇΓöÇΓöÇΓöÇΓöÇΓöÇΓöÇΓöÇΓöÇΓöÇΓöÇΓöÇΓöÇΓöÇΓöÇΓöÇΓöÇΓöÇΓöÇΓöÇΓöÇΓöÇΓöÇΓöÇΓöÇΓöÇΓöÇΓöÇΓöÇΓöÇΓöÇΓöÇΓöÇΓöÇΓöÇΓöÇΓöÇΓöÇΓöÇΓöÇΓöÇΓöÇΓöÇΓöÇΓöÇΓöÇΓöÇΓöÇΓöÇΓöÇΓöÇΓöÇΓöÇΓöÇΓöÇΓöÇΓöÇΓöÇΓöÇΓöÇΓöÇΓöÇΓöÇΓöÇΓöÇΓöÇΓöÇΓöÇΓöÇΓöÇΓöÇΓöÇΓöÇΓöÇΓöÇΓöÇΓöÇΓöÇΓöÇΓöÇΓöÇΓöÇΓöÇΓöÇΓöÇ

    Error Context: test-results\polish-Polish-Mobile-Respo-6c10d--menu-opens-and-shows-links-chromium-retry2\error-context.md


[1A[2K  30) [chromium] ΓÇ║ tests\e2e\polish.spec.ts:94:9 ΓÇ║ Polish ΓÇ║ Mobile Responsive ΓÇ║ filter controls are collapsible on mobile 

    Error: page.goto: net::ERR_CONNECTION_REFUSED at http://localhost:3000/login
    Call log:
    [2m  - navigating to "http://localhost:3000/login", waiting until "load"[22m


      34 |   await svc.from('login_attempts').delete().eq('email', email.toLowerCase());
      35 |
    > 36 |   await page.goto('/login');
         |              ^
      37 |   await page.getByLabel('Email').fill(email);
      38 |   await page.getByLabel('Password').fill(SEED_PASSWORD);
      39 |   await page.getByRole('button', { name: 'Log in' }).click();
        at loginAs (C:\survey.js\supabase-helpdesk\tests\e2e\polish.spec.ts:36:14)
        at C:\survey.js\supabase-helpdesk\tests\e2e\polish.spec.ts:95:7

    attachment #1: screenshot (image/png) ΓöÇΓöÇΓöÇΓöÇΓöÇΓöÇΓöÇΓöÇΓöÇΓöÇΓöÇΓöÇΓöÇΓöÇΓöÇΓöÇΓöÇΓöÇΓöÇΓöÇΓöÇΓöÇΓöÇΓöÇΓöÇΓöÇΓöÇΓöÇΓöÇΓöÇΓöÇΓöÇΓöÇΓöÇΓöÇΓöÇΓöÇΓöÇΓöÇΓöÇΓöÇΓöÇΓöÇΓöÇΓöÇΓöÇΓöÇΓöÇΓöÇΓöÇΓöÇΓöÇΓöÇΓöÇΓöÇΓöÇΓöÇΓöÇ
    test-results\polish-Polish-Mobile-Respo-da492-s-are-collapsible-on-mobile-chromium\test-failed-1.png
    ΓöÇΓöÇΓöÇΓöÇΓöÇΓöÇΓöÇΓöÇΓöÇΓöÇΓöÇΓöÇΓöÇΓöÇΓöÇΓöÇΓöÇΓöÇΓöÇΓöÇΓöÇΓöÇΓöÇΓöÇΓöÇΓöÇΓöÇΓöÇΓöÇΓöÇΓöÇΓöÇΓöÇΓöÇΓöÇΓöÇΓöÇΓöÇΓöÇΓöÇΓöÇΓöÇΓöÇΓöÇΓöÇΓöÇΓöÇΓöÇΓöÇΓöÇΓöÇΓöÇΓöÇΓöÇΓöÇΓöÇΓöÇΓöÇΓöÇΓöÇΓöÇΓöÇΓöÇΓöÇΓöÇΓöÇΓöÇΓöÇΓöÇΓöÇΓöÇΓöÇΓöÇΓöÇΓöÇΓöÇΓöÇΓöÇΓöÇΓöÇΓöÇΓöÇΓöÇΓöÇΓöÇΓöÇΓöÇΓöÇΓöÇΓöÇΓöÇΓöÇΓöÇΓöÇΓöÇΓöÇ

    Error Context: test-results\polish-Polish-Mobile-Respo-da492-s-are-collapsible-on-mobile-chromium\error-context.md

    Retry #1 ΓöÇΓöÇΓöÇΓöÇΓöÇΓöÇΓöÇΓöÇΓöÇΓöÇΓöÇΓöÇΓöÇΓöÇΓöÇΓöÇΓöÇΓöÇΓöÇΓöÇΓöÇΓöÇΓöÇΓöÇΓöÇΓöÇΓöÇΓöÇΓöÇΓöÇΓöÇΓöÇΓöÇΓöÇΓöÇΓöÇΓöÇΓöÇΓöÇΓöÇΓöÇΓöÇΓöÇΓöÇΓöÇΓöÇΓöÇΓöÇΓöÇΓöÇΓöÇΓöÇΓöÇΓöÇΓöÇΓöÇΓöÇΓöÇΓöÇΓöÇΓöÇΓöÇΓöÇΓöÇΓöÇΓöÇΓöÇΓöÇΓöÇΓöÇΓöÇΓöÇΓöÇΓöÇΓöÇΓöÇΓöÇΓöÇΓöÇΓöÇΓöÇΓöÇΓöÇΓöÇΓöÇΓöÇΓöÇ

    Error: page.goto: net::ERR_CONNECTION_REFUSED at http://localhost:3000/login
    Call log:
    [2m  - navigating to "http://localhost:3000/login", waiting until "load"[22m


      34 |   await svc.from('login_attempts').delete().eq('email', email.toLowerCase());
      35 |
    > 36 |   await page.goto('/login');
         |              ^
      37 |   await page.getByLabel('Email').fill(email);
      38 |   await page.getByLabel('Password').fill(SEED_PASSWORD);
      39 |   await page.getByRole('button', { name: 'Log in' }).click();
        at loginAs (C:\survey.js\supabase-helpdesk\tests\e2e\polish.spec.ts:36:14)
        at C:\survey.js\supabase-helpdesk\tests\e2e\polish.spec.ts:95:7

    attachment #1: screenshot (image/png) ΓöÇΓöÇΓöÇΓöÇΓöÇΓöÇΓöÇΓöÇΓöÇΓöÇΓöÇΓöÇΓöÇΓöÇΓöÇΓöÇΓöÇΓöÇΓöÇΓöÇΓöÇΓöÇΓöÇΓöÇΓöÇΓöÇΓöÇΓöÇΓöÇΓöÇΓöÇΓöÇΓöÇΓöÇΓöÇΓöÇΓöÇΓöÇΓöÇΓöÇΓöÇΓöÇΓöÇΓöÇΓöÇΓöÇΓöÇΓöÇΓöÇΓöÇΓöÇΓöÇΓöÇΓöÇΓöÇΓöÇΓöÇΓöÇ
    test-results\polish-Polish-Mobile-Respo-da492-s-are-collapsible-on-mobile-chromium-retry1\test-failed-1.png
    ΓöÇΓöÇΓöÇΓöÇΓöÇΓöÇΓöÇΓöÇΓöÇΓöÇΓöÇΓöÇΓöÇΓöÇΓöÇΓöÇΓöÇΓöÇΓöÇΓöÇΓöÇΓöÇΓöÇΓöÇΓöÇΓöÇΓöÇΓöÇΓöÇΓöÇΓöÇΓöÇΓöÇΓöÇΓöÇΓöÇΓöÇΓöÇΓöÇΓöÇΓöÇΓöÇΓöÇΓöÇΓöÇΓöÇΓöÇΓöÇΓöÇΓöÇΓöÇΓöÇΓöÇΓöÇΓöÇΓöÇΓöÇΓöÇΓöÇΓöÇΓöÇΓöÇΓöÇΓöÇΓöÇΓöÇΓöÇΓöÇΓöÇΓöÇΓöÇΓöÇΓöÇΓöÇΓöÇΓöÇΓöÇΓöÇΓöÇΓöÇΓöÇΓöÇΓöÇΓöÇΓöÇΓöÇΓöÇΓöÇΓöÇΓöÇΓöÇΓöÇΓöÇΓöÇΓöÇΓöÇ

    Error Context: test-results\polish-Polish-Mobile-Respo-da492-s-are-collapsible-on-mobile-chromium-retry1\error-context.md

    Retry #2 ΓöÇΓöÇΓöÇΓöÇΓöÇΓöÇΓöÇΓöÇΓöÇΓöÇΓöÇΓöÇΓöÇΓöÇΓöÇΓöÇΓöÇΓöÇΓöÇΓöÇΓöÇΓöÇΓöÇΓöÇΓöÇΓöÇΓöÇΓöÇΓöÇΓöÇΓöÇΓöÇΓöÇΓöÇΓöÇΓöÇΓöÇΓöÇΓöÇΓöÇΓöÇΓöÇΓöÇΓöÇΓöÇΓöÇΓöÇΓöÇΓöÇΓöÇΓöÇΓöÇΓöÇΓöÇΓöÇΓöÇΓöÇΓöÇΓöÇΓöÇΓöÇΓöÇΓöÇΓöÇΓöÇΓöÇΓöÇΓöÇΓöÇΓöÇΓöÇΓöÇΓöÇΓöÇΓöÇΓöÇΓöÇΓöÇΓöÇΓöÇΓöÇΓöÇΓöÇΓöÇΓöÇΓöÇΓöÇ

    Error: page.goto: net::ERR_CONNECTION_REFUSED at http://localhost:3000/login
    Call log:
    [2m  - navigating to "http://localhost:3000/login", waiting until "load"[22m


      34 |   await svc.from('login_attempts').delete().eq('email', email.toLowerCase());
      35 |
    > 36 |   await page.goto('/login');
         |              ^
      37 |   await page.getByLabel('Email').fill(email);
      38 |   await page.getByLabel('Password').fill(SEED_PASSWORD);
      39 |   await page.getByRole('button', { name: 'Log in' }).click();
        at loginAs (C:\survey.js\supabase-helpdesk\tests\e2e\polish.spec.ts:36:14)
        at C:\survey.js\supabase-helpdesk\tests\e2e\polish.spec.ts:95:7

    attachment #1: screenshot (image/png) ΓöÇΓöÇΓöÇΓöÇΓöÇΓöÇΓöÇΓöÇΓöÇΓöÇΓöÇΓöÇΓöÇΓöÇΓöÇΓöÇΓöÇΓöÇΓöÇΓöÇΓöÇΓöÇΓöÇΓöÇΓöÇΓöÇΓöÇΓöÇΓöÇΓöÇΓöÇΓöÇΓöÇΓöÇΓöÇΓöÇΓöÇΓöÇΓöÇΓöÇΓöÇΓöÇΓöÇΓöÇΓöÇΓöÇΓöÇΓöÇΓöÇΓöÇΓöÇΓöÇΓöÇΓöÇΓöÇΓöÇΓöÇΓöÇ
    test-results\polish-Polish-Mobile-Respo-da492-s-are-collapsible-on-mobile-chromium-retry2\test-failed-1.png
    ΓöÇΓöÇΓöÇΓöÇΓöÇΓöÇΓöÇΓöÇΓöÇΓöÇΓöÇΓöÇΓöÇΓöÇΓöÇΓöÇΓöÇΓöÇΓöÇΓöÇΓöÇΓöÇΓöÇΓöÇΓöÇΓöÇΓöÇΓöÇΓöÇΓöÇΓöÇΓöÇΓöÇΓöÇΓöÇΓöÇΓöÇΓöÇΓöÇΓöÇΓöÇΓöÇΓöÇΓöÇΓöÇΓöÇΓöÇΓöÇΓöÇΓöÇΓöÇΓöÇΓöÇΓöÇΓöÇΓöÇΓöÇΓöÇΓöÇΓöÇΓöÇΓöÇΓöÇΓöÇΓöÇΓöÇΓöÇΓöÇΓöÇΓöÇΓöÇΓöÇΓöÇΓöÇΓöÇΓöÇΓöÇΓöÇΓöÇΓöÇΓöÇΓöÇΓöÇΓöÇΓöÇΓöÇΓöÇΓöÇΓöÇΓöÇΓöÇΓöÇΓöÇΓöÇΓöÇΓöÇ

    Error Context: test-results\polish-Polish-Mobile-Respo-da492-s-are-collapsible-on-mobile-chromium-retry2\error-context.md


[1A[2KΓùç injected env (0) from .env.test // tip: Γùê secrets for agents [www.dotenvx.com]

[1A[2K[433/350] [chromium] ΓÇ║ tests\e2e\polish.spec.ts:114:9 ΓÇ║ Polish ΓÇ║ Mobile Responsive ΓÇ║ touch targets are at least 44x44px
[1A[2KΓùç injected env (0) from .env.test // tip: Γùê encrypted .env [www.dotenvx.com]

[1A[2K[434/350] [chromium] ΓÇ║ tests\e2e\polish.spec.ts:130:9 ΓÇ║ Polish ΓÇ║ Mobile Tablet ΓÇ║ layout adapts at tablet width
[1A[2KΓùç injected env (0) from .env.test // tip: Γîü auth for agents [www.vestauth.com]

[1A[2K[435/350] [chromium] ΓÇ║ tests\e2e\polish.spec.ts:140:9 ΓÇ║ Polish ΓÇ║ Keyboard Navigation ΓÇ║ tab through login form reaches all fields and submit
[1A[2K  31) [chromium] ΓÇ║ tests\e2e\polish.spec.ts:105:9 ΓÇ║ Polish ΓÇ║ Mobile Responsive ΓÇ║ admin sidebar uses dropdown on mobile 

    Error: page.goto: net::ERR_CONNECTION_REFUSED at http://localhost:3000/login
    Call log:
    [2m  - navigating to "http://localhost:3000/login", waiting until "load"[22m


      34 |   await svc.from('login_attempts').delete().eq('email', email.toLowerCase());
      35 |
    > 36 |   await page.goto('/login');
         |              ^
      37 |   await page.getByLabel('Email').fill(email);
      38 |   await page.getByLabel('Password').fill(SEED_PASSWORD);
      39 |   await page.getByRole('button', { name: 'Log in' }).click();
        at loginAs (C:\survey.js\supabase-helpdesk\tests\e2e\polish.spec.ts:36:14)
        at C:\survey.js\supabase-helpdesk\tests\e2e\polish.spec.ts:106:7

    attachment #1: screenshot (image/png) ΓöÇΓöÇΓöÇΓöÇΓöÇΓöÇΓöÇΓöÇΓöÇΓöÇΓöÇΓöÇΓöÇΓöÇΓöÇΓöÇΓöÇΓöÇΓöÇΓöÇΓöÇΓöÇΓöÇΓöÇΓöÇΓöÇΓöÇΓöÇΓöÇΓöÇΓöÇΓöÇΓöÇΓöÇΓöÇΓöÇΓöÇΓöÇΓöÇΓöÇΓöÇΓöÇΓöÇΓöÇΓöÇΓöÇΓöÇΓöÇΓöÇΓöÇΓöÇΓöÇΓöÇΓöÇΓöÇΓöÇΓöÇΓöÇ
    test-results\polish-Polish-Mobile-Respo-a85d1-bar-uses-dropdown-on-mobile-chromium\test-failed-1.png
    ΓöÇΓöÇΓöÇΓöÇΓöÇΓöÇΓöÇΓöÇΓöÇΓöÇΓöÇΓöÇΓöÇΓöÇΓöÇΓöÇΓöÇΓöÇΓöÇΓöÇΓöÇΓöÇΓöÇΓöÇΓöÇΓöÇΓöÇΓöÇΓöÇΓöÇΓöÇΓöÇΓöÇΓöÇΓöÇΓöÇΓöÇΓöÇΓöÇΓöÇΓöÇΓöÇΓöÇΓöÇΓöÇΓöÇΓöÇΓöÇΓöÇΓöÇΓöÇΓöÇΓöÇΓöÇΓöÇΓöÇΓöÇΓöÇΓöÇΓöÇΓöÇΓöÇΓöÇΓöÇΓöÇΓöÇΓöÇΓöÇΓöÇΓöÇΓöÇΓöÇΓöÇΓöÇΓöÇΓöÇΓöÇΓöÇΓöÇΓöÇΓöÇΓöÇΓöÇΓöÇΓöÇΓöÇΓöÇΓöÇΓöÇΓöÇΓöÇΓöÇΓöÇΓöÇΓöÇΓöÇ

    Error Context: test-results\polish-Polish-Mobile-Respo-a85d1-bar-uses-dropdown-on-mobile-chromium\error-context.md

    Retry #1 ΓöÇΓöÇΓöÇΓöÇΓöÇΓöÇΓöÇΓöÇΓöÇΓöÇΓöÇΓöÇΓöÇΓöÇΓöÇΓöÇΓöÇΓöÇΓöÇΓöÇΓöÇΓöÇΓöÇΓöÇΓöÇΓöÇΓöÇΓöÇΓöÇΓöÇΓöÇΓöÇΓöÇΓöÇΓöÇΓöÇΓöÇΓöÇΓöÇΓöÇΓöÇΓöÇΓöÇΓöÇΓöÇΓöÇΓöÇΓöÇΓöÇΓöÇΓöÇΓöÇΓöÇΓöÇΓöÇΓöÇΓöÇΓöÇΓöÇΓöÇΓöÇΓöÇΓöÇΓöÇΓöÇΓöÇΓöÇΓöÇΓöÇΓöÇΓöÇΓöÇΓöÇΓöÇΓöÇΓöÇΓöÇΓöÇΓöÇΓöÇΓöÇΓöÇΓöÇΓöÇΓöÇΓöÇΓöÇ

    Error: page.goto: net::ERR_CONNECTION_REFUSED at http://localhost:3000/login
    Call log:
    [2m  - navigating to "http://localhost:3000/login", waiting until "load"[22m


      34 |   await svc.from('login_attempts').delete().eq('email', email.toLowerCase());
      35 |
    > 36 |   await page.goto('/login');
         |              ^
      37 |   await page.getByLabel('Email').fill(email);
      38 |   await page.getByLabel('Password').fill(SEED_PASSWORD);
      39 |   await page.getByRole('button', { name: 'Log in' }).click();
        at loginAs (C:\survey.js\supabase-helpdesk\tests\e2e\polish.spec.ts:36:14)
        at C:\survey.js\supabase-helpdesk\tests\e2e\polish.spec.ts:106:7

    attachment #1: screenshot (image/png) ΓöÇΓöÇΓöÇΓöÇΓöÇΓöÇΓöÇΓöÇΓöÇΓöÇΓöÇΓöÇΓöÇΓöÇΓöÇΓöÇΓöÇΓöÇΓöÇΓöÇΓöÇΓöÇΓöÇΓöÇΓöÇΓöÇΓöÇΓöÇΓöÇΓöÇΓöÇΓöÇΓöÇΓöÇΓöÇΓöÇΓöÇΓöÇΓöÇΓöÇΓöÇΓöÇΓöÇΓöÇΓöÇΓöÇΓöÇΓöÇΓöÇΓöÇΓöÇΓöÇΓöÇΓöÇΓöÇΓöÇΓöÇΓöÇ
    test-results\polish-Polish-Mobile-Respo-a85d1-bar-uses-dropdown-on-mobile-chromium-retry1\test-failed-1.png
    ΓöÇΓöÇΓöÇΓöÇΓöÇΓöÇΓöÇΓöÇΓöÇΓöÇΓöÇΓöÇΓöÇΓöÇΓöÇΓöÇΓöÇΓöÇΓöÇΓöÇΓöÇΓöÇΓöÇΓöÇΓöÇΓöÇΓöÇΓöÇΓöÇΓöÇΓöÇΓöÇΓöÇΓöÇΓöÇΓöÇΓöÇΓöÇΓöÇΓöÇΓöÇΓöÇΓöÇΓöÇΓöÇΓöÇΓöÇΓöÇΓöÇΓöÇΓöÇΓöÇΓöÇΓöÇΓöÇΓöÇΓöÇΓöÇΓöÇΓöÇΓöÇΓöÇΓöÇΓöÇΓöÇΓöÇΓöÇΓöÇΓöÇΓöÇΓöÇΓöÇΓöÇΓöÇΓöÇΓöÇΓöÇΓöÇΓöÇΓöÇΓöÇΓöÇΓöÇΓöÇΓöÇΓöÇΓöÇΓöÇΓöÇΓöÇΓöÇΓöÇΓöÇΓöÇΓöÇΓöÇ

    Error Context: test-results\polish-Polish-Mobile-Respo-a85d1-bar-uses-dropdown-on-mobile-chromium-retry1\error-context.md

    Retry #2 ΓöÇΓöÇΓöÇΓöÇΓöÇΓöÇΓöÇΓöÇΓöÇΓöÇΓöÇΓöÇΓöÇΓöÇΓöÇΓöÇΓöÇΓöÇΓöÇΓöÇΓöÇΓöÇΓöÇΓöÇΓöÇΓöÇΓöÇΓöÇΓöÇΓöÇΓöÇΓöÇΓöÇΓöÇΓöÇΓöÇΓöÇΓöÇΓöÇΓöÇΓöÇΓöÇΓöÇΓöÇΓöÇΓöÇΓöÇΓöÇΓöÇΓöÇΓöÇΓöÇΓöÇΓöÇΓöÇΓöÇΓöÇΓöÇΓöÇΓöÇΓöÇΓöÇΓöÇΓöÇΓöÇΓöÇΓöÇΓöÇΓöÇΓöÇΓöÇΓöÇΓöÇΓöÇΓöÇΓöÇΓöÇΓöÇΓöÇΓöÇΓöÇΓöÇΓöÇΓöÇΓöÇΓöÇΓöÇ

    Error: page.goto: net::ERR_CONNECTION_REFUSED at http://localhost:3000/login
    Call log:
    [2m  - navigating to "http://localhost:3000/login", waiting until "load"[22m


      34 |   await svc.from('login_attempts').delete().eq('email', email.toLowerCase());
      35 |
    > 36 |   await page.goto('/login');
         |              ^
      37 |   await page.getByLabel('Email').fill(email);
      38 |   await page.getByLabel('Password').fill(SEED_PASSWORD);
      39 |   await page.getByRole('button', { name: 'Log in' }).click();
        at loginAs (C:\survey.js\supabase-helpdesk\tests\e2e\polish.spec.ts:36:14)
        at C:\survey.js\supabase-helpdesk\tests\e2e\polish.spec.ts:106:7

    attachment #1: screenshot (image/png) ΓöÇΓöÇΓöÇΓöÇΓöÇΓöÇΓöÇΓöÇΓöÇΓöÇΓöÇΓöÇΓöÇΓöÇΓöÇΓöÇΓöÇΓöÇΓöÇΓöÇΓöÇΓöÇΓöÇΓöÇΓöÇΓöÇΓöÇΓöÇΓöÇΓöÇΓöÇΓöÇΓöÇΓöÇΓöÇΓöÇΓöÇΓöÇΓöÇΓöÇΓöÇΓöÇΓöÇΓöÇΓöÇΓöÇΓöÇΓöÇΓöÇΓöÇΓöÇΓöÇΓöÇΓöÇΓöÇΓöÇΓöÇΓöÇ
    test-results\polish-Polish-Mobile-Respo-a85d1-bar-uses-dropdown-on-mobile-chromium-retry2\test-failed-1.png
    ΓöÇΓöÇΓöÇΓöÇΓöÇΓöÇΓöÇΓöÇΓöÇΓöÇΓöÇΓöÇΓöÇΓöÇΓöÇΓöÇΓöÇΓöÇΓöÇΓöÇΓöÇΓöÇΓöÇΓöÇΓöÇΓöÇΓöÇΓöÇΓöÇΓöÇΓöÇΓöÇΓöÇΓöÇΓöÇΓöÇΓöÇΓöÇΓöÇΓöÇΓöÇΓöÇΓöÇΓöÇΓöÇΓöÇΓöÇΓöÇΓöÇΓöÇΓöÇΓöÇΓöÇΓöÇΓöÇΓöÇΓöÇΓöÇΓöÇΓöÇΓöÇΓöÇΓöÇΓöÇΓöÇΓöÇΓöÇΓöÇΓöÇΓöÇΓöÇΓöÇΓöÇΓöÇΓöÇΓöÇΓöÇΓöÇΓöÇΓöÇΓöÇΓöÇΓöÇΓöÇΓöÇΓöÇΓöÇΓöÇΓöÇΓöÇΓöÇΓöÇΓöÇΓöÇΓöÇΓöÇ

    Error Context: test-results\polish-Polish-Mobile-Respo-a85d1-bar-uses-dropdown-on-mobile-chromium-retry2\error-context.md


[1A[2KΓùç injected env (0) from .env.test // tip: Γîÿ enable debugging { debug: true }

[1A[2K[436/350] [chromium] ΓÇ║ tests\e2e\polish.spec.ts:168:9 ΓÇ║ Polish ΓÇ║ Keyboard Navigation ΓÇ║ skip-to-content link works
[1A[2KΓùç injected env (0) from .env.test // tip: Γîÿ enable debugging { debug: true }

[1A[2K[437/350] (retries) [chromium] ΓÇ║ tests\e2e\polish.spec.ts:140:9 ΓÇ║ Polish ΓÇ║ Keyboard Navigation ΓÇ║ tab through login form reaches all fields and submit (retry #1)
[1A[2KΓùç injected env (0) from .env.test // tip: Γîÿ custom filepath { path: '/custom/path/.env' }

[1A[2K[438/350] (retries) [chromium] ΓÇ║ tests\e2e\polish.spec.ts:114:9 ΓÇ║ Polish ΓÇ║ Mobile Responsive ΓÇ║ touch targets are at least 44x44px (retry #1)
[1A[2KΓùç injected env (0) from .env.test // tip: Γùê secrets for agents [www.dotenvx.com]

[1A[2K[439/350] (retries) [chromium] ΓÇ║ tests\e2e\polish.spec.ts:130:9 ΓÇ║ Polish ΓÇ║ Mobile Tablet ΓÇ║ layout adapts at tablet width (retry #1)
[1A[2KΓùç injected env (0) from .env.test // tip: Γîü auth for agents [www.vestauth.com]

[1A[2K[440/350] (retries) [chromium] ΓÇ║ tests\e2e\polish.spec.ts:168:9 ΓÇ║ Polish ΓÇ║ Keyboard Navigation ΓÇ║ skip-to-content link works (retry #1)
[1A[2KΓùç injected env (0) from .env.test // tip: Γîÿ multiple files { path: ['.env.local', '.env'] }

[1A[2K[441/350] (retries) [chromium] ΓÇ║ tests\e2e\polish.spec.ts:140:9 ΓÇ║ Polish ΓÇ║ Keyboard Navigation ΓÇ║ tab through login form reaches all fields and submit (retry #2)
[1A[2KΓùç injected env (0) from .env.test // tip: Γîÿ multiple files { path: ['.env.local', '.env'] }

[1A[2KΓùç injected env (0) from .env.test // tip: Γîÿ enable debugging { debug: true }

[1A[2K[442/350] (retries) [chromium] ΓÇ║ tests\e2e\polish.spec.ts:114:9 ΓÇ║ Polish ΓÇ║ Mobile Responsive ΓÇ║ touch targets are at least 44x44px (retry #2)
[1A[2K[443/350] (retries) [chromium] ΓÇ║ tests\e2e\polish.spec.ts:130:9 ΓÇ║ Polish ΓÇ║ Mobile Tablet ΓÇ║ layout adapts at tablet width (retry #2)
[1A[2KΓùç injected env (0) from .env.test // tip: Γùê secrets for agents [www.dotenvx.com]

[1A[2K[444/350] (retries) [chromium] ΓÇ║ tests\e2e\polish.spec.ts:168:9 ΓÇ║ Polish ΓÇ║ Keyboard Navigation ΓÇ║ skip-to-content link works (retry #2)
[1A[2K  32) [chromium] ΓÇ║ tests\e2e\polish.spec.ts:140:9 ΓÇ║ Polish ΓÇ║ Keyboard Navigation ΓÇ║ tab through login form reaches all fields and submit 

    Error: page.goto: net::ERR_CONNECTION_REFUSED at http://localhost:3000/login
    Call log:
    [2m  - navigating to "http://localhost:3000/login", waiting until "load"[22m


      139 |   test.describe('Keyboard Navigation', () => {
      140 |     test('tab through login form reaches all fields and submit', async ({ page }) => {
    > 141 |       await page.goto('/login');
          |                  ^
      142 |       // Tab through the page
      143 |       await page.keyboard.press('Tab'); // skip link or first focusable
      144 |       // Keep tabbing until we reach email
        at C:\survey.js\supabase-helpdesk\tests\e2e\polish.spec.ts:141:18

    attachment #1: screenshot (image/png) ΓöÇΓöÇΓöÇΓöÇΓöÇΓöÇΓöÇΓöÇΓöÇΓöÇΓöÇΓöÇΓöÇΓöÇΓöÇΓöÇΓöÇΓöÇΓöÇΓöÇΓöÇΓöÇΓöÇΓöÇΓöÇΓöÇΓöÇΓöÇΓöÇΓöÇΓöÇΓöÇΓöÇΓöÇΓöÇΓöÇΓöÇΓöÇΓöÇΓöÇΓöÇΓöÇΓöÇΓöÇΓöÇΓöÇΓöÇΓöÇΓöÇΓöÇΓöÇΓöÇΓöÇΓöÇΓöÇΓöÇΓöÇΓöÇ
    test-results\polish-Polish-Keyboard-Nav-cfdf0-aches-all-fields-and-submit-chromium\test-failed-1.png
    ΓöÇΓöÇΓöÇΓöÇΓöÇΓöÇΓöÇΓöÇΓöÇΓöÇΓöÇΓöÇΓöÇΓöÇΓöÇΓöÇΓöÇΓöÇΓöÇΓöÇΓöÇΓöÇΓöÇΓöÇΓöÇΓöÇΓöÇΓöÇΓöÇΓöÇΓöÇΓöÇΓöÇΓöÇΓöÇΓöÇΓöÇΓöÇΓöÇΓöÇΓöÇΓöÇΓöÇΓöÇΓöÇΓöÇΓöÇΓöÇΓöÇΓöÇΓöÇΓöÇΓöÇΓöÇΓöÇΓöÇΓöÇΓöÇΓöÇΓöÇΓöÇΓöÇΓöÇΓöÇΓöÇΓöÇΓöÇΓöÇΓöÇΓöÇΓöÇΓöÇΓöÇΓöÇΓöÇΓöÇΓöÇΓöÇΓöÇΓöÇΓöÇΓöÇΓöÇΓöÇΓöÇΓöÇΓöÇΓöÇΓöÇΓöÇΓöÇΓöÇΓöÇΓöÇΓöÇΓöÇ

    Error Context: test-results\polish-Polish-Keyboard-Nav-cfdf0-aches-all-fields-and-submit-chromium\error-context.md

    Retry #1 ΓöÇΓöÇΓöÇΓöÇΓöÇΓöÇΓöÇΓöÇΓöÇΓöÇΓöÇΓöÇΓöÇΓöÇΓöÇΓöÇΓöÇΓöÇΓöÇΓöÇΓöÇΓöÇΓöÇΓöÇΓöÇΓöÇΓöÇΓöÇΓöÇΓöÇΓöÇΓöÇΓöÇΓöÇΓöÇΓöÇΓöÇΓöÇΓöÇΓöÇΓöÇΓöÇΓöÇΓöÇΓöÇΓöÇΓöÇΓöÇΓöÇΓöÇΓöÇΓöÇΓöÇΓöÇΓöÇΓöÇΓöÇΓöÇΓöÇΓöÇΓöÇΓöÇΓöÇΓöÇΓöÇΓöÇΓöÇΓöÇΓöÇΓöÇΓöÇΓöÇΓöÇΓöÇΓöÇΓöÇΓöÇΓöÇΓöÇΓöÇΓöÇΓöÇΓöÇΓöÇΓöÇΓöÇΓöÇ

    Error: page.goto: net::ERR_CONNECTION_REFUSED at http://localhost:3000/login
    Call log:
    [2m  - navigating to "http://localhost:3000/login", waiting until "load"[22m


      139 |   test.describe('Keyboard Navigation', () => {
      140 |     test('tab through login form reaches all fields and submit', async ({ page }) => {
    > 141 |       await page.goto('/login');
          |                  ^
      142 |       // Tab through the page
      143 |       await page.keyboard.press('Tab'); // skip link or first focusable
      144 |       // Keep tabbing until we reach email
        at C:\survey.js\supabase-helpdesk\tests\e2e\polish.spec.ts:141:18

    attachment #1: screenshot (image/png) ΓöÇΓöÇΓöÇΓöÇΓöÇΓöÇΓöÇΓöÇΓöÇΓöÇΓöÇΓöÇΓöÇΓöÇΓöÇΓöÇΓöÇΓöÇΓöÇΓöÇΓöÇΓöÇΓöÇΓöÇΓöÇΓöÇΓöÇΓöÇΓöÇΓöÇΓöÇΓöÇΓöÇΓöÇΓöÇΓöÇΓöÇΓöÇΓöÇΓöÇΓöÇΓöÇΓöÇΓöÇΓöÇΓöÇΓöÇΓöÇΓöÇΓöÇΓöÇΓöÇΓöÇΓöÇΓöÇΓöÇΓöÇΓöÇ
    test-results\polish-Polish-Keyboard-Nav-cfdf0-aches-all-fields-and-submit-chromium-retry1\test-failed-1.png
    ΓöÇΓöÇΓöÇΓöÇΓöÇΓöÇΓöÇΓöÇΓöÇΓöÇΓöÇΓöÇΓöÇΓöÇΓöÇΓöÇΓöÇΓöÇΓöÇΓöÇΓöÇΓöÇΓöÇΓöÇΓöÇΓöÇΓöÇΓöÇΓöÇΓöÇΓöÇΓöÇΓöÇΓöÇΓöÇΓöÇΓöÇΓöÇΓöÇΓöÇΓöÇΓöÇΓöÇΓöÇΓöÇΓöÇΓöÇΓöÇΓöÇΓöÇΓöÇΓöÇΓöÇΓöÇΓöÇΓöÇΓöÇΓöÇΓöÇΓöÇΓöÇΓöÇΓöÇΓöÇΓöÇΓöÇΓöÇΓöÇΓöÇΓöÇΓöÇΓöÇΓöÇΓöÇΓöÇΓöÇΓöÇΓöÇΓöÇΓöÇΓöÇΓöÇΓöÇΓöÇΓöÇΓöÇΓöÇΓöÇΓöÇΓöÇΓöÇΓöÇΓöÇΓöÇΓöÇΓöÇ

    Error Context: test-results\polish-Polish-Keyboard-Nav-cfdf0-aches-all-fields-and-submit-chromium-retry1\error-context.md

    Retry #2 ΓöÇΓöÇΓöÇΓöÇΓöÇΓöÇΓöÇΓöÇΓöÇΓöÇΓöÇΓöÇΓöÇΓöÇΓöÇΓöÇΓöÇΓöÇΓöÇΓöÇΓöÇΓöÇΓöÇΓöÇΓöÇΓöÇΓöÇΓöÇΓöÇΓöÇΓöÇΓöÇΓöÇΓöÇΓöÇΓöÇΓöÇΓöÇΓöÇΓöÇΓöÇΓöÇΓöÇΓöÇΓöÇΓöÇΓöÇΓöÇΓöÇΓöÇΓöÇΓöÇΓöÇΓöÇΓöÇΓöÇΓöÇΓöÇΓöÇΓöÇΓöÇΓöÇΓöÇΓöÇΓöÇΓöÇΓöÇΓöÇΓöÇΓöÇΓöÇΓöÇΓöÇΓöÇΓöÇΓöÇΓöÇΓöÇΓöÇΓöÇΓöÇΓöÇΓöÇΓöÇΓöÇΓöÇΓöÇ

    Error: page.goto: net::ERR_CONNECTION_REFUSED at http://localhost:3000/login
    Call log:
    [2m  - navigating to "http://localhost:3000/login", waiting until "load"[22m


      139 |   test.describe('Keyboard Navigation', () => {
      140 |     test('tab through login form reaches all fields and submit', async ({ page }) => {
    > 141 |       await page.goto('/login');
          |                  ^
      142 |       // Tab through the page
      143 |       await page.keyboard.press('Tab'); // skip link or first focusable
      144 |       // Keep tabbing until we reach email
        at C:\survey.js\supabase-helpdesk\tests\e2e\polish.spec.ts:141:18

    attachment #1: screenshot (image/png) ΓöÇΓöÇΓöÇΓöÇΓöÇΓöÇΓöÇΓöÇΓöÇΓöÇΓöÇΓöÇΓöÇΓöÇΓöÇΓöÇΓöÇΓöÇΓöÇΓöÇΓöÇΓöÇΓöÇΓöÇΓöÇΓöÇΓöÇΓöÇΓöÇΓöÇΓöÇΓöÇΓöÇΓöÇΓöÇΓöÇΓöÇΓöÇΓöÇΓöÇΓöÇΓöÇΓöÇΓöÇΓöÇΓöÇΓöÇΓöÇΓöÇΓöÇΓöÇΓöÇΓöÇΓöÇΓöÇΓöÇΓöÇΓöÇ
    test-results\polish-Polish-Keyboard-Nav-cfdf0-aches-all-fields-and-submit-chromium-retry2\test-failed-1.png
    ΓöÇΓöÇΓöÇΓöÇΓöÇΓöÇΓöÇΓöÇΓöÇΓöÇΓöÇΓöÇΓöÇΓöÇΓöÇΓöÇΓöÇΓöÇΓöÇΓöÇΓöÇΓöÇΓöÇΓöÇΓöÇΓöÇΓöÇΓöÇΓöÇΓöÇΓöÇΓöÇΓöÇΓöÇΓöÇΓöÇΓöÇΓöÇΓöÇΓöÇΓöÇΓöÇΓöÇΓöÇΓöÇΓöÇΓöÇΓöÇΓöÇΓöÇΓöÇΓöÇΓöÇΓöÇΓöÇΓöÇΓöÇΓöÇΓöÇΓöÇΓöÇΓöÇΓöÇΓöÇΓöÇΓöÇΓöÇΓöÇΓöÇΓöÇΓöÇΓöÇΓöÇΓöÇΓöÇΓöÇΓöÇΓöÇΓöÇΓöÇΓöÇΓöÇΓöÇΓöÇΓöÇΓöÇΓöÇΓöÇΓöÇΓöÇΓöÇΓöÇΓöÇΓöÇΓöÇΓöÇ

    Error Context: test-results\polish-Polish-Keyboard-Nav-cfdf0-aches-all-fields-and-submit-chromium-retry2\error-context.md


[1A[2K  33) [chromium] ΓÇ║ tests\e2e\polish.spec.ts:130:9 ΓÇ║ Polish ΓÇ║ Mobile Tablet ΓÇ║ layout adapts at tablet width 

    Error: page.goto: net::ERR_CONNECTION_REFUSED at http://localhost:3000/login
    Call log:
    [2m  - navigating to "http://localhost:3000/login", waiting until "load"[22m


      34 |   await svc.from('login_attempts').delete().eq('email', email.toLowerCase());
      35 |
    > 36 |   await page.goto('/login');
         |              ^
      37 |   await page.getByLabel('Email').fill(email);
      38 |   await page.getByLabel('Password').fill(SEED_PASSWORD);
      39 |   await page.getByRole('button', { name: 'Log in' }).click();
        at loginAs (C:\survey.js\supabase-helpdesk\tests\e2e\polish.spec.ts:36:14)
        at C:\survey.js\supabase-helpdesk\tests\e2e\polish.spec.ts:131:7

    attachment #1: screenshot (image/png) ΓöÇΓöÇΓöÇΓöÇΓöÇΓöÇΓöÇΓöÇΓöÇΓöÇΓöÇΓöÇΓöÇΓöÇΓöÇΓöÇΓöÇΓöÇΓöÇΓöÇΓöÇΓöÇΓöÇΓöÇΓöÇΓöÇΓöÇΓöÇΓöÇΓöÇΓöÇΓöÇΓöÇΓöÇΓöÇΓöÇΓöÇΓöÇΓöÇΓöÇΓöÇΓöÇΓöÇΓöÇΓöÇΓöÇΓöÇΓöÇΓöÇΓöÇΓöÇΓöÇΓöÇΓöÇΓöÇΓöÇΓöÇΓöÇ
    test-results\polish-Polish-Mobile-Tablet-layout-adapts-at-tablet-width-chromium\test-failed-1.png
    ΓöÇΓöÇΓöÇΓöÇΓöÇΓöÇΓöÇΓöÇΓöÇΓöÇΓöÇΓöÇΓöÇΓöÇΓöÇΓöÇΓöÇΓöÇΓöÇΓöÇΓöÇΓöÇΓöÇΓöÇΓöÇΓöÇΓöÇΓöÇΓöÇΓöÇΓöÇΓöÇΓöÇΓöÇΓöÇΓöÇΓöÇΓöÇΓöÇΓöÇΓöÇΓöÇΓöÇΓöÇΓöÇΓöÇΓöÇΓöÇΓöÇΓöÇΓöÇΓöÇΓöÇΓöÇΓöÇΓöÇΓöÇΓöÇΓöÇΓöÇΓöÇΓöÇΓöÇΓöÇΓöÇΓöÇΓöÇΓöÇΓöÇΓöÇΓöÇΓöÇΓöÇΓöÇΓöÇΓöÇΓöÇΓöÇΓöÇΓöÇΓöÇΓöÇΓöÇΓöÇΓöÇΓöÇΓöÇΓöÇΓöÇΓöÇΓöÇΓöÇΓöÇΓöÇΓöÇΓöÇ

    Error Context: test-results\polish-Polish-Mobile-Tablet-layout-adapts-at-tablet-width-chromium\error-context.md

    Retry #1 ΓöÇΓöÇΓöÇΓöÇΓöÇΓöÇΓöÇΓöÇΓöÇΓöÇΓöÇΓöÇΓöÇΓöÇΓöÇΓöÇΓöÇΓöÇΓöÇΓöÇΓöÇΓöÇΓöÇΓöÇΓöÇΓöÇΓöÇΓöÇΓöÇΓöÇΓöÇΓöÇΓöÇΓöÇΓöÇΓöÇΓöÇΓöÇΓöÇΓöÇΓöÇΓöÇΓöÇΓöÇΓöÇΓöÇΓöÇΓöÇΓöÇΓöÇΓöÇΓöÇΓöÇΓöÇΓöÇΓöÇΓöÇΓöÇΓöÇΓöÇΓöÇΓöÇΓöÇΓöÇΓöÇΓöÇΓöÇΓöÇΓöÇΓöÇΓöÇΓöÇΓöÇΓöÇΓöÇΓöÇΓöÇΓöÇΓöÇΓöÇΓöÇΓöÇΓöÇΓöÇΓöÇΓöÇΓöÇ

    Error: page.goto: net::ERR_CONNECTION_REFUSED at http://localhost:3000/login
    Call log:
    [2m  - navigating to "http://localhost:3000/login", waiting until "load"[22m


      34 |   await svc.from('login_attempts').delete().eq('email', email.toLowerCase());
      35 |
    > 36 |   await page.goto('/login');
         |              ^
      37 |   await page.getByLabel('Email').fill(email);
      38 |   await page.getByLabel('Password').fill(SEED_PASSWORD);
      39 |   await page.getByRole('button', { name: 'Log in' }).click();
        at loginAs (C:\survey.js\supabase-helpdesk\tests\e2e\polish.spec.ts:36:14)
        at C:\survey.js\supabase-helpdesk\tests\e2e\polish.spec.ts:131:7

    attachment #1: screenshot (image/png) ΓöÇΓöÇΓöÇΓöÇΓöÇΓöÇΓöÇΓöÇΓöÇΓöÇΓöÇΓöÇΓöÇΓöÇΓöÇΓöÇΓöÇΓöÇΓöÇΓöÇΓöÇΓöÇΓöÇΓöÇΓöÇΓöÇΓöÇΓöÇΓöÇΓöÇΓöÇΓöÇΓöÇΓöÇΓöÇΓöÇΓöÇΓöÇΓöÇΓöÇΓöÇΓöÇΓöÇΓöÇΓöÇΓöÇΓöÇΓöÇΓöÇΓöÇΓöÇΓöÇΓöÇΓöÇΓöÇΓöÇΓöÇΓöÇ
    test-results\polish-Polish-Mobile-Tablet-layout-adapts-at-tablet-width-chromium-retry1\test-failed-1.png
    ΓöÇΓöÇΓöÇΓöÇΓöÇΓöÇΓöÇΓöÇΓöÇΓöÇΓöÇΓöÇΓöÇΓöÇΓöÇΓöÇΓöÇΓöÇΓöÇΓöÇΓöÇΓöÇΓöÇΓöÇΓöÇΓöÇΓöÇΓöÇΓöÇΓöÇΓöÇΓöÇΓöÇΓöÇΓöÇΓöÇΓöÇΓöÇΓöÇΓöÇΓöÇΓöÇΓöÇΓöÇΓöÇΓöÇΓöÇΓöÇΓöÇΓöÇΓöÇΓöÇΓöÇΓöÇΓöÇΓöÇΓöÇΓöÇΓöÇΓöÇΓöÇΓöÇΓöÇΓöÇΓöÇΓöÇΓöÇΓöÇΓöÇΓöÇΓöÇΓöÇΓöÇΓöÇΓöÇΓöÇΓöÇΓöÇΓöÇΓöÇΓöÇΓöÇΓöÇΓöÇΓöÇΓöÇΓöÇΓöÇΓöÇΓöÇΓöÇΓöÇΓöÇΓöÇΓöÇΓöÇ

    Error Context: test-results\polish-Polish-Mobile-Tablet-layout-adapts-at-tablet-width-chromium-retry1\error-context.md

    Retry #2 ΓöÇΓöÇΓöÇΓöÇΓöÇΓöÇΓöÇΓöÇΓöÇΓöÇΓöÇΓöÇΓöÇΓöÇΓöÇΓöÇΓöÇΓöÇΓöÇΓöÇΓöÇΓöÇΓöÇΓöÇΓöÇΓöÇΓöÇΓöÇΓöÇΓöÇΓöÇΓöÇΓöÇΓöÇΓöÇΓöÇΓöÇΓöÇΓöÇΓöÇΓöÇΓöÇΓöÇΓöÇΓöÇΓöÇΓöÇΓöÇΓöÇΓöÇΓöÇΓöÇΓöÇΓöÇΓöÇΓöÇΓöÇΓöÇΓöÇΓöÇΓöÇΓöÇΓöÇΓöÇΓöÇΓöÇΓöÇΓöÇΓöÇΓöÇΓöÇΓöÇΓöÇΓöÇΓöÇΓöÇΓöÇΓöÇΓöÇΓöÇΓöÇΓöÇΓöÇΓöÇΓöÇΓöÇΓöÇ

    Error: page.goto: net::ERR_CONNECTION_REFUSED at http://localhost:3000/login
    Call log:
    [2m  - navigating to "http://localhost:3000/login", waiting until "load"[22m


      34 |   await svc.from('login_attempts').delete().eq('email', email.toLowerCase());
      35 |
    > 36 |   await page.goto('/login');
         |              ^
      37 |   await page.getByLabel('Email').fill(email);
      38 |   await page.getByLabel('Password').fill(SEED_PASSWORD);
      39 |   await page.getByRole('button', { name: 'Log in' }).click();
        at loginAs (C:\survey.js\supabase-helpdesk\tests\e2e\polish.spec.ts:36:14)
        at C:\survey.js\supabase-helpdesk\tests\e2e\polish.spec.ts:131:7

    attachment #1: screenshot (image/png) ΓöÇΓöÇΓöÇΓöÇΓöÇΓöÇΓöÇΓöÇΓöÇΓöÇΓöÇΓöÇΓöÇΓöÇΓöÇΓöÇΓöÇΓöÇΓöÇΓöÇΓöÇΓöÇΓöÇΓöÇΓöÇΓöÇΓöÇΓöÇΓöÇΓöÇΓöÇΓöÇΓöÇΓöÇΓöÇΓöÇΓöÇΓöÇΓöÇΓöÇΓöÇΓöÇΓöÇΓöÇΓöÇΓöÇΓöÇΓöÇΓöÇΓöÇΓöÇΓöÇΓöÇΓöÇΓöÇΓöÇΓöÇΓöÇ
    test-results\polish-Polish-Mobile-Tablet-layout-adapts-at-tablet-width-chromium-retry2\test-failed-1.png
    ΓöÇΓöÇΓöÇΓöÇΓöÇΓöÇΓöÇΓöÇΓöÇΓöÇΓöÇΓöÇΓöÇΓöÇΓöÇΓöÇΓöÇΓöÇΓöÇΓöÇΓöÇΓöÇΓöÇΓöÇΓöÇΓöÇΓöÇΓöÇΓöÇΓöÇΓöÇΓöÇΓöÇΓöÇΓöÇΓöÇΓöÇΓöÇΓöÇΓöÇΓöÇΓöÇΓöÇΓöÇΓöÇΓöÇΓöÇΓöÇΓöÇΓöÇΓöÇΓöÇΓöÇΓöÇΓöÇΓöÇΓöÇΓöÇΓöÇΓöÇΓöÇΓöÇΓöÇΓöÇΓöÇΓöÇΓöÇΓöÇΓöÇΓöÇΓöÇΓöÇΓöÇΓöÇΓöÇΓöÇΓöÇΓöÇΓöÇΓöÇΓöÇΓöÇΓöÇΓöÇΓöÇΓöÇΓöÇΓöÇΓöÇΓöÇΓöÇΓöÇΓöÇΓöÇΓöÇΓöÇ

    Error Context: test-results\polish-Polish-Mobile-Tablet-layout-adapts-at-tablet-width-chromium-retry2\error-context.md


[1A[2K  34) [chromium] ΓÇ║ tests\e2e\polish.spec.ts:114:9 ΓÇ║ Polish ΓÇ║ Mobile Responsive ΓÇ║ touch targets are at least 44x44px 

    Error: page.goto: net::ERR_CONNECTION_REFUSED at http://localhost:3000/login
    Call log:
    [2m  - navigating to "http://localhost:3000/login", waiting until "load"[22m


      34 |   await svc.from('login_attempts').delete().eq('email', email.toLowerCase());
      35 |
    > 36 |   await page.goto('/login');
         |              ^
      37 |   await page.getByLabel('Email').fill(email);
      38 |   await page.getByLabel('Password').fill(SEED_PASSWORD);
      39 |   await page.getByRole('button', { name: 'Log in' }).click();
        at loginAs (C:\survey.js\supabase-helpdesk\tests\e2e\polish.spec.ts:36:14)
        at C:\survey.js\supabase-helpdesk\tests\e2e\polish.spec.ts:115:7

    attachment #1: screenshot (image/png) ΓöÇΓöÇΓöÇΓöÇΓöÇΓöÇΓöÇΓöÇΓöÇΓöÇΓöÇΓöÇΓöÇΓöÇΓöÇΓöÇΓöÇΓöÇΓöÇΓöÇΓöÇΓöÇΓöÇΓöÇΓöÇΓöÇΓöÇΓöÇΓöÇΓöÇΓöÇΓöÇΓöÇΓöÇΓöÇΓöÇΓöÇΓöÇΓöÇΓöÇΓöÇΓöÇΓöÇΓöÇΓöÇΓöÇΓöÇΓöÇΓöÇΓöÇΓöÇΓöÇΓöÇΓöÇΓöÇΓöÇΓöÇΓöÇ
    test-results\polish-Polish-Mobile-Respo-536de-argets-are-at-least-44x44px-chromium\test-failed-1.png
    ΓöÇΓöÇΓöÇΓöÇΓöÇΓöÇΓöÇΓöÇΓöÇΓöÇΓöÇΓöÇΓöÇΓöÇΓöÇΓöÇΓöÇΓöÇΓöÇΓöÇΓöÇΓöÇΓöÇΓöÇΓöÇΓöÇΓöÇΓöÇΓöÇΓöÇΓöÇΓöÇΓöÇΓöÇΓöÇΓöÇΓöÇΓöÇΓöÇΓöÇΓöÇΓöÇΓöÇΓöÇΓöÇΓöÇΓöÇΓöÇΓöÇΓöÇΓöÇΓöÇΓöÇΓöÇΓöÇΓöÇΓöÇΓöÇΓöÇΓöÇΓöÇΓöÇΓöÇΓöÇΓöÇΓöÇΓöÇΓöÇΓöÇΓöÇΓöÇΓöÇΓöÇΓöÇΓöÇΓöÇΓöÇΓöÇΓöÇΓöÇΓöÇΓöÇΓöÇΓöÇΓöÇΓöÇΓöÇΓöÇΓöÇΓöÇΓöÇΓöÇΓöÇΓöÇΓöÇΓöÇ

    Error Context: test-results\polish-Polish-Mobile-Respo-536de-argets-are-at-least-44x44px-chromium\error-context.md

    Retry #1 ΓöÇΓöÇΓöÇΓöÇΓöÇΓöÇΓöÇΓöÇΓöÇΓöÇΓöÇΓöÇΓöÇΓöÇΓöÇΓöÇΓöÇΓöÇΓöÇΓöÇΓöÇΓöÇΓöÇΓöÇΓöÇΓöÇΓöÇΓöÇΓöÇΓöÇΓöÇΓöÇΓöÇΓöÇΓöÇΓöÇΓöÇΓöÇΓöÇΓöÇΓöÇΓöÇΓöÇΓöÇΓöÇΓöÇΓöÇΓöÇΓöÇΓöÇΓöÇΓöÇΓöÇΓöÇΓöÇΓöÇΓöÇΓöÇΓöÇΓöÇΓöÇΓöÇΓöÇΓöÇΓöÇΓöÇΓöÇΓöÇΓöÇΓöÇΓöÇΓöÇΓöÇΓöÇΓöÇΓöÇΓöÇΓöÇΓöÇΓöÇΓöÇΓöÇΓöÇΓöÇΓöÇΓöÇΓöÇ

    Error: page.goto: net::ERR_CONNECTION_REFUSED at http://localhost:3000/login
    Call log:
    [2m  - navigating to "http://localhost:3000/login", waiting until "load"[22m


      34 |   await svc.from('login_attempts').delete().eq('email', email.toLowerCase());
      35 |
    > 36 |   await page.goto('/login');
         |              ^
      37 |   await page.getByLabel('Email').fill(email);
      38 |   await page.getByLabel('Password').fill(SEED_PASSWORD);
      39 |   await page.getByRole('button', { name: 'Log in' }).click();
        at loginAs (C:\survey.js\supabase-helpdesk\tests\e2e\polish.spec.ts:36:14)
        at C:\survey.js\supabase-helpdesk\tests\e2e\polish.spec.ts:115:7

    attachment #1: screenshot (image/png) ΓöÇΓöÇΓöÇΓöÇΓöÇΓöÇΓöÇΓöÇΓöÇΓöÇΓöÇΓöÇΓöÇΓöÇΓöÇΓöÇΓöÇΓöÇΓöÇΓöÇΓöÇΓöÇΓöÇΓöÇΓöÇΓöÇΓöÇΓöÇΓöÇΓöÇΓöÇΓöÇΓöÇΓöÇΓöÇΓöÇΓöÇΓöÇΓöÇΓöÇΓöÇΓöÇΓöÇΓöÇΓöÇΓöÇΓöÇΓöÇΓöÇΓöÇΓöÇΓöÇΓöÇΓöÇΓöÇΓöÇΓöÇΓöÇ
    test-results\polish-Polish-Mobile-Respo-536de-argets-are-at-least-44x44px-chromium-retry1\test-failed-1.png
    ΓöÇΓöÇΓöÇΓöÇΓöÇΓöÇΓöÇΓöÇΓöÇΓöÇΓöÇΓöÇΓöÇΓöÇΓöÇΓöÇΓöÇΓöÇΓöÇΓöÇΓöÇΓöÇΓöÇΓöÇΓöÇΓöÇΓöÇΓöÇΓöÇΓöÇΓöÇΓöÇΓöÇΓöÇΓöÇΓöÇΓöÇΓöÇΓöÇΓöÇΓöÇΓöÇΓöÇΓöÇΓöÇΓöÇΓöÇΓöÇΓöÇΓöÇΓöÇΓöÇΓöÇΓöÇΓöÇΓöÇΓöÇΓöÇΓöÇΓöÇΓöÇΓöÇΓöÇΓöÇΓöÇΓöÇΓöÇΓöÇΓöÇΓöÇΓöÇΓöÇΓöÇΓöÇΓöÇΓöÇΓöÇΓöÇΓöÇΓöÇΓöÇΓöÇΓöÇΓöÇΓöÇΓöÇΓöÇΓöÇΓöÇΓöÇΓöÇΓöÇΓöÇΓöÇΓöÇΓöÇ

    Error Context: test-results\polish-Polish-Mobile-Respo-536de-argets-are-at-least-44x44px-chromium-retry1\error-context.md

    Retry #2 ΓöÇΓöÇΓöÇΓöÇΓöÇΓöÇΓöÇΓöÇΓöÇΓöÇΓöÇΓöÇΓöÇΓöÇΓöÇΓöÇΓöÇΓöÇΓöÇΓöÇΓöÇΓöÇΓöÇΓöÇΓöÇΓöÇΓöÇΓöÇΓöÇΓöÇΓöÇΓöÇΓöÇΓöÇΓöÇΓöÇΓöÇΓöÇΓöÇΓöÇΓöÇΓöÇΓöÇΓöÇΓöÇΓöÇΓöÇΓöÇΓöÇΓöÇΓöÇΓöÇΓöÇΓöÇΓöÇΓöÇΓöÇΓöÇΓöÇΓöÇΓöÇΓöÇΓöÇΓöÇΓöÇΓöÇΓöÇΓöÇΓöÇΓöÇΓöÇΓöÇΓöÇΓöÇΓöÇΓöÇΓöÇΓöÇΓöÇΓöÇΓöÇΓöÇΓöÇΓöÇΓöÇΓöÇΓöÇ

    Error: page.goto: net::ERR_CONNECTION_REFUSED at http://localhost:3000/login
    Call log:
    [2m  - navigating to "http://localhost:3000/login", waiting until "load"[22m


      34 |   await svc.from('login_attempts').delete().eq('email', email.toLowerCase());
      35 |
    > 36 |   await page.goto('/login');
         |              ^
      37 |   await page.getByLabel('Email').fill(email);
      38 |   await page.getByLabel('Password').fill(SEED_PASSWORD);
      39 |   await page.getByRole('button', { name: 'Log in' }).click();
        at loginAs (C:\survey.js\supabase-helpdesk\tests\e2e\polish.spec.ts:36:14)
        at C:\survey.js\supabase-helpdesk\tests\e2e\polish.spec.ts:115:7

    attachment #1: screenshot (image/png) ΓöÇΓöÇΓöÇΓöÇΓöÇΓöÇΓöÇΓöÇΓöÇΓöÇΓöÇΓöÇΓöÇΓöÇΓöÇΓöÇΓöÇΓöÇΓöÇΓöÇΓöÇΓöÇΓöÇΓöÇΓöÇΓöÇΓöÇΓöÇΓöÇΓöÇΓöÇΓöÇΓöÇΓöÇΓöÇΓöÇΓöÇΓöÇΓöÇΓöÇΓöÇΓöÇΓöÇΓöÇΓöÇΓöÇΓöÇΓöÇΓöÇΓöÇΓöÇΓöÇΓöÇΓöÇΓöÇΓöÇΓöÇΓöÇ
    test-results\polish-Polish-Mobile-Respo-536de-argets-are-at-least-44x44px-chromium-retry2\test-failed-1.png
    ΓöÇΓöÇΓöÇΓöÇΓöÇΓöÇΓöÇΓöÇΓöÇΓöÇΓöÇΓöÇΓöÇΓöÇΓöÇΓöÇΓöÇΓöÇΓöÇΓöÇΓöÇΓöÇΓöÇΓöÇΓöÇΓöÇΓöÇΓöÇΓöÇΓöÇΓöÇΓöÇΓöÇΓöÇΓöÇΓöÇΓöÇΓöÇΓöÇΓöÇΓöÇΓöÇΓöÇΓöÇΓöÇΓöÇΓöÇΓöÇΓöÇΓöÇΓöÇΓöÇΓöÇΓöÇΓöÇΓöÇΓöÇΓöÇΓöÇΓöÇΓöÇΓöÇΓöÇΓöÇΓöÇΓöÇΓöÇΓöÇΓöÇΓöÇΓöÇΓöÇΓöÇΓöÇΓöÇΓöÇΓöÇΓöÇΓöÇΓöÇΓöÇΓöÇΓöÇΓöÇΓöÇΓöÇΓöÇΓöÇΓöÇΓöÇΓöÇΓöÇΓöÇΓöÇΓöÇΓöÇ

    Error Context: test-results\polish-Polish-Mobile-Respo-536de-argets-are-at-least-44x44px-chromium-retry2\error-context.md


[1A[2KΓùç injected env (0) from .env.test // tip: Γîü auth for agents [www.vestauth.com]

[1A[2K[445/350] [chromium] ΓÇ║ tests\e2e\polish.spec.ts:182:9 ΓÇ║ Polish ΓÇ║ Keyboard Navigation ΓÇ║ escape closes hamburger menu
[1A[2KΓùç injected env (0) from .env.test // tip: Γîÿ suppress logs { quiet: true }

[1A[2KΓùç injected env (0) from .env.test // tip: Γîÿ override existing { override: true }

[1A[2K[446/350] [chromium] ΓÇ║ tests\e2e\polish.spec.ts:202:9 ΓÇ║ Polish ΓÇ║ Error Pages ΓÇ║ CSAT page with invalid token shows error
[1A[2K[447/350] [chromium] ΓÇ║ tests\e2e\polish.spec.ts:196:9 ΓÇ║ Polish ΓÇ║ Error Pages ΓÇ║ 404 page shows for nonexistent path
[1A[2K  35) [chromium] ΓÇ║ tests\e2e\polish.spec.ts:168:9 ΓÇ║ Polish ΓÇ║ Keyboard Navigation ΓÇ║ skip-to-content link works 

    Error: page.goto: net::ERR_CONNECTION_REFUSED at http://localhost:3000/login
    Call log:
    [2m  - navigating to "http://localhost:3000/login", waiting until "load"[22m


      34 |   await svc.from('login_attempts').delete().eq('email', email.toLowerCase());
      35 |
    > 36 |   await page.goto('/login');
         |              ^
      37 |   await page.getByLabel('Email').fill(email);
      38 |   await page.getByLabel('Password').fill(SEED_PASSWORD);
      39 |   await page.getByRole('button', { name: 'Log in' }).click();
        at loginAs (C:\survey.js\supabase-helpdesk\tests\e2e\polish.spec.ts:36:14)
        at C:\survey.js\supabase-helpdesk\tests\e2e\polish.spec.ts:169:7

    attachment #1: screenshot (image/png) ΓöÇΓöÇΓöÇΓöÇΓöÇΓöÇΓöÇΓöÇΓöÇΓöÇΓöÇΓöÇΓöÇΓöÇΓöÇΓöÇΓöÇΓöÇΓöÇΓöÇΓöÇΓöÇΓöÇΓöÇΓöÇΓöÇΓöÇΓöÇΓöÇΓöÇΓöÇΓöÇΓöÇΓöÇΓöÇΓöÇΓöÇΓöÇΓöÇΓöÇΓöÇΓöÇΓöÇΓöÇΓöÇΓöÇΓöÇΓöÇΓöÇΓöÇΓöÇΓöÇΓöÇΓöÇΓöÇΓöÇΓöÇΓöÇ
    test-results\polish-Polish-Keyboard-Navigation-skip-to-content-link-works-chromium\test-failed-1.png
    ΓöÇΓöÇΓöÇΓöÇΓöÇΓöÇΓöÇΓöÇΓöÇΓöÇΓöÇΓöÇΓöÇΓöÇΓöÇΓöÇΓöÇΓöÇΓöÇΓöÇΓöÇΓöÇΓöÇΓöÇΓöÇΓöÇΓöÇΓöÇΓöÇΓöÇΓöÇΓöÇΓöÇΓöÇΓöÇΓöÇΓöÇΓöÇΓöÇΓöÇΓöÇΓöÇΓöÇΓöÇΓöÇΓöÇΓöÇΓöÇΓöÇΓöÇΓöÇΓöÇΓöÇΓöÇΓöÇΓöÇΓöÇΓöÇΓöÇΓöÇΓöÇΓöÇΓöÇΓöÇΓöÇΓöÇΓöÇΓöÇΓöÇΓöÇΓöÇΓöÇΓöÇΓöÇΓöÇΓöÇΓöÇΓöÇΓöÇΓöÇΓöÇΓöÇΓöÇΓöÇΓöÇΓöÇΓöÇΓöÇΓöÇΓöÇΓöÇΓöÇΓöÇΓöÇΓöÇΓöÇ

    Error Context: test-results\polish-Polish-Keyboard-Navigation-skip-to-content-link-works-chromium\error-context.md

    Retry #1 ΓöÇΓöÇΓöÇΓöÇΓöÇΓöÇΓöÇΓöÇΓöÇΓöÇΓöÇΓöÇΓöÇΓöÇΓöÇΓöÇΓöÇΓöÇΓöÇΓöÇΓöÇΓöÇΓöÇΓöÇΓöÇΓöÇΓöÇΓöÇΓöÇΓöÇΓöÇΓöÇΓöÇΓöÇΓöÇΓöÇΓöÇΓöÇΓöÇΓöÇΓöÇΓöÇΓöÇΓöÇΓöÇΓöÇΓöÇΓöÇΓöÇΓöÇΓöÇΓöÇΓöÇΓöÇΓöÇΓöÇΓöÇΓöÇΓöÇΓöÇΓöÇΓöÇΓöÇΓöÇΓöÇΓöÇΓöÇΓöÇΓöÇΓöÇΓöÇΓöÇΓöÇΓöÇΓöÇΓöÇΓöÇΓöÇΓöÇΓöÇΓöÇΓöÇΓöÇΓöÇΓöÇΓöÇΓöÇ

    Error: page.goto: net::ERR_CONNECTION_REFUSED at http://localhost:3000/login
    Call log:
    [2m  - navigating to "http://localhost:3000/login", waiting until "load"[22m


      34 |   await svc.from('login_attempts').delete().eq('email', email.toLowerCase());
      35 |
    > 36 |   await page.goto('/login');
         |              ^
      37 |   await page.getByLabel('Email').fill(email);
      38 |   await page.getByLabel('Password').fill(SEED_PASSWORD);
      39 |   await page.getByRole('button', { name: 'Log in' }).click();
        at loginAs (C:\survey.js\supabase-helpdesk\tests\e2e\polish.spec.ts:36:14)
        at C:\survey.js\supabase-helpdesk\tests\e2e\polish.spec.ts:169:7

    attachment #1: screenshot (image/png) ΓöÇΓöÇΓöÇΓöÇΓöÇΓöÇΓöÇΓöÇΓöÇΓöÇΓöÇΓöÇΓöÇΓöÇΓöÇΓöÇΓöÇΓöÇΓöÇΓöÇΓöÇΓöÇΓöÇΓöÇΓöÇΓöÇΓöÇΓöÇΓöÇΓöÇΓöÇΓöÇΓöÇΓöÇΓöÇΓöÇΓöÇΓöÇΓöÇΓöÇΓöÇΓöÇΓöÇΓöÇΓöÇΓöÇΓöÇΓöÇΓöÇΓöÇΓöÇΓöÇΓöÇΓöÇΓöÇΓöÇΓöÇΓöÇ
    test-results\polish-Polish-Keyboard-Navigation-skip-to-content-link-works-chromium-retry1\test-failed-1.png
    ΓöÇΓöÇΓöÇΓöÇΓöÇΓöÇΓöÇΓöÇΓöÇΓöÇΓöÇΓöÇΓöÇΓöÇΓöÇΓöÇΓöÇΓöÇΓöÇΓöÇΓöÇΓöÇΓöÇΓöÇΓöÇΓöÇΓöÇΓöÇΓöÇΓöÇΓöÇΓöÇΓöÇΓöÇΓöÇΓöÇΓöÇΓöÇΓöÇΓöÇΓöÇΓöÇΓöÇΓöÇΓöÇΓöÇΓöÇΓöÇΓöÇΓöÇΓöÇΓöÇΓöÇΓöÇΓöÇΓöÇΓöÇΓöÇΓöÇΓöÇΓöÇΓöÇΓöÇΓöÇΓöÇΓöÇΓöÇΓöÇΓöÇΓöÇΓöÇΓöÇΓöÇΓöÇΓöÇΓöÇΓöÇΓöÇΓöÇΓöÇΓöÇΓöÇΓöÇΓöÇΓöÇΓöÇΓöÇΓöÇΓöÇΓöÇΓöÇΓöÇΓöÇΓöÇΓöÇΓöÇ

    Error Context: test-results\polish-Polish-Keyboard-Navigation-skip-to-content-link-works-chromium-retry1\error-context.md

    Retry #2 ΓöÇΓöÇΓöÇΓöÇΓöÇΓöÇΓöÇΓöÇΓöÇΓöÇΓöÇΓöÇΓöÇΓöÇΓöÇΓöÇΓöÇΓöÇΓöÇΓöÇΓöÇΓöÇΓöÇΓöÇΓöÇΓöÇΓöÇΓöÇΓöÇΓöÇΓöÇΓöÇΓöÇΓöÇΓöÇΓöÇΓöÇΓöÇΓöÇΓöÇΓöÇΓöÇΓöÇΓöÇΓöÇΓöÇΓöÇΓöÇΓöÇΓöÇΓöÇΓöÇΓöÇΓöÇΓöÇΓöÇΓöÇΓöÇΓöÇΓöÇΓöÇΓöÇΓöÇΓöÇΓöÇΓöÇΓöÇΓöÇΓöÇΓöÇΓöÇΓöÇΓöÇΓöÇΓöÇΓöÇΓöÇΓöÇΓöÇΓöÇΓöÇΓöÇΓöÇΓöÇΓöÇΓöÇΓöÇ

    Error: page.goto: net::ERR_CONNECTION_REFUSED at http://localhost:3000/login
    Call log:
    [2m  - navigating to "http://localhost:3000/login", waiting until "load"[22m


      34 |   await svc.from('login_attempts').delete().eq('email', email.toLowerCase());
      35 |
    > 36 |   await page.goto('/login');
         |              ^
      37 |   await page.getByLabel('Email').fill(email);
      38 |   await page.getByLabel('Password').fill(SEED_PASSWORD);
      39 |   await page.getByRole('button', { name: 'Log in' }).click();
        at loginAs (C:\survey.js\supabase-helpdesk\tests\e2e\polish.spec.ts:36:14)
        at C:\survey.js\supabase-helpdesk\tests\e2e\polish.spec.ts:169:7

    attachment #1: screenshot (image/png) ΓöÇΓöÇΓöÇΓöÇΓöÇΓöÇΓöÇΓöÇΓöÇΓöÇΓöÇΓöÇΓöÇΓöÇΓöÇΓöÇΓöÇΓöÇΓöÇΓöÇΓöÇΓöÇΓöÇΓöÇΓöÇΓöÇΓöÇΓöÇΓöÇΓöÇΓöÇΓöÇΓöÇΓöÇΓöÇΓöÇΓöÇΓöÇΓöÇΓöÇΓöÇΓöÇΓöÇΓöÇΓöÇΓöÇΓöÇΓöÇΓöÇΓöÇΓöÇΓöÇΓöÇΓöÇΓöÇΓöÇΓöÇΓöÇ
    test-results\polish-Polish-Keyboard-Navigation-skip-to-content-link-works-chromium-retry2\test-failed-1.png
    ΓöÇΓöÇΓöÇΓöÇΓöÇΓöÇΓöÇΓöÇΓöÇΓöÇΓöÇΓöÇΓöÇΓöÇΓöÇΓöÇΓöÇΓöÇΓöÇΓöÇΓöÇΓöÇΓöÇΓöÇΓöÇΓöÇΓöÇΓöÇΓöÇΓöÇΓöÇΓöÇΓöÇΓöÇΓöÇΓöÇΓöÇΓöÇΓöÇΓöÇΓöÇΓöÇΓöÇΓöÇΓöÇΓöÇΓöÇΓöÇΓöÇΓöÇΓöÇΓöÇΓöÇΓöÇΓöÇΓöÇΓöÇΓöÇΓöÇΓöÇΓöÇΓöÇΓöÇΓöÇΓöÇΓöÇΓöÇΓöÇΓöÇΓöÇΓöÇΓöÇΓöÇΓöÇΓöÇΓöÇΓöÇΓöÇΓöÇΓöÇΓöÇΓöÇΓöÇΓöÇΓöÇΓöÇΓöÇΓöÇΓöÇΓöÇΓöÇΓöÇΓöÇΓöÇΓöÇΓöÇ

    Error Context: test-results\polish-Polish-Keyboard-Navigation-skip-to-content-link-works-chromium-retry2\error-context.md


[1A[2KΓùç injected env (0) from .env.test // tip: Γùê secrets for agents [www.dotenvx.com]

[1A[2K[448/350] [chromium] ΓÇ║ tests\e2e\polish.spec.ts:210:9 ΓÇ║ Polish ΓÇ║ Content-Length Validation ΓÇ║ ticket title respects maxLength
[1A[2KΓùç injected env (0) from .env.test // tip: Γùê secrets for agents [www.dotenvx.com]

[1A[2K[449/350] (retries) [chromium] ΓÇ║ tests\e2e\polish.spec.ts:182:9 ΓÇ║ Polish ΓÇ║ Keyboard Navigation ΓÇ║ escape closes hamburger menu (retry #1)
[1A[2KΓùç injected env (0) from .env.test // tip: Γîÿ custom filepath { path: '/custom/path/.env' }

[1A[2K[450/350] (retries) [chromium] ΓÇ║ tests\e2e\polish.spec.ts:202:9 ΓÇ║ Polish ΓÇ║ Error Pages ΓÇ║ CSAT page with invalid token shows error (retry #1)
[1A[2KΓùç injected env (0) from .env.test // tip: Γîÿ custom filepath { path: '/custom/path/.env' }

[1A[2K[451/350] (retries) [chromium] ΓÇ║ tests\e2e\polish.spec.ts:196:9 ΓÇ║ Polish ΓÇ║ Error Pages ΓÇ║ 404 page shows for nonexistent path (retry #1)
[1A[2KΓùç injected env (0) from .env.test // tip: Γîÿ enable debugging { debug: true }

[1A[2K[452/350] (retries) [chromium] ΓÇ║ tests\e2e\polish.spec.ts:210:9 ΓÇ║ Polish ΓÇ║ Content-Length Validation ΓÇ║ ticket title respects maxLength (retry #1)
[1A[2KΓùç injected env (0) from .env.test // tip: Γîÿ multiple files { path: ['.env.local', '.env'] }

[1A[2K[453/350] (retries) [chromium] ΓÇ║ tests\e2e\polish.spec.ts:182:9 ΓÇ║ Polish ΓÇ║ Keyboard Navigation ΓÇ║ escape closes hamburger menu (retry #2)
[1A[2KΓùç injected env (0) from .env.test // tip: Γîÿ multiple files { path: ['.env.local', '.env'] }

[1A[2K[454/350] (retries) [chromium] ΓÇ║ tests\e2e\polish.spec.ts:202:9 ΓÇ║ Polish ΓÇ║ Error Pages ΓÇ║ CSAT page with invalid token shows error (retry #2)
[1A[2KΓùç injected env (0) from .env.test // tip: Γîÿ custom filepath { path: '/custom/path/.env' }

[1A[2K[455/350] (retries) [chromium] ΓÇ║ tests\e2e\polish.spec.ts:196:9 ΓÇ║ Polish ΓÇ║ Error Pages ΓÇ║ 404 page shows for nonexistent path (retry #2)
[1A[2KΓùç injected env (0) from .env.test // tip: Γîÿ enable debugging { debug: true }

[1A[2K[456/350] (retries) [chromium] ΓÇ║ tests\e2e\polish.spec.ts:210:9 ΓÇ║ Polish ΓÇ║ Content-Length Validation ΓÇ║ ticket title respects maxLength (retry #2)
[1A[2K  36) [chromium] ΓÇ║ tests\e2e\polish.spec.ts:202:9 ΓÇ║ Polish ΓÇ║ Error Pages ΓÇ║ CSAT page with invalid token shows error 

    Error: page.goto: net::ERR_CONNECTION_REFUSED at http://localhost:3000/csat/invalid-token-12345
    Call log:
    [2m  - navigating to "http://localhost:3000/csat/invalid-token-12345", waiting until "load"[22m


      201 |
      202 |     test('CSAT page with invalid token shows error', async ({ page }) => {
    > 203 |       await page.goto('/csat/invalid-token-12345');
          |                  ^
      204 |       await page.waitForLoadState('networkidle');
      205 |       await expect(page.locator('body')).toContainText(/invalid|expired|error|not found/i);
      206 |     });
        at C:\survey.js\supabase-helpdesk\tests\e2e\polish.spec.ts:203:18

    attachment #1: screenshot (image/png) ΓöÇΓöÇΓöÇΓöÇΓöÇΓöÇΓöÇΓöÇΓöÇΓöÇΓöÇΓöÇΓöÇΓöÇΓöÇΓöÇΓöÇΓöÇΓöÇΓöÇΓöÇΓöÇΓöÇΓöÇΓöÇΓöÇΓöÇΓöÇΓöÇΓöÇΓöÇΓöÇΓöÇΓöÇΓöÇΓöÇΓöÇΓöÇΓöÇΓöÇΓöÇΓöÇΓöÇΓöÇΓöÇΓöÇΓöÇΓöÇΓöÇΓöÇΓöÇΓöÇΓöÇΓöÇΓöÇΓöÇΓöÇΓöÇ
    test-results\polish-Polish-Error-Pages--19ed2-h-invalid-token-shows-error-chromium\test-failed-1.png
    ΓöÇΓöÇΓöÇΓöÇΓöÇΓöÇΓöÇΓöÇΓöÇΓöÇΓöÇΓöÇΓöÇΓöÇΓöÇΓöÇΓöÇΓöÇΓöÇΓöÇΓöÇΓöÇΓöÇΓöÇΓöÇΓöÇΓöÇΓöÇΓöÇΓöÇΓöÇΓöÇΓöÇΓöÇΓöÇΓöÇΓöÇΓöÇΓöÇΓöÇΓöÇΓöÇΓöÇΓöÇΓöÇΓöÇΓöÇΓöÇΓöÇΓöÇΓöÇΓöÇΓöÇΓöÇΓöÇΓöÇΓöÇΓöÇΓöÇΓöÇΓöÇΓöÇΓöÇΓöÇΓöÇΓöÇΓöÇΓöÇΓöÇΓöÇΓöÇΓöÇΓöÇΓöÇΓöÇΓöÇΓöÇΓöÇΓöÇΓöÇΓöÇΓöÇΓöÇΓöÇΓöÇΓöÇΓöÇΓöÇΓöÇΓöÇΓöÇΓöÇΓöÇΓöÇΓöÇΓöÇ

    Error Context: test-results\polish-Polish-Error-Pages--19ed2-h-invalid-token-shows-error-chromium\error-context.md

    Retry #1 ΓöÇΓöÇΓöÇΓöÇΓöÇΓöÇΓöÇΓöÇΓöÇΓöÇΓöÇΓöÇΓöÇΓöÇΓöÇΓöÇΓöÇΓöÇΓöÇΓöÇΓöÇΓöÇΓöÇΓöÇΓöÇΓöÇΓöÇΓöÇΓöÇΓöÇΓöÇΓöÇΓöÇΓöÇΓöÇΓöÇΓöÇΓöÇΓöÇΓöÇΓöÇΓöÇΓöÇΓöÇΓöÇΓöÇΓöÇΓöÇΓöÇΓöÇΓöÇΓöÇΓöÇΓöÇΓöÇΓöÇΓöÇΓöÇΓöÇΓöÇΓöÇΓöÇΓöÇΓöÇΓöÇΓöÇΓöÇΓöÇΓöÇΓöÇΓöÇΓöÇΓöÇΓöÇΓöÇΓöÇΓöÇΓöÇΓöÇΓöÇΓöÇΓöÇΓöÇΓöÇΓöÇΓöÇΓöÇ

    Error: page.goto: net::ERR_CONNECTION_REFUSED at http://localhost:3000/csat/invalid-token-12345
    Call log:
    [2m  - navigating to "http://localhost:3000/csat/invalid-token-12345", waiting until "load"[22m


      201 |
      202 |     test('CSAT page with invalid token shows error', async ({ page }) => {
    > 203 |       await page.goto('/csat/invalid-token-12345');
          |                  ^
      204 |       await page.waitForLoadState('networkidle');
      205 |       await expect(page.locator('body')).toContainText(/invalid|expired|error|not found/i);
      206 |     });
        at C:\survey.js\supabase-helpdesk\tests\e2e\polish.spec.ts:203:18

    attachment #1: screenshot (image/png) ΓöÇΓöÇΓöÇΓöÇΓöÇΓöÇΓöÇΓöÇΓöÇΓöÇΓöÇΓöÇΓöÇΓöÇΓöÇΓöÇΓöÇΓöÇΓöÇΓöÇΓöÇΓöÇΓöÇΓöÇΓöÇΓöÇΓöÇΓöÇΓöÇΓöÇΓöÇΓöÇΓöÇΓöÇΓöÇΓöÇΓöÇΓöÇΓöÇΓöÇΓöÇΓöÇΓöÇΓöÇΓöÇΓöÇΓöÇΓöÇΓöÇΓöÇΓöÇΓöÇΓöÇΓöÇΓöÇΓöÇΓöÇΓöÇ
    test-results\polish-Polish-Error-Pages--19ed2-h-invalid-token-shows-error-chromium-retry1\test-failed-1.png
    ΓöÇΓöÇΓöÇΓöÇΓöÇΓöÇΓöÇΓöÇΓöÇΓöÇΓöÇΓöÇΓöÇΓöÇΓöÇΓöÇΓöÇΓöÇΓöÇΓöÇΓöÇΓöÇΓöÇΓöÇΓöÇΓöÇΓöÇΓöÇΓöÇΓöÇΓöÇΓöÇΓöÇΓöÇΓöÇΓöÇΓöÇΓöÇΓöÇΓöÇΓöÇΓöÇΓöÇΓöÇΓöÇΓöÇΓöÇΓöÇΓöÇΓöÇΓöÇΓöÇΓöÇΓöÇΓöÇΓöÇΓöÇΓöÇΓöÇΓöÇΓöÇΓöÇΓöÇΓöÇΓöÇΓöÇΓöÇΓöÇΓöÇΓöÇΓöÇΓöÇΓöÇΓöÇΓöÇΓöÇΓöÇΓöÇΓöÇΓöÇΓöÇΓöÇΓöÇΓöÇΓöÇΓöÇΓöÇΓöÇΓöÇΓöÇΓöÇΓöÇΓöÇΓöÇΓöÇΓöÇ

    Error Context: test-results\polish-Polish-Error-Pages--19ed2-h-invalid-token-shows-error-chromium-retry1\error-context.md

    Retry #2 ΓöÇΓöÇΓöÇΓöÇΓöÇΓöÇΓöÇΓöÇΓöÇΓöÇΓöÇΓöÇΓöÇΓöÇΓöÇΓöÇΓöÇΓöÇΓöÇΓöÇΓöÇΓöÇΓöÇΓöÇΓöÇΓöÇΓöÇΓöÇΓöÇΓöÇΓöÇΓöÇΓöÇΓöÇΓöÇΓöÇΓöÇΓöÇΓöÇΓöÇΓöÇΓöÇΓöÇΓöÇΓöÇΓöÇΓöÇΓöÇΓöÇΓöÇΓöÇΓöÇΓöÇΓöÇΓöÇΓöÇΓöÇΓöÇΓöÇΓöÇΓöÇΓöÇΓöÇΓöÇΓöÇΓöÇΓöÇΓöÇΓöÇΓöÇΓöÇΓöÇΓöÇΓöÇΓöÇΓöÇΓöÇΓöÇΓöÇΓöÇΓöÇΓöÇΓöÇΓöÇΓöÇΓöÇΓöÇ

    Error: page.goto: net::ERR_CONNECTION_REFUSED at http://localhost:3000/csat/invalid-token-12345
    Call log:
    [2m  - navigating to "http://localhost:3000/csat/invalid-token-12345", waiting until "load"[22m


      201 |
      202 |     test('CSAT page with invalid token shows error', async ({ page }) => {
    > 203 |       await page.goto('/csat/invalid-token-12345');
          |                  ^
      204 |       await page.waitForLoadState('networkidle');
      205 |       await expect(page.locator('body')).toContainText(/invalid|expired|error|not found/i);
      206 |     });
        at C:\survey.js\supabase-helpdesk\tests\e2e\polish.spec.ts:203:18

    attachment #1: screenshot (image/png) ΓöÇΓöÇΓöÇΓöÇΓöÇΓöÇΓöÇΓöÇΓöÇΓöÇΓöÇΓöÇΓöÇΓöÇΓöÇΓöÇΓöÇΓöÇΓöÇΓöÇΓöÇΓöÇΓöÇΓöÇΓöÇΓöÇΓöÇΓöÇΓöÇΓöÇΓöÇΓöÇΓöÇΓöÇΓöÇΓöÇΓöÇΓöÇΓöÇΓöÇΓöÇΓöÇΓöÇΓöÇΓöÇΓöÇΓöÇΓöÇΓöÇΓöÇΓöÇΓöÇΓöÇΓöÇΓöÇΓöÇΓöÇΓöÇ
    test-results\polish-Polish-Error-Pages--19ed2-h-invalid-token-shows-error-chromium-retry2\test-failed-1.png
    ΓöÇΓöÇΓöÇΓöÇΓöÇΓöÇΓöÇΓöÇΓöÇΓöÇΓöÇΓöÇΓöÇΓöÇΓöÇΓöÇΓöÇΓöÇΓöÇΓöÇΓöÇΓöÇΓöÇΓöÇΓöÇΓöÇΓöÇΓöÇΓöÇΓöÇΓöÇΓöÇΓöÇΓöÇΓöÇΓöÇΓöÇΓöÇΓöÇΓöÇΓöÇΓöÇΓöÇΓöÇΓöÇΓöÇΓöÇΓöÇΓöÇΓöÇΓöÇΓöÇΓöÇΓöÇΓöÇΓöÇΓöÇΓöÇΓöÇΓöÇΓöÇΓöÇΓöÇΓöÇΓöÇΓöÇΓöÇΓöÇΓöÇΓöÇΓöÇΓöÇΓöÇΓöÇΓöÇΓöÇΓöÇΓöÇΓöÇΓöÇΓöÇΓöÇΓöÇΓöÇΓöÇΓöÇΓöÇΓöÇΓöÇΓöÇΓöÇΓöÇΓöÇΓöÇΓöÇΓöÇ

    Error Context: test-results\polish-Polish-Error-Pages--19ed2-h-invalid-token-shows-error-chromium-retry2\error-context.md


[1A[2K  37) [chromium] ΓÇ║ tests\e2e\polish.spec.ts:196:9 ΓÇ║ Polish ΓÇ║ Error Pages ΓÇ║ 404 page shows for nonexistent path 

    Error: page.goto: net::ERR_CONNECTION_REFUSED at http://localhost:3000/this-does-not-exist-at-all
    Call log:
    [2m  - navigating to "http://localhost:3000/this-does-not-exist-at-all", waiting until "load"[22m


      195 |   test.describe('Error Pages', () => {
      196 |     test('404 page shows for nonexistent path', async ({ page }) => {
    > 197 |       await page.goto('/this-does-not-exist-at-all');
          |                  ^
      198 |       await expect(page.locator('body')).toContainText(/404|not found/i);
      199 |       await expect(page.locator('a[href="/"]').first()).toBeVisible();
      200 |     });
        at C:\survey.js\supabase-helpdesk\tests\e2e\polish.spec.ts:197:18

    attachment #1: screenshot (image/png) ΓöÇΓöÇΓöÇΓöÇΓöÇΓöÇΓöÇΓöÇΓöÇΓöÇΓöÇΓöÇΓöÇΓöÇΓöÇΓöÇΓöÇΓöÇΓöÇΓöÇΓöÇΓöÇΓöÇΓöÇΓöÇΓöÇΓöÇΓöÇΓöÇΓöÇΓöÇΓöÇΓöÇΓöÇΓöÇΓöÇΓöÇΓöÇΓöÇΓöÇΓöÇΓöÇΓöÇΓöÇΓöÇΓöÇΓöÇΓöÇΓöÇΓöÇΓöÇΓöÇΓöÇΓöÇΓöÇΓöÇΓöÇΓöÇ
    test-results\polish-Polish-Error-Pages--f9333--shows-for-nonexistent-path-chromium\test-failed-1.png
    ΓöÇΓöÇΓöÇΓöÇΓöÇΓöÇΓöÇΓöÇΓöÇΓöÇΓöÇΓöÇΓöÇΓöÇΓöÇΓöÇΓöÇΓöÇΓöÇΓöÇΓöÇΓöÇΓöÇΓöÇΓöÇΓöÇΓöÇΓöÇΓöÇΓöÇΓöÇΓöÇΓöÇΓöÇΓöÇΓöÇΓöÇΓöÇΓöÇΓöÇΓöÇΓöÇΓöÇΓöÇΓöÇΓöÇΓöÇΓöÇΓöÇΓöÇΓöÇΓöÇΓöÇΓöÇΓöÇΓöÇΓöÇΓöÇΓöÇΓöÇΓöÇΓöÇΓöÇΓöÇΓöÇΓöÇΓöÇΓöÇΓöÇΓöÇΓöÇΓöÇΓöÇΓöÇΓöÇΓöÇΓöÇΓöÇΓöÇΓöÇΓöÇΓöÇΓöÇΓöÇΓöÇΓöÇΓöÇΓöÇΓöÇΓöÇΓöÇΓöÇΓöÇΓöÇΓöÇΓöÇ

    Error Context: test-results\polish-Polish-Error-Pages--f9333--shows-for-nonexistent-path-chromium\error-context.md

    Retry #1 ΓöÇΓöÇΓöÇΓöÇΓöÇΓöÇΓöÇΓöÇΓöÇΓöÇΓöÇΓöÇΓöÇΓöÇΓöÇΓöÇΓöÇΓöÇΓöÇΓöÇΓöÇΓöÇΓöÇΓöÇΓöÇΓöÇΓöÇΓöÇΓöÇΓöÇΓöÇΓöÇΓöÇΓöÇΓöÇΓöÇΓöÇΓöÇΓöÇΓöÇΓöÇΓöÇΓöÇΓöÇΓöÇΓöÇΓöÇΓöÇΓöÇΓöÇΓöÇΓöÇΓöÇΓöÇΓöÇΓöÇΓöÇΓöÇΓöÇΓöÇΓöÇΓöÇΓöÇΓöÇΓöÇΓöÇΓöÇΓöÇΓöÇΓöÇΓöÇΓöÇΓöÇΓöÇΓöÇΓöÇΓöÇΓöÇΓöÇΓöÇΓöÇΓöÇΓöÇΓöÇΓöÇΓöÇΓöÇ

    Error: page.goto: net::ERR_CONNECTION_REFUSED at http://localhost:3000/this-does-not-exist-at-all
    Call log:
    [2m  - navigating to "http://localhost:3000/this-does-not-exist-at-all", waiting until "load"[22m


      195 |   test.describe('Error Pages', () => {
      196 |     test('404 page shows for nonexistent path', async ({ page }) => {
    > 197 |       await page.goto('/this-does-not-exist-at-all');
          |                  ^
      198 |       await expect(page.locator('body')).toContainText(/404|not found/i);
      199 |       await expect(page.locator('a[href="/"]').first()).toBeVisible();
      200 |     });
        at C:\survey.js\supabase-helpdesk\tests\e2e\polish.spec.ts:197:18

    attachment #1: screenshot (image/png) ΓöÇΓöÇΓöÇΓöÇΓöÇΓöÇΓöÇΓöÇΓöÇΓöÇΓöÇΓöÇΓöÇΓöÇΓöÇΓöÇΓöÇΓöÇΓöÇΓöÇΓöÇΓöÇΓöÇΓöÇΓöÇΓöÇΓöÇΓöÇΓöÇΓöÇΓöÇΓöÇΓöÇΓöÇΓöÇΓöÇΓöÇΓöÇΓöÇΓöÇΓöÇΓöÇΓöÇΓöÇΓöÇΓöÇΓöÇΓöÇΓöÇΓöÇΓöÇΓöÇΓöÇΓöÇΓöÇΓöÇΓöÇΓöÇ
    test-results\polish-Polish-Error-Pages--f9333--shows-for-nonexistent-path-chromium-retry1\test-failed-1.png
    ΓöÇΓöÇΓöÇΓöÇΓöÇΓöÇΓöÇΓöÇΓöÇΓöÇΓöÇΓöÇΓöÇΓöÇΓöÇΓöÇΓöÇΓöÇΓöÇΓöÇΓöÇΓöÇΓöÇΓöÇΓöÇΓöÇΓöÇΓöÇΓöÇΓöÇΓöÇΓöÇΓöÇΓöÇΓöÇΓöÇΓöÇΓöÇΓöÇΓöÇΓöÇΓöÇΓöÇΓöÇΓöÇΓöÇΓöÇΓöÇΓöÇΓöÇΓöÇΓöÇΓöÇΓöÇΓöÇΓöÇΓöÇΓöÇΓöÇΓöÇΓöÇΓöÇΓöÇΓöÇΓöÇΓöÇΓöÇΓöÇΓöÇΓöÇΓöÇΓöÇΓöÇΓöÇΓöÇΓöÇΓöÇΓöÇΓöÇΓöÇΓöÇΓöÇΓöÇΓöÇΓöÇΓöÇΓöÇΓöÇΓöÇΓöÇΓöÇΓöÇΓöÇΓöÇΓöÇΓöÇ

    Error Context: test-results\polish-Polish-Error-Pages--f9333--shows-for-nonexistent-path-chromium-retry1\error-context.md

    Retry #2 ΓöÇΓöÇΓöÇΓöÇΓöÇΓöÇΓöÇΓöÇΓöÇΓöÇΓöÇΓöÇΓöÇΓöÇΓöÇΓöÇΓöÇΓöÇΓöÇΓöÇΓöÇΓöÇΓöÇΓöÇΓöÇΓöÇΓöÇΓöÇΓöÇΓöÇΓöÇΓöÇΓöÇΓöÇΓöÇΓöÇΓöÇΓöÇΓöÇΓöÇΓöÇΓöÇΓöÇΓöÇΓöÇΓöÇΓöÇΓöÇΓöÇΓöÇΓöÇΓöÇΓöÇΓöÇΓöÇΓöÇΓöÇΓöÇΓöÇΓöÇΓöÇΓöÇΓöÇΓöÇΓöÇΓöÇΓöÇΓöÇΓöÇΓöÇΓöÇΓöÇΓöÇΓöÇΓöÇΓöÇΓöÇΓöÇΓöÇΓöÇΓöÇΓöÇΓöÇΓöÇΓöÇΓöÇΓöÇ

    Error: page.goto: net::ERR_CONNECTION_REFUSED at http://localhost:3000/this-does-not-exist-at-all
    Call log:
    [2m  - navigating to "http://localhost:3000/this-does-not-exist-at-all", waiting until "load"[22m


      195 |   test.describe('Error Pages', () => {
      196 |     test('404 page shows for nonexistent path', async ({ page }) => {
    > 197 |       await page.goto('/this-does-not-exist-at-all');
          |                  ^
      198 |       await expect(page.locator('body')).toContainText(/404|not found/i);
      199 |       await expect(page.locator('a[href="/"]').first()).toBeVisible();
      200 |     });
        at C:\survey.js\supabase-helpdesk\tests\e2e\polish.spec.ts:197:18

    attachment #1: screenshot (image/png) ΓöÇΓöÇΓöÇΓöÇΓöÇΓöÇΓöÇΓöÇΓöÇΓöÇΓöÇΓöÇΓöÇΓöÇΓöÇΓöÇΓöÇΓöÇΓöÇΓöÇΓöÇΓöÇΓöÇΓöÇΓöÇΓöÇΓöÇΓöÇΓöÇΓöÇΓöÇΓöÇΓöÇΓöÇΓöÇΓöÇΓöÇΓöÇΓöÇΓöÇΓöÇΓöÇΓöÇΓöÇΓöÇΓöÇΓöÇΓöÇΓöÇΓöÇΓöÇΓöÇΓöÇΓöÇΓöÇΓöÇΓöÇΓöÇ
    test-results\polish-Polish-Error-Pages--f9333--shows-for-nonexistent-path-chromium-retry2\test-failed-1.png
    ΓöÇΓöÇΓöÇΓöÇΓöÇΓöÇΓöÇΓöÇΓöÇΓöÇΓöÇΓöÇΓöÇΓöÇΓöÇΓöÇΓöÇΓöÇΓöÇΓöÇΓöÇΓöÇΓöÇΓöÇΓöÇΓöÇΓöÇΓöÇΓöÇΓöÇΓöÇΓöÇΓöÇΓöÇΓöÇΓöÇΓöÇΓöÇΓöÇΓöÇΓöÇΓöÇΓöÇΓöÇΓöÇΓöÇΓöÇΓöÇΓöÇΓöÇΓöÇΓöÇΓöÇΓöÇΓöÇΓöÇΓöÇΓöÇΓöÇΓöÇΓöÇΓöÇΓöÇΓöÇΓöÇΓöÇΓöÇΓöÇΓöÇΓöÇΓöÇΓöÇΓöÇΓöÇΓöÇΓöÇΓöÇΓöÇΓöÇΓöÇΓöÇΓöÇΓöÇΓöÇΓöÇΓöÇΓöÇΓöÇΓöÇΓöÇΓöÇΓöÇΓöÇΓöÇΓöÇΓöÇ

    Error Context: test-results\polish-Polish-Error-Pages--f9333--shows-for-nonexistent-path-chromium-retry2\error-context.md


[1A[2K  38) [chromium] ΓÇ║ tests\e2e\polish.spec.ts:182:9 ΓÇ║ Polish ΓÇ║ Keyboard Navigation ΓÇ║ escape closes hamburger menu 

    Error: page.goto: net::ERR_CONNECTION_REFUSED at http://localhost:3000/login
    Call log:
    [2m  - navigating to "http://localhost:3000/login", waiting until "load"[22m


      34 |   await svc.from('login_attempts').delete().eq('email', email.toLowerCase());
      35 |
    > 36 |   await page.goto('/login');
         |              ^
      37 |   await page.getByLabel('Email').fill(email);
      38 |   await page.getByLabel('Password').fill(SEED_PASSWORD);
      39 |   await page.getByRole('button', { name: 'Log in' }).click();
        at loginAs (C:\survey.js\supabase-helpdesk\tests\e2e\polish.spec.ts:36:14)
        at C:\survey.js\supabase-helpdesk\tests\e2e\polish.spec.ts:184:7

    attachment #1: screenshot (image/png) ΓöÇΓöÇΓöÇΓöÇΓöÇΓöÇΓöÇΓöÇΓöÇΓöÇΓöÇΓöÇΓöÇΓöÇΓöÇΓöÇΓöÇΓöÇΓöÇΓöÇΓöÇΓöÇΓöÇΓöÇΓöÇΓöÇΓöÇΓöÇΓöÇΓöÇΓöÇΓöÇΓöÇΓöÇΓöÇΓöÇΓöÇΓöÇΓöÇΓöÇΓöÇΓöÇΓöÇΓöÇΓöÇΓöÇΓöÇΓöÇΓöÇΓöÇΓöÇΓöÇΓöÇΓöÇΓöÇΓöÇΓöÇΓöÇ
    test-results\polish-Polish-Keyboard-Nav-3715e-scape-closes-hamburger-menu-chromium\test-failed-1.png
    ΓöÇΓöÇΓöÇΓöÇΓöÇΓöÇΓöÇΓöÇΓöÇΓöÇΓöÇΓöÇΓöÇΓöÇΓöÇΓöÇΓöÇΓöÇΓöÇΓöÇΓöÇΓöÇΓöÇΓöÇΓöÇΓöÇΓöÇΓöÇΓöÇΓöÇΓöÇΓöÇΓöÇΓöÇΓöÇΓöÇΓöÇΓöÇΓöÇΓöÇΓöÇΓöÇΓöÇΓöÇΓöÇΓöÇΓöÇΓöÇΓöÇΓöÇΓöÇΓöÇΓöÇΓöÇΓöÇΓöÇΓöÇΓöÇΓöÇΓöÇΓöÇΓöÇΓöÇΓöÇΓöÇΓöÇΓöÇΓöÇΓöÇΓöÇΓöÇΓöÇΓöÇΓöÇΓöÇΓöÇΓöÇΓöÇΓöÇΓöÇΓöÇΓöÇΓöÇΓöÇΓöÇΓöÇΓöÇΓöÇΓöÇΓöÇΓöÇΓöÇΓöÇΓöÇΓöÇΓöÇ

    Error Context: test-results\polish-Polish-Keyboard-Nav-3715e-scape-closes-hamburger-menu-chromium\error-context.md

    Retry #1 ΓöÇΓöÇΓöÇΓöÇΓöÇΓöÇΓöÇΓöÇΓöÇΓöÇΓöÇΓöÇΓöÇΓöÇΓöÇΓöÇΓöÇΓöÇΓöÇΓöÇΓöÇΓöÇΓöÇΓöÇΓöÇΓöÇΓöÇΓöÇΓöÇΓöÇΓöÇΓöÇΓöÇΓöÇΓöÇΓöÇΓöÇΓöÇΓöÇΓöÇΓöÇΓöÇΓöÇΓöÇΓöÇΓöÇΓöÇΓöÇΓöÇΓöÇΓöÇΓöÇΓöÇΓöÇΓöÇΓöÇΓöÇΓöÇΓöÇΓöÇΓöÇΓöÇΓöÇΓöÇΓöÇΓöÇΓöÇΓöÇΓöÇΓöÇΓöÇΓöÇΓöÇΓöÇΓöÇΓöÇΓöÇΓöÇΓöÇΓöÇΓöÇΓöÇΓöÇΓöÇΓöÇΓöÇΓöÇ

    Error: page.goto: net::ERR_CONNECTION_REFUSED at http://localhost:3000/login
    Call log:
    [2m  - navigating to "http://localhost:3000/login", waiting until "load"[22m


      34 |   await svc.from('login_attempts').delete().eq('email', email.toLowerCase());
      35 |
    > 36 |   await page.goto('/login');
         |              ^
      37 |   await page.getByLabel('Email').fill(email);
      38 |   await page.getByLabel('Password').fill(SEED_PASSWORD);
      39 |   await page.getByRole('button', { name: 'Log in' }).click();
        at loginAs (C:\survey.js\supabase-helpdesk\tests\e2e\polish.spec.ts:36:14)
        at C:\survey.js\supabase-helpdesk\tests\e2e\polish.spec.ts:184:7

    attachment #1: screenshot (image/png) ΓöÇΓöÇΓöÇΓöÇΓöÇΓöÇΓöÇΓöÇΓöÇΓöÇΓöÇΓöÇΓöÇΓöÇΓöÇΓöÇΓöÇΓöÇΓöÇΓöÇΓöÇΓöÇΓöÇΓöÇΓöÇΓöÇΓöÇΓöÇΓöÇΓöÇΓöÇΓöÇΓöÇΓöÇΓöÇΓöÇΓöÇΓöÇΓöÇΓöÇΓöÇΓöÇΓöÇΓöÇΓöÇΓöÇΓöÇΓöÇΓöÇΓöÇΓöÇΓöÇΓöÇΓöÇΓöÇΓöÇΓöÇΓöÇ
    test-results\polish-Polish-Keyboard-Nav-3715e-scape-closes-hamburger-menu-chromium-retry1\test-failed-1.png
    ΓöÇΓöÇΓöÇΓöÇΓöÇΓöÇΓöÇΓöÇΓöÇΓöÇΓöÇΓöÇΓöÇΓöÇΓöÇΓöÇΓöÇΓöÇΓöÇΓöÇΓöÇΓöÇΓöÇΓöÇΓöÇΓöÇΓöÇΓöÇΓöÇΓöÇΓöÇΓöÇΓöÇΓöÇΓöÇΓöÇΓöÇΓöÇΓöÇΓöÇΓöÇΓöÇΓöÇΓöÇΓöÇΓöÇΓöÇΓöÇΓöÇΓöÇΓöÇΓöÇΓöÇΓöÇΓöÇΓöÇΓöÇΓöÇΓöÇΓöÇΓöÇΓöÇΓöÇΓöÇΓöÇΓöÇΓöÇΓöÇΓöÇΓöÇΓöÇΓöÇΓöÇΓöÇΓöÇΓöÇΓöÇΓöÇΓöÇΓöÇΓöÇΓöÇΓöÇΓöÇΓöÇΓöÇΓöÇΓöÇΓöÇΓöÇΓöÇΓöÇΓöÇΓöÇΓöÇΓöÇ

    Error Context: test-results\polish-Polish-Keyboard-Nav-3715e-scape-closes-hamburger-menu-chromium-retry1\error-context.md

    Retry #2 ΓöÇΓöÇΓöÇΓöÇΓöÇΓöÇΓöÇΓöÇΓöÇΓöÇΓöÇΓöÇΓöÇΓöÇΓöÇΓöÇΓöÇΓöÇΓöÇΓöÇΓöÇΓöÇΓöÇΓöÇΓöÇΓöÇΓöÇΓöÇΓöÇΓöÇΓöÇΓöÇΓöÇΓöÇΓöÇΓöÇΓöÇΓöÇΓöÇΓöÇΓöÇΓöÇΓöÇΓöÇΓöÇΓöÇΓöÇΓöÇΓöÇΓöÇΓöÇΓöÇΓöÇΓöÇΓöÇΓöÇΓöÇΓöÇΓöÇΓöÇΓöÇΓöÇΓöÇΓöÇΓöÇΓöÇΓöÇΓöÇΓöÇΓöÇΓöÇΓöÇΓöÇΓöÇΓöÇΓöÇΓöÇΓöÇΓöÇΓöÇΓöÇΓöÇΓöÇΓöÇΓöÇΓöÇΓöÇ

    Error: page.goto: net::ERR_CONNECTION_REFUSED at http://localhost:3000/login
    Call log:
    [2m  - navigating to "http://localhost:3000/login", waiting until "load"[22m


      34 |   await svc.from('login_attempts').delete().eq('email', email.toLowerCase());
      35 |
    > 36 |   await page.goto('/login');
         |              ^
      37 |   await page.getByLabel('Email').fill(email);
      38 |   await page.getByLabel('Password').fill(SEED_PASSWORD);
      39 |   await page.getByRole('button', { name: 'Log in' }).click();
        at loginAs (C:\survey.js\supabase-helpdesk\tests\e2e\polish.spec.ts:36:14)
        at C:\survey.js\supabase-helpdesk\tests\e2e\polish.spec.ts:184:7

    attachment #1: screenshot (image/png) ΓöÇΓöÇΓöÇΓöÇΓöÇΓöÇΓöÇΓöÇΓöÇΓöÇΓöÇΓöÇΓöÇΓöÇΓöÇΓöÇΓöÇΓöÇΓöÇΓöÇΓöÇΓöÇΓöÇΓöÇΓöÇΓöÇΓöÇΓöÇΓöÇΓöÇΓöÇΓöÇΓöÇΓöÇΓöÇΓöÇΓöÇΓöÇΓöÇΓöÇΓöÇΓöÇΓöÇΓöÇΓöÇΓöÇΓöÇΓöÇΓöÇΓöÇΓöÇΓöÇΓöÇΓöÇΓöÇΓöÇΓöÇΓöÇ
    test-results\polish-Polish-Keyboard-Nav-3715e-scape-closes-hamburger-menu-chromium-retry2\test-failed-1.png
    ΓöÇΓöÇΓöÇΓöÇΓöÇΓöÇΓöÇΓöÇΓöÇΓöÇΓöÇΓöÇΓöÇΓöÇΓöÇΓöÇΓöÇΓöÇΓöÇΓöÇΓöÇΓöÇΓöÇΓöÇΓöÇΓöÇΓöÇΓöÇΓöÇΓöÇΓöÇΓöÇΓöÇΓöÇΓöÇΓöÇΓöÇΓöÇΓöÇΓöÇΓöÇΓöÇΓöÇΓöÇΓöÇΓöÇΓöÇΓöÇΓöÇΓöÇΓöÇΓöÇΓöÇΓöÇΓöÇΓöÇΓöÇΓöÇΓöÇΓöÇΓöÇΓöÇΓöÇΓöÇΓöÇΓöÇΓöÇΓöÇΓöÇΓöÇΓöÇΓöÇΓöÇΓöÇΓöÇΓöÇΓöÇΓöÇΓöÇΓöÇΓöÇΓöÇΓöÇΓöÇΓöÇΓöÇΓöÇΓöÇΓöÇΓöÇΓöÇΓöÇΓöÇΓöÇΓöÇΓöÇ

    Error Context: test-results\polish-Polish-Keyboard-Nav-3715e-scape-closes-hamburger-menu-chromium-retry2\error-context.md


[1A[2KΓùç injected env (0) from .env.test // tip: Γîÿ override existing { override: true }

[1A[2K[457/350] [chromium] ΓÇ║ tests\e2e\polish.spec.ts:220:9 ΓÇ║ Polish ΓÇ║ Content-Length Validation ΓÇ║ ticket body respects maxLength
[1A[2KΓùç injected env (0) from .env.test // tip: Γîÿ override existing { override: true }

[1A[2KΓùç injected env (0) from .env.test // tip: Γîÿ custom filepath { path: '/custom/path/.env' }

[1A[2K[458/350] [chromium] ΓÇ║ tests\e2e\polish.spec.ts:229:9 ΓÇ║ Polish ΓÇ║ Content-Length Validation ΓÇ║ display name respects maxLength
[1A[2K[459/350] [chromium] ΓÇ║ tests\e2e\posts-comments.spec.ts:79:7 ΓÇ║ Posts, Comments & Notes ΓÇ║ create test ticket for comment/note tests
[1A[2K  39) [chromium] ΓÇ║ tests\e2e\polish.spec.ts:210:9 ΓÇ║ Polish ΓÇ║ Content-Length Validation ΓÇ║ ticket title respects maxLength 

    Error: page.goto: net::ERR_CONNECTION_REFUSED at http://localhost:3000/login
    Call log:
    [2m  - navigating to "http://localhost:3000/login", waiting until "load"[22m


      34 |   await svc.from('login_attempts').delete().eq('email', email.toLowerCase());
      35 |
    > 36 |   await page.goto('/login');
         |              ^
      37 |   await page.getByLabel('Email').fill(email);
      38 |   await page.getByLabel('Password').fill(SEED_PASSWORD);
      39 |   await page.getByRole('button', { name: 'Log in' }).click();
        at loginAs (C:\survey.js\supabase-helpdesk\tests\e2e\polish.spec.ts:36:14)
        at C:\survey.js\supabase-helpdesk\tests\e2e\polish.spec.ts:211:7

    attachment #1: screenshot (image/png) ΓöÇΓöÇΓöÇΓöÇΓöÇΓöÇΓöÇΓöÇΓöÇΓöÇΓöÇΓöÇΓöÇΓöÇΓöÇΓöÇΓöÇΓöÇΓöÇΓöÇΓöÇΓöÇΓöÇΓöÇΓöÇΓöÇΓöÇΓöÇΓöÇΓöÇΓöÇΓöÇΓöÇΓöÇΓöÇΓöÇΓöÇΓöÇΓöÇΓöÇΓöÇΓöÇΓöÇΓöÇΓöÇΓöÇΓöÇΓöÇΓöÇΓöÇΓöÇΓöÇΓöÇΓöÇΓöÇΓöÇΓöÇΓöÇ
    test-results\polish-Polish-Content-Leng-1025b-et-title-respects-maxLength-chromium\test-failed-1.png
    ΓöÇΓöÇΓöÇΓöÇΓöÇΓöÇΓöÇΓöÇΓöÇΓöÇΓöÇΓöÇΓöÇΓöÇΓöÇΓöÇΓöÇΓöÇΓöÇΓöÇΓöÇΓöÇΓöÇΓöÇΓöÇΓöÇΓöÇΓöÇΓöÇΓöÇΓöÇΓöÇΓöÇΓöÇΓöÇΓöÇΓöÇΓöÇΓöÇΓöÇΓöÇΓöÇΓöÇΓöÇΓöÇΓöÇΓöÇΓöÇΓöÇΓöÇΓöÇΓöÇΓöÇΓöÇΓöÇΓöÇΓöÇΓöÇΓöÇΓöÇΓöÇΓöÇΓöÇΓöÇΓöÇΓöÇΓöÇΓöÇΓöÇΓöÇΓöÇΓöÇΓöÇΓöÇΓöÇΓöÇΓöÇΓöÇΓöÇΓöÇΓöÇΓöÇΓöÇΓöÇΓöÇΓöÇΓöÇΓöÇΓöÇΓöÇΓöÇΓöÇΓöÇΓöÇΓöÇΓöÇ

    Error Context: test-results\polish-Polish-Content-Leng-1025b-et-title-respects-maxLength-chromium\error-context.md

    Retry #1 ΓöÇΓöÇΓöÇΓöÇΓöÇΓöÇΓöÇΓöÇΓöÇΓöÇΓöÇΓöÇΓöÇΓöÇΓöÇΓöÇΓöÇΓöÇΓöÇΓöÇΓöÇΓöÇΓöÇΓöÇΓöÇΓöÇΓöÇΓöÇΓöÇΓöÇΓöÇΓöÇΓöÇΓöÇΓöÇΓöÇΓöÇΓöÇΓöÇΓöÇΓöÇΓöÇΓöÇΓöÇΓöÇΓöÇΓöÇΓöÇΓöÇΓöÇΓöÇΓöÇΓöÇΓöÇΓöÇΓöÇΓöÇΓöÇΓöÇΓöÇΓöÇΓöÇΓöÇΓöÇΓöÇΓöÇΓöÇΓöÇΓöÇΓöÇΓöÇΓöÇΓöÇΓöÇΓöÇΓöÇΓöÇΓöÇΓöÇΓöÇΓöÇΓöÇΓöÇΓöÇΓöÇΓöÇΓöÇ

    Error: page.goto: net::ERR_CONNECTION_REFUSED at http://localhost:3000/login
    Call log:
    [2m  - navigating to "http://localhost:3000/login", waiting until "load"[22m


      34 |   await svc.from('login_attempts').delete().eq('email', email.toLowerCase());
      35 |
    > 36 |   await page.goto('/login');
         |              ^
      37 |   await page.getByLabel('Email').fill(email);
      38 |   await page.getByLabel('Password').fill(SEED_PASSWORD);
      39 |   await page.getByRole('button', { name: 'Log in' }).click();
        at loginAs (C:\survey.js\supabase-helpdesk\tests\e2e\polish.spec.ts:36:14)
        at C:\survey.js\supabase-helpdesk\tests\e2e\polish.spec.ts:211:7

    attachment #1: screenshot (image/png) ΓöÇΓöÇΓöÇΓöÇΓöÇΓöÇΓöÇΓöÇΓöÇΓöÇΓöÇΓöÇΓöÇΓöÇΓöÇΓöÇΓöÇΓöÇΓöÇΓöÇΓöÇΓöÇΓöÇΓöÇΓöÇΓöÇΓöÇΓöÇΓöÇΓöÇΓöÇΓöÇΓöÇΓöÇΓöÇΓöÇΓöÇΓöÇΓöÇΓöÇΓöÇΓöÇΓöÇΓöÇΓöÇΓöÇΓöÇΓöÇΓöÇΓöÇΓöÇΓöÇΓöÇΓöÇΓöÇΓöÇΓöÇΓöÇ
    test-results\polish-Polish-Content-Leng-1025b-et-title-respects-maxLength-chromium-retry1\test-failed-1.png
    ΓöÇΓöÇΓöÇΓöÇΓöÇΓöÇΓöÇΓöÇΓöÇΓöÇΓöÇΓöÇΓöÇΓöÇΓöÇΓöÇΓöÇΓöÇΓöÇΓöÇΓöÇΓöÇΓöÇΓöÇΓöÇΓöÇΓöÇΓöÇΓöÇΓöÇΓöÇΓöÇΓöÇΓöÇΓöÇΓöÇΓöÇΓöÇΓöÇΓöÇΓöÇΓöÇΓöÇΓöÇΓöÇΓöÇΓöÇΓöÇΓöÇΓöÇΓöÇΓöÇΓöÇΓöÇΓöÇΓöÇΓöÇΓöÇΓöÇΓöÇΓöÇΓöÇΓöÇΓöÇΓöÇΓöÇΓöÇΓöÇΓöÇΓöÇΓöÇΓöÇΓöÇΓöÇΓöÇΓöÇΓöÇΓöÇΓöÇΓöÇΓöÇΓöÇΓöÇΓöÇΓöÇΓöÇΓöÇΓöÇΓöÇΓöÇΓöÇΓöÇΓöÇΓöÇΓöÇΓöÇ

    Error Context: test-results\polish-Polish-Content-Leng-1025b-et-title-respects-maxLength-chromium-retry1\error-context.md

    Retry #2 ΓöÇΓöÇΓöÇΓöÇΓöÇΓöÇΓöÇΓöÇΓöÇΓöÇΓöÇΓöÇΓöÇΓöÇΓöÇΓöÇΓöÇΓöÇΓöÇΓöÇΓöÇΓöÇΓöÇΓöÇΓöÇΓöÇΓöÇΓöÇΓöÇΓöÇΓöÇΓöÇΓöÇΓöÇΓöÇΓöÇΓöÇΓöÇΓöÇΓöÇΓöÇΓöÇΓöÇΓöÇΓöÇΓöÇΓöÇΓöÇΓöÇΓöÇΓöÇΓöÇΓöÇΓöÇΓöÇΓöÇΓöÇΓöÇΓöÇΓöÇΓöÇΓöÇΓöÇΓöÇΓöÇΓöÇΓöÇΓöÇΓöÇΓöÇΓöÇΓöÇΓöÇΓöÇΓöÇΓöÇΓöÇΓöÇΓöÇΓöÇΓöÇΓöÇΓöÇΓöÇΓöÇΓöÇΓöÇ

    Error: page.goto: net::ERR_CONNECTION_REFUSED at http://localhost:3000/login
    Call log:
    [2m  - navigating to "http://localhost:3000/login", waiting until "load"[22m


      34 |   await svc.from('login_attempts').delete().eq('email', email.toLowerCase());
      35 |
    > 36 |   await page.goto('/login');
         |              ^
      37 |   await page.getByLabel('Email').fill(email);
      38 |   await page.getByLabel('Password').fill(SEED_PASSWORD);
      39 |   await page.getByRole('button', { name: 'Log in' }).click();
        at loginAs (C:\survey.js\supabase-helpdesk\tests\e2e\polish.spec.ts:36:14)
        at C:\survey.js\supabase-helpdesk\tests\e2e\polish.spec.ts:211:7

    attachment #1: screenshot (image/png) ΓöÇΓöÇΓöÇΓöÇΓöÇΓöÇΓöÇΓöÇΓöÇΓöÇΓöÇΓöÇΓöÇΓöÇΓöÇΓöÇΓöÇΓöÇΓöÇΓöÇΓöÇΓöÇΓöÇΓöÇΓöÇΓöÇΓöÇΓöÇΓöÇΓöÇΓöÇΓöÇΓöÇΓöÇΓöÇΓöÇΓöÇΓöÇΓöÇΓöÇΓöÇΓöÇΓöÇΓöÇΓöÇΓöÇΓöÇΓöÇΓöÇΓöÇΓöÇΓöÇΓöÇΓöÇΓöÇΓöÇΓöÇΓöÇ
    test-results\polish-Polish-Content-Leng-1025b-et-title-respects-maxLength-chromium-retry2\test-failed-1.png
    ΓöÇΓöÇΓöÇΓöÇΓöÇΓöÇΓöÇΓöÇΓöÇΓöÇΓöÇΓöÇΓöÇΓöÇΓöÇΓöÇΓöÇΓöÇΓöÇΓöÇΓöÇΓöÇΓöÇΓöÇΓöÇΓöÇΓöÇΓöÇΓöÇΓöÇΓöÇΓöÇΓöÇΓöÇΓöÇΓöÇΓöÇΓöÇΓöÇΓöÇΓöÇΓöÇΓöÇΓöÇΓöÇΓöÇΓöÇΓöÇΓöÇΓöÇΓöÇΓöÇΓöÇΓöÇΓöÇΓöÇΓöÇΓöÇΓöÇΓöÇΓöÇΓöÇΓöÇΓöÇΓöÇΓöÇΓöÇΓöÇΓöÇΓöÇΓöÇΓöÇΓöÇΓöÇΓöÇΓöÇΓöÇΓöÇΓöÇΓöÇΓöÇΓöÇΓöÇΓöÇΓöÇΓöÇΓöÇΓöÇΓöÇΓöÇΓöÇΓöÇΓöÇΓöÇΓöÇΓöÇ

    Error Context: test-results\polish-Polish-Content-Leng-1025b-et-title-respects-maxLength-chromium-retry2\error-context.md


[1A[2KΓùç injected env (0) from .env.test // tip: Γîÿ custom filepath { path: '/custom/path/.env' }

[1A[2K[460/350] [chromium] ΓÇ║ tests\e2e\posts-comments.spec.ts:505:7 ΓÇ║ Collapsible Timeline ΓÇ║ ticket with many posts shows "Show older posts" link
[1A[2K[461/350] [chromium] ΓÇ║ tests\e2e\posts-comments.spec.ts:105:7 ΓÇ║ Posts, Comments & Notes ΓÇ║ Reply button opens compose form and submits reply
[1A[2K[462/350] [chromium] ΓÇ║ tests\e2e\posts-comments.spec.ts:125:7 ΓÇ║ Posts, Comments & Notes ΓÇ║ Reply form can be cancelled
[1A[2K[463/350] [chromium] ΓÇ║ tests\e2e\posts-comments.spec.ts:137:7 ΓÇ║ Posts, Comments & Notes ΓÇ║ Reply form auto-closes after successful submit
[1A[2K[464/350] [chromium] ΓÇ║ tests\e2e\posts-comments.spec.ts:155:7 ΓÇ║ Posts, Comments & Notes ΓÇ║ add a comment on a post ΓåÆ comment appears indented
[1A[2K[465/350] [chromium] ΓÇ║ tests\e2e\posts-comments.spec.ts:199:7 ΓÇ║ Posts, Comments & Notes ΓÇ║ comment has no Reply action
[1A[2K[466/350] [chromium] ΓÇ║ tests\e2e\posts-comments.spec.ts:215:7 ΓÇ║ Posts, Comments & Notes ΓÇ║ Comment form auto-closes after successful submit
[1A[2K[467/350] [chromium] ΓÇ║ tests\e2e\posts-comments.spec.ts:247:7 ΓÇ║ Posts, Comments & Notes ΓÇ║ agent can add an internal note ΓåÆ note visible to agent, not to regular user
[1A[2K[468/350] [chromium] ΓÇ║ tests\e2e\posts-comments.spec.ts:270:7 ΓÇ║ Posts, Comments & Notes ΓÇ║ note not visible to regular user
[1A[2K[469/350] [chromium] ΓÇ║ tests\e2e\posts-comments.spec.ts:278:7 ΓÇ║ Posts, Comments & Notes ΓÇ║ edit a post ΓåÆ "(edited)" indicator shows
[1A[2K[470/350] [chromium] ΓÇ║ tests\e2e\posts-comments.spec.ts:312:7 ΓÇ║ Posts, Comments & Notes ΓÇ║ ticket creator can edit the original post ΓåÆ "(edited)" indicator shows
[1A[2K[471/350] [chromium] ΓÇ║ tests\e2e\posts-comments.spec.ts:348:7 ΓÇ║ Posts, Comments & Notes ΓÇ║ agent can edit the original post
[1A[2K[472/350] [chromium] ΓÇ║ tests\e2e\posts-comments.spec.ts:383:7 ΓÇ║ Posts, Comments & Notes ΓÇ║ non-creator non-agent user cannot edit the original post
[1A[2K[473/350] [chromium] ΓÇ║ tests\e2e\posts-comments.spec.ts:407:7 ΓÇ║ Posts, Comments & Notes ΓÇ║ edit title ΓåÆ URL redirects to new slug
[1A[2K[474/350] [chromium] ΓÇ║ tests\e2e\posts-comments.spec.ts:427:7 ΓÇ║ Posts, Comments & Notes ΓÇ║ agent can create a draft post ΓåÆ shows with Draft badge
[1A[2K[475/350] [chromium] ΓÇ║ tests\e2e\posts-comments.spec.ts:441:7 ΓÇ║ Posts, Comments & Notes ΓÇ║ agent can make a post private ΓåÆ privacy badge shows
[1A[2K[476/350] [chromium] ΓÇ║ tests\e2e\posts-comments.spec.ts:453:7 ΓÇ║ Posts, Comments & Notes ΓÇ║ agent can delete a non-original post ΓåÆ post disappears
[1A[2K[477/350] [chromium] ΓÇ║ tests\e2e\posts-comments.spec.ts:480:7 ΓÇ║ Posts, Comments & Notes ΓÇ║ activity log entries display in Logs tab
[1A[2KΓùç injected env (0) from .env.test // tip: Γîÿ enable debugging { debug: true }

[1A[2KΓùç injected env (0) from .env.test // tip: Γîÿ custom filepath { path: '/custom/path/.env' }

[1A[2K[478/350] (retries) [chromium] ΓÇ║ tests\e2e\polish.spec.ts:229:9 ΓÇ║ Polish ΓÇ║ Content-Length Validation ΓÇ║ display name respects maxLength (retry #1)
[1A[2KΓùç injected env (0) from .env.test // tip: Γîÿ custom filepath { path: '/custom/path/.env' }

[1A[2K[479/350] (retries) [chromium] ΓÇ║ tests\e2e\polish.spec.ts:220:9 ΓÇ║ Polish ΓÇ║ Content-Length Validation ΓÇ║ ticket body respects maxLength (retry #1)
[1A[2K[480/350] (retries) [chromium] ΓÇ║ tests\e2e\posts-comments.spec.ts:79:7 ΓÇ║ Posts, Comments & Notes ΓÇ║ create test ticket for comment/note tests (retry #1)
[1A[2KΓùç injected env (0) from .env.test // tip: Γîÿ override existing { override: true }

[1A[2K[481/350] (retries) [chromium] ΓÇ║ tests\e2e\posts-comments.spec.ts:505:7 ΓÇ║ Collapsible Timeline ΓÇ║ ticket with many posts shows "Show older posts" link (retry #1)
[1A[2K[482/350] (retries) [chromium] ΓÇ║ tests\e2e\posts-comments.spec.ts:105:7 ΓÇ║ Posts, Comments & Notes ΓÇ║ Reply button opens compose form and submits reply (retry #1)
[1A[2K[483/350] (retries) [chromium] ΓÇ║ tests\e2e\posts-comments.spec.ts:125:7 ΓÇ║ Posts, Comments & Notes ΓÇ║ Reply form can be cancelled (retry #1)
[1A[2K[484/350] (retries) [chromium] ΓÇ║ tests\e2e\posts-comments.spec.ts:137:7 ΓÇ║ Posts, Comments & Notes ΓÇ║ Reply form auto-closes after successful submit (retry #1)
[1A[2K[485/350] (retries) [chromium] ΓÇ║ tests\e2e\posts-comments.spec.ts:155:7 ΓÇ║ Posts, Comments & Notes ΓÇ║ add a comment on a post ΓåÆ comment appears indented (retry #1)
[1A[2K[486/350] (retries) [chromium] ΓÇ║ tests\e2e\posts-comments.spec.ts:199:7 ΓÇ║ Posts, Comments & Notes ΓÇ║ comment has no Reply action (retry #1)
[1A[2K[487/350] (retries) [chromium] ΓÇ║ tests\e2e\posts-comments.spec.ts:215:7 ΓÇ║ Posts, Comments & Notes ΓÇ║ Comment form auto-closes after successful submit (retry #1)
[1A[2K[488/350] (retries) [chromium] ΓÇ║ tests\e2e\posts-comments.spec.ts:247:7 ΓÇ║ Posts, Comments & Notes ΓÇ║ agent can add an internal note ΓåÆ note visible to agent, not to regular user (retry #1)
[1A[2K[489/350] (retries) [chromium] ΓÇ║ tests\e2e\posts-comments.spec.ts:270:7 ΓÇ║ Posts, Comments & Notes ΓÇ║ note not visible to regular user (retry #1)
[1A[2K[490/350] (retries) [chromium] ΓÇ║ tests\e2e\posts-comments.spec.ts:278:7 ΓÇ║ Posts, Comments & Notes ΓÇ║ edit a post ΓåÆ "(edited)" indicator shows (retry #1)
[1A[2K[491/350] (retries) [chromium] ΓÇ║ tests\e2e\posts-comments.spec.ts:312:7 ΓÇ║ Posts, Comments & Notes ΓÇ║ ticket creator can edit the original post ΓåÆ "(edited)" indicator shows (retry #1)
[1A[2K[492/350] (retries) [chromium] ΓÇ║ tests\e2e\posts-comments.spec.ts:348:7 ΓÇ║ Posts, Comments & Notes ΓÇ║ agent can edit the original post (retry #1)
[1A[2K[493/350] (retries) [chromium] ΓÇ║ tests\e2e\posts-comments.spec.ts:383:7 ΓÇ║ Posts, Comments & Notes ΓÇ║ non-creator non-agent user cannot edit the original post (retry #1)
[1A[2K[494/350] (retries) [chromium] ΓÇ║ tests\e2e\posts-comments.spec.ts:407:7 ΓÇ║ Posts, Comments & Notes ΓÇ║ edit title ΓåÆ URL redirects to new slug (retry #1)
[1A[2K[495/350] (retries) [chromium] ΓÇ║ tests\e2e\posts-comments.spec.ts:427:7 ΓÇ║ Posts, Comments & Notes ΓÇ║ agent can create a draft post ΓåÆ shows with Draft badge (retry #1)
[1A[2K[496/350] (retries) [chromium] ΓÇ║ tests\e2e\posts-comments.spec.ts:441:7 ΓÇ║ Posts, Comments & Notes ΓÇ║ agent can make a post private ΓåÆ privacy badge shows (retry #1)
[1A[2K[497/350] (retries) [chromium] ΓÇ║ tests\e2e\posts-comments.spec.ts:453:7 ΓÇ║ Posts, Comments & Notes ΓÇ║ agent can delete a non-original post ΓåÆ post disappears (retry #1)
[1A[2K[498/350] (retries) [chromium] ΓÇ║ tests\e2e\posts-comments.spec.ts:480:7 ΓÇ║ Posts, Comments & Notes ΓÇ║ activity log entries display in Logs tab (retry #1)
